03-14 12:48:21.253 10524 10524 E AndroidRuntime: 	at android.app.servertransaction.TransactionExecutor.executeTransactionItems(TransactionExecutor.java:108)
03-14 12:48:21.253 10524 10524 E AndroidRuntime: 	at android.app.servertransaction.TransactionExecutor.execute(TransactionExecutor.java:85)
03-14 12:48:21.253 10524 10524 E AndroidRuntime: 	at android.app.ActivityThread$H.handleMessage(ActivityThread.java:3110)
03-14 12:48:21.253 10524 10524 E AndroidRuntime: 	at android.os.Handler.dispatchMessage(Handler.java:115)
03-14 12:48:21.253 10524 10524 E AndroidRuntime: 	at android.os.Looper.loopOnce(Looper.java:298)
03-14 12:48:21.253 10524 10524 E AndroidRuntime: 	at android.os.Looper.loop(Looper.java:408)
03-14 12:48:21.253 10524 10524 E AndroidRuntime: 	at android.app.ActivityThread.main(ActivityThread.java:9952)
03-14 12:48:21.253 10524 10524 E AndroidRuntime: 	at java.lang.reflect.Method.invoke(Native Method)
03-14 12:48:21.253 10524 10524 E AndroidRuntime: 	at com.android.internal.os.RuntimeInit$MethodAndArgsCaller.run(RuntimeInit.java:613)
03-14 12:48:21.253 10524 10524 E AndroidRuntime: 	at com.android.internal.os.ZygoteInit.main(ZygoteInit.java:1074)
03-14 12:48:21.253 10524 10524 E AndroidRuntime: Caused by: java.lang.ClassNotFoundException: Didn't find class "com.prodix.proconnect.MainActivity" on path: DexPathList[[zip file "/data/app/~~3b7S6WUkTM1MLY-_O0mDnA==/com.prodix.proconnect-Yb3IUV4nReyq4ksrSItxMQ==/base.apk"],nativeLibraryDirectories=[/data/app/~~3b7S6WUkTM1MLY-_O0mDnA==/com.prodix.proconnect-Yb3IUV4nReyq4ksrSItxMQ==/lib/arm64, /data/app/~~3b7S6WUkTM1MLY-_O0mDnA==/com.prodix.proconnect-Yb3IUV4nReyq4ksrSItxMQ==/base.apk!/lib/arm64-v8a, /system/lib64, /system_ext/lib64]]
03-14 12:48:21.253 10524 10524 E AndroidRuntime: 	at dalvik.system.BaseDexClassLoader.findClass(BaseDexClassLoader.java:259)
03-14 12:48:21.253 10524 10524 E AndroidRuntime: 	at java.lang.ClassLoader.loadClass(ClassLoader.java:642)
03-14 12:48:21.253 10524 10524 E AndroidRuntime: 	at java.lang.ClassLoader.loadClass(ClassLoader.java:578)
03-14 12:48:21.253 10524 10524 E AndroidRuntime: 	at android.app.AppComponentFactory.instantiateActivity(AppComponentFactory.java:95)
03-14 12:48:21.253 10524 10524 E AndroidRuntime: 	at androidx.core.app.CoreComponentFactory.instantiateActivity(SourceFile:1)
03-14 12:48:21.253 10524 10524 E AndroidRuntime: 	at android.app.Instrumentation.newActivity(Instrumentation.java:1463)
03-14 12:48:21.253 10524 10524 E AndroidRuntime: 	at android.app.ActivityThread.performLaunchActivity(ActivityThread.java:4494)
03-14 12:48:21.253 10524 10524 E AndroidRuntime: 	... 13 more
03-14 12:48:32.140 10927 10927 E AndroidRuntime: FATAL EXCEPTION: main
03-14 12:48:32.140 10927 10927 E AndroidRuntime: Process: com.prodix.proconnect, PID: 10927
03-14 12:48:32.140 10927 10927 E AndroidRuntime: java.lang.RuntimeException: Unable to instantiate activity ComponentInfo{com.prodix.proconnect/com.prodix.proconnect.MainActivity}: java.lang.ClassNotFoundException: Didn't find class "com.prodix.proconnect.MainActivity" on path: DexPathList[[zip file "/data/app/~~3b7S6WUkTM1MLY-_O0mDnA==/com.prodix.proconnect-Yb3IUV4nReyq4ksrSItxMQ==/base.apk"],nativeLibraryDirectories=[/data/app/~~3b7S6WUkTM1MLY-_O0mDnA==/com.prodix.proconnect-Yb3IUV4nReyq4ksrSItxMQ==/lib/arm64, /data/app/~~3b7S6WUkTM1MLY-_O0mDnA==/com.prodix.proconnect-Yb3IUV4nReyq4ksrSItxMQ==/base.apk!/lib/arm64-v8a, /system/lib64, /system_ext/lib64]]
03-14 12:48:32.140 10927 10927 E AndroidRuntime: 	at android.app.ActivityThread.performLaunchActivity(ActivityThread.java:4507)
03-14 12:48:32.140 10927 10927 E AndroidRuntime: 	at android.app.ActivityThread.handleLaunchActivity(ActivityThread.java:4821)
03-14 12:48:32.140 10927 10927 E AndroidRuntime: 	at android.app.servertransaction.LaunchActivityItem.execute(LaunchActivityItem.java:242)
03-14 12:48:32.140 10927 10927 E AndroidRuntime: 	at android.app.servertransaction.TransactionExecutor.executeNonLifecycleItem(TransactionExecutor.java:138)
03-14 12:48:32.140 10927 10927 E AndroidRuntime: 	at android.app.servertransaction.TransactionExecutor.executeTransactionItems(TransactionExecutor.java:108)
03-14 12:48:32.140 10927 10927 E AndroidRuntime: 	at android.app.servertransaction.TransactionExecutor.execute(TransactionExecutor.java:85)
03-14 12:48:32.140 10927 10927 E AndroidRuntime: 	at android.app.ActivityThread$H.handleMessage(ActivityThread.java:3110)
03-14 12:48:32.140 10927 10927 E AndroidRuntime: 	at android.os.Handler.dispatchMessage(Handler.java:115)
03-14 12:48:32.140 10927 10927 E AndroidRuntime: 	at android.os.Looper.loopOnce(Looper.java:298)
03-14 12:48:32.140 10927 10927 E AndroidRuntime: 	at android.os.Looper.loop(Looper.java:408)
03-14 12:48:32.140 10927 10927 E AndroidRuntime: 	at android.app.ActivityThread.main(ActivityThread.java:9952)
03-14 12:48:32.140 10927 10927 E AndroidRuntime: 	at java.lang.reflect.Method.invoke(Native Method)
03-14 12:48:32.140 10927 10927 E AndroidRuntime: 	at com.android.internal.os.RuntimeInit$MethodAndArgsCaller.run(RuntimeInit.java:613)
03-14 12:48:32.140 10927 10927 E AndroidRuntime: 	at com.android.internal.os.ZygoteInit.main(ZygoteInit.java:1074)
03-14 12:48:32.140 10927 10927 E AndroidRuntime: Caused by: java.lang.ClassNotFoundException: Didn't find class "com.prodix.proconnect.MainActivity" on path: DexPathList[[zip file "/data/app/~~3b7S6WUkTM1MLY-_O0mDnA==/com.prodix.proconnect-Yb3IUV4nReyq4ksrSItxMQ==/base.apk"],nativeLibraryDirectories=[/data/app/~~3b7S6WUkTM1MLY-_O0mDnA==/com.prodix.proconnect-Yb3IUV4nReyq4ksrSItxMQ==/lib/arm64, /data/app/~~3b7S6WUkTM1MLY-_O0mDnA==/com.prodix.proconnect-Yb3IUV4nReyq4ksrSItxMQ==/base.apk!/lib/arm64-v8a, /system/lib64, /system_ext/lib64]]
03-14 12:48:32.140 10927 10927 E AndroidRuntime: 	at dalvik.system.BaseDexClassLoader.findClass(BaseDexClassLoader.java:259)
03-14 12:48:32.140 10927 10927 E AndroidRuntime: 	at java.lang.ClassLoader.loadClass(ClassLoader.java:642)
03-14 12:48:32.140 10927 10927 E AndroidRuntime: 	at java.lang.ClassLoader.loadClass(ClassLoader.java:578)
03-14 12:48:32.140 10927 10927 E AndroidRuntime: 	at android.app.AppComponentFactory.instantiateActivity(AppComponentFactory.java:95)
03-14 12:48:32.140 10927 10927 E AndroidRuntime: 	at androidx.core.app.CoreComponentFactory.instantiateActivity(SourceFile:1)
03-14 12:48:32.140 10927 10927 E AndroidRuntime: 	at android.app.Instrumentation.newActivity(Instrumentation.java:1463)
03-14 12:48:32.140 10927 10927 E AndroidRuntime: 	at android.app.ActivityThread.performLaunchActivity(ActivityThread.java:4494)
03-14 12:48:32.140 10927 10927 E AndroidRuntime: 	... 13 more
03-14 12:48:35.941 11125 11125 E AndroidRuntime: FATAL EXCEPTION: main
03-14 12:48:35.941 11125 11125 E AndroidRuntime: Process: com.prodix.proconnect, PID: 11125
03-14 12:48:35.941 11125 11125 E AndroidRuntime: java.lang.RuntimeException: Unable to instantiate activity ComponentInfo{com.prodix.proconnect/com.prodix.proconnect.MainActivity}: java.lang.ClassNotFoundException: Didn't find class "com.prodix.proconnect.MainActivity" on path: DexPathList[[zip file "/data/app/~~3b7S6WUkTM1MLY-_O0mDnA==/com.prodix.proconnect-Yb3IUV4nReyq4ksrSItxMQ==/base.apk"],nativeLibraryDirectories=[/data/app/~~3b7S6WUkTM1MLY-_O0mDnA==/com.prodix.proconnect-Yb3IUV4nReyq4ksrSItxMQ==/lib/arm64, /data/app/~~3b7S6WUkTM1MLY-_O0mDnA==/com.prodix.proconnect-Yb3IUV4nReyq4ksrSItxMQ==/base.apk!/lib/arm64-v8a, /system/lib64, /system_ext/lib64]]
03-14 12:48:35.941 11125 11125 E AndroidRuntime: 	at android.app.ActivityThread.performLaunchActivity(ActivityThread.java:4507)
03-14 12:48:35.941 11125 11125 E AndroidRuntime: 	at android.app.ActivityThread.handleLaunchActivity(ActivityThread.java:4821)
03-14 12:48:35.941 11125 11125 E AndroidRuntime: 	at android.app.servertransaction.LaunchActivityItem.execute(LaunchActivityItem.java:242)
03-14 12:48:35.941 11125 11125 E AndroidRuntime: 	at android.app.servertransaction.TransactionExecutor.executeNonLifecycleItem(TransactionExecutor.java:138)
03-14 12:48:35.941 11125 11125 E AndroidRuntime: 	at android.app.servertransaction.TransactionExecutor.executeTransactionItems(TransactionExecutor.java:108)
03-14 12:48:35.941 11125 11125 E AndroidRuntime: 	at android.app.servertransaction.TransactionExecutor.execute(TransactionExecutor.java:85)
03-14 12:48:35.941 11125 11125 E AndroidRuntime: 	at android.app.ActivityThread$H.handleMessage(ActivityThread.java:3110)
03-14 12:48:35.941 11125 11125 E AndroidRuntime: 	at android.os.Handler.dispatchMessage(Handler.java:115)
03-14 12:48:35.941 11125 11125 E AndroidRuntime: 	at android.os.Looper.loopOnce(Looper.java:298)
03-14 12:48:35.941 11125 11125 E AndroidRuntime: 	at android.os.Looper.loop(Looper.java:408)
03-14 12:48:35.941 11125 11125 E AndroidRuntime: 	at android.app.ActivityThread.main(ActivityThread.java:9952)
03-14 12:48:35.941 11125 11125 E AndroidRuntime: 	at java.lang.reflect.Method.invoke(Native Method)
03-14 12:48:35.941 11125 11125 E AndroidRuntime: 	at com.android.internal.os.RuntimeInit$MethodAndArgsCaller.run(RuntimeInit.java:613)
03-14 12:48:35.941 11125 11125 E AndroidRuntime: 	at com.android.internal.os.ZygoteInit.main(ZygoteInit.java:1074)
03-14 12:48:35.941 11125 11125 E AndroidRuntime: Caused by: java.lang.ClassNotFoundException: Didn't find class "com.prodix.proconnect.MainActivity" on path: DexPathList[[zip file "/data/app/~~3b7S6WUkTM1MLY-_O0mDnA==/com.prodix.proconnect-Yb3IUV4nReyq4ksrSItxMQ==/base.apk"],nativeLibraryDirectories=[/data/app/~~3b7S6WUkTM1MLY-_O0mDnA==/com.prodix.proconnect-Yb3IUV4nReyq4ksrSItxMQ==/lib/arm64, /data/app/~~3b7S6WUkTM1MLY-_O0mDnA==/com.prodix.proconnect-Yb3IUV4nReyq4ksrSItxMQ==/base.apk!/lib/arm64-v8a, /system/lib64, /system_ext/lib64]]
03-14 12:48:35.941 11125 11125 E AndroidRuntime: 	at dalvik.system.BaseDexClassLoader.findClass(BaseDexClassLoader.java:259)
03-14 12:48:35.941 11125 11125 E AndroidRuntime: 	at java.lang.ClassLoader.loadClass(ClassLoader.java:642)
03-14 12:48:35.941 11125 11125 E AndroidRuntime: 	at java.lang.ClassLoader.loadClass(ClassLoader.java:578)
03-14 12:48:35.941 11125 11125 E AndroidRuntime: 	at android.app.AppComponentFactory.instantiateActivity(AppComponentFactory.java:95)
03-14 12:48:35.941 11125 11125 E AndroidRuntime: 	at androidx.core.app.CoreComponentFactory.instantiateActivity(SourceFile:1)
03-14 12:48:35.941 11125 11125 E AndroidRuntime: 	at android.app.Instrumentation.newActivity(Instrumentation.java:1463)
03-14 12:48:35.941 11125 11125 E AndroidRuntime: 	at android.app.ActivityThread.performLaunchActivity(ActivityThread.java:4494)
03-14 12:48:35.941 11125 11125 E AndroidRuntime: 	... 13 more
03-14 12:48:44.870 11295 11295 E AndroidRuntime: FATAL EXCEPTION: main
03-14 12:48:44.870 11295 11295 E AndroidRuntime: Process: com.prodix.proconnect, PID: 11295
03-14 12:48:44.870 11295 11295 E AndroidRuntime: java.lang.RuntimeException: Unable to instantiate activity ComponentInfo{com.prodix.proconnect/com.prodix.proconnect.MainActivity}: java.lang.ClassNotFoundException: Didn't find class "com.prodix.proconnect.MainActivity" on path: DexPathList[[zip file "/data/app/~~3b7S6WUkTM1MLY-_O0mDnA==/com.prodix.proconnect-Yb3IUV4nReyq4ksrSItxMQ==/base.apk"],nativeLibraryDirectories=[/data/app/~~3b7S6WUkTM1MLY-_O0mDnA==/com.prodix.proconnect-Yb3IUV4nReyq4ksrSItxMQ==/lib/arm64, /data/app/~~3b7S6WUkTM1MLY-_O0mDnA==/com.prodix.proconnect-Yb3IUV4nReyq4ksrSItxMQ==/base.apk!/lib/arm64-v8a, /system/lib64, /system_ext/lib64]]
03-14 12:48:44.870 11295 11295 E AndroidRuntime: 	at android.app.ActivityThread.performLaunchActivity(ActivityThread.java:4507)
03-14 12:48:44.870 11295 11295 E AndroidRuntime: 	at android.app.ActivityThread.handleLaunchActivity(ActivityThread.java:4821)
03-14 12:48:44.870 11295 11295 E AndroidRuntime: 	at android.app.servertransaction.LaunchActivityItem.execute(LaunchActivityItem.java:242)
03-14 12:48:44.870 11295 11295 E AndroidRuntime: 	at android.app.servertransaction.TransactionExecutor.executeNonLifecycleItem(TransactionExecutor.java:138)
03-14 12:48:44.870 11295 11295 E AndroidRuntime: 	at android.app.servertransaction.TransactionExecutor.executeTransactionItems(TransactionExecutor.java:108)
03-14 12:48:44.870 11295 11295 E AndroidRuntime: 	at android.app.servertransaction.TransactionExecutor.execute(TransactionExecutor.java:85)
03-14 12:48:44.870 11295 11295 E AndroidRuntime: 	at android.app.ActivityThread$H.handleMessage(ActivityThread.java:3110)
03-14 12:48:44.870 11295 11295 E AndroidRuntime: 	at android.os.Handler.dispatchMessage(Handler.java:115)
03-14 12:48:44.870 11295 11295 E AndroidRuntime: 	at android.os.Looper.loopOnce(Looper.java:298)
03-14 12:48:44.870 11295 11295 E AndroidRuntime: 	at android.os.Looper.loop(Looper.java:408)
03-14 12:48:44.870 11295 11295 E AndroidRuntime: 	at android.app.ActivityThread.main(ActivityThread.java:9952)
03-14 12:48:44.870 11295 11295 E AndroidRuntime: 	at java.lang.reflect.Method.invoke(Native Method)
03-14 12:48:44.870 11295 11295 E AndroidRuntime: 	at com.android.internal.os.RuntimeInit$MethodAndArgsCaller.run(RuntimeInit.java:613)
03-14 12:48:44.870 11295 11295 E AndroidRuntime: 	at com.android.internal.os.ZygoteInit.main(ZygoteInit.java:1074)
03-14 12:48:44.870 11295 11295 E AndroidRuntime: Caused by: java.lang.ClassNotFoundException: Didn't find class "com.prodix.proconnect.MainActivity" on path: DexPathList[[zip file "/data/app/~~3b7S6WUkTM1MLY-_O0mDnA==/com.prodix.proconnect-Yb3IUV4nReyq4ksrSItxMQ==/base.apk"],nativeLibraryDirectories=[/data/app/~~3b7S6WUkTM1MLY-_O0mDnA==/com.prodix.proconnect-Yb3IUV4nReyq4ksrSItxMQ==/lib/arm64, /data/app/~~3b7S6WUkTM1MLY-_O0mDnA==/com.prodix.proconnect-Yb3IUV4nReyq4ksrSItxMQ==/base.apk!/lib/arm64-v8a, /system/lib64, /system_ext/lib64]]
03-14 12:48:44.870 11295 11295 E AndroidRuntime: 	at dalvik.system.BaseDexClassLoader.findClass(BaseDexClassLoader.java:259)
03-14 12:48:44.870 11295 11295 E AndroidRuntime: 	at java.lang.ClassLoader.loadClass(ClassLoader.java:642)
03-14 12:48:44.870 11295 11295 E AndroidRuntime: 	at java.lang.ClassLoader.loadClass(ClassLoader.java:578)
03-14 12:48:44.870 11295 11295 E AndroidRuntime: 	at android.app.AppComponentFactory.instantiateActivity(AppComponentFactory.java:95)
03-14 12:48:44.870 11295 11295 E AndroidRuntime: 	at androidx.core.app.CoreComponentFactory.instantiateActivity(SourceFile:1)
03-14 12:48:44.870 11295 11295 E AndroidRuntime: 	at android.app.Instrumentation.newActivity(Instrumentation.java:1463)
03-14 12:48:44.870 11295 11295 E AndroidRuntime: 	at android.app.ActivityThread.performLaunchActivity(ActivityThread.java:4494)
03-14 12:48:44.870 11295 11295 E AndroidRuntime: 	... 13 more
03-14 12:54:39.348 20746 20746 E AndroidRuntime: FATAL EXCEPTION: main
03-14 12:54:39.348 20746 20746 E AndroidRuntime: Process: com.prodix.proconnect, PID: 20746
03-14 12:54:39.348 20746 20746 E AndroidRuntime: java.lang.RuntimeException: Unable to instantiate activity ComponentInfo{com.prodix.proconnect/com.prodix.proconnect.MainActivity}: java.lang.ClassNotFoundException: Didn't find class "com.prodix.proconnect.MainActivity" on path: DexPathList[[zip file "/data/app/~~3b7S6WUkTM1MLY-_O0mDnA==/com.prodix.proconnect-Yb3IUV4nReyq4ksrSItxMQ==/base.apk"],nativeLibraryDirectories=[/data/app/~~3b7S6WUkTM1MLY-_O0mDnA==/com.prodix.proconnect-Yb3IUV4nReyq4ksrSItxMQ==/lib/arm64, /data/app/~~3b7S6WUkTM1MLY-_O0mDnA==/com.prodix.proconnect-Yb3IUV4nReyq4ksrSItxMQ==/base.apk!/lib/arm64-v8a, /system/lib64, /system_ext/lib64]]
03-14 12:54:39.348 20746 20746 E AndroidRuntime: 	at android.app.ActivityThread.performLaunchActivity(ActivityThread.java:4507)
03-14 12:54:39.348 20746 20746 E AndroidRuntime: 	at android.app.ActivityThread.handleLaunchActivity(ActivityThread.java:4821)
03-14 12:54:39.348 20746 20746 E AndroidRuntime: 	at android.app.servertransaction.LaunchActivityItem.execute(LaunchActivityItem.java:242)
03-14 12:54:39.348 20746 20746 E AndroidRuntime: 	at android.app.servertransaction.TransactionExecutor.executeNonLifecycleItem(TransactionExecutor.java:138)
03-14 12:54:39.348 20746 20746 E AndroidRuntime: 	at android.app.servertransaction.TransactionExecutor.executeTransactionItems(TransactionExecutor.java:108)
03-14 12:54:39.348 20746 20746 E AndroidRuntime: 	at android.app.servertransaction.TransactionExecutor.execute(TransactionExecutor.java:85)
03-14 12:54:39.348 20746 20746 E AndroidRuntime: 	at android.app.ActivityThread$H.handleMessage(ActivityThread.java:3110)
03-14 12:54:39.348 20746 20746 E AndroidRuntime: 	at android.os.Handler.dispatchMessage(Handler.java:115)
03-14 12:54:39.348 20746 20746 E AndroidRuntime: 	at android.os.Looper.loopOnce(Looper.java:298)
03-14 12:54:39.348 20746 20746 E AndroidRuntime: 	at android.os.Looper.loop(Looper.java:408)
03-14 12:54:39.348 20746 20746 E AndroidRuntime: 	at android.app.ActivityThread.main(ActivityThread.java:9952)
03-14 12:54:39.348 20746 20746 E AndroidRuntime: 	at java.lang.reflect.Method.invoke(Native Method)
03-14 12:54:39.348 20746 20746 E AndroidRuntime: 	at com.android.internal.os.RuntimeInit$MethodAndArgsCaller.run(RuntimeInit.java:613)
03-14 12:54:39.348 20746 20746 E AndroidRuntime: 	at com.android.internal.os.ZygoteInit.main(ZygoteInit.java:1074)
03-14 12:54:39.348 20746 20746 E AndroidRuntime: Caused by: java.lang.ClassNotFoundException: Didn't find class "com.prodix.proconnect.MainActivity" on path: DexPathList[[zip file "/data/app/~~3b7S6WUkTM1MLY-_O0mDnA==/com.prodix.proconnect-Yb3IUV4nReyq4ksrSItxMQ==/base.apk"],nativeLibraryDirectories=[/data/app/~~3b7S6WUkTM1MLY-_O0mDnA==/com.prodix.proconnect-Yb3IUV4nReyq4ksrSItxMQ==/lib/arm64, /data/app/~~3b7S6WUkTM1MLY-_O0mDnA==/com.prodix.proconnect-Yb3IUV4nReyq4ksrSItxMQ==/base.apk!/lib/arm64-v8a, /system/lib64, /system_ext/lib64]]
03-14 12:54:39.348 20746 20746 E AndroidRuntime: 	at dalvik.system.BaseDexClassLoader.findClass(BaseDexClassLoader.java:259)
03-14 12:54:39.348 20746 20746 E AndroidRuntime: 	at java.lang.ClassLoader.loadClass(ClassLoader.java:642)
03-14 12:54:39.348 20746 20746 E AndroidRuntime: 	at java.lang.ClassLoader.loadClass(ClassLoader.java:578)
03-14 12:54:39.348 20746 20746 E AndroidRuntime: 	at android.app.AppComponentFactory.instantiateActivity(AppComponentFactory.java:95)
03-14 12:54:39.348 20746 20746 E AndroidRuntime: 	at androidx.core.app.CoreComponentFactory.instantiateActivity(SourceFile:1)
03-14 12:54:39.348 20746 20746 E AndroidRuntime: 	at android.app.Instrumentation.newActivity(Instrumentation.java:1463)
03-14 12:54:39.348 20746 20746 E AndroidRuntime: 	at android.app.ActivityThread.performLaunchActivity(ActivityThread.java:4494)
03-14 12:54:39.348 20746 20746 E AndroidRuntime: 	... 13 more
--------- beginning of system
03-14 12:55:25.914   719 21864 W keystore2: system/security/keystore2/watchdog/src/lib.rs:199 - ThreadId(11644) KeystoreDB::handle_next_superseded_blob delete v2 Started: 03-14 07:25:24.155 UTC Pending: 1.759486154s Overdue 1.259486539s
03-14 12:55:25.914   719 21864 W keystore2: system/security/keystore2/watchdog/src/lib.rs:211 - ### Keystore Watchdog report - END ###
03-14 12:55:26.109 22433 22498 W ContextImpl: Calling a method in the system process without a qualified user: android.app.ContextImpl.sendBroadcast:1281 android.content.ContextWrapper.sendBroadcast:516 com.heytap.msp.v2.base.MspBaseApplication.lambda$sendSubProcessStartBroadCast$1:4 com.heytap.msp.v2.base.MspBaseApplication.b:0 com.heytap.msp.v2.base.a.run:4 
03-14 12:55:26.110  2286  3767 I ActivityManager: Flag disabled. Ignoring finishAttachApplication from uid: 1000. pid: 22433
03-14 12:55:26.119   719 21864 W keystore2: system/security/keystore2/watchdog/src/lib.rs:143 - ### Keystore Watchdog report - BEGIN ###
03-14 12:55:26.119   719 21864 W keystore2: system/security/keystore2/watchdog/src/lib.rs:152 - When extracting from a bug report, please include this header and all 5 records below (to footer)
03-14 12:55:26.119   719 21864 W keystore2: system/security/keystore2/watchdog/src/lib.rs:199 - ThreadId(1) KeystoreDB::store_new_key Started: 03-14 07:25:23.774 UTC Pending: 2.345078384s Overdue 1.845078538s
03-14 12:55:26.119   719 21864 W keystore2: system/security/keystore2/watchdog/src/lib.rs:199 - ThreadId(11644) KeystoreDB::handle_next_superseded_blob Started: 03-14 07:25:24.128 UTC Pending: 1.991545s Overdue 1.491545846s
03-14 12:55:26.119   719 21864 W keystore2: system/security/keystore2/watchdog/src/lib.rs:199 - ThreadId(11644) TX_handle_next_superseded_blob Started: 03-14 07:25:24.129 UTC Pending: 1.990221924s Overdue 1.490222692s
03-14 12:55:26.119   719 21864 W keystore2: system/security/keystore2/watchdog/src/lib.rs:199 - ThreadId(11644) KeystoreDB::handle_next_superseded_blob load_metadata Started: 03-14 07:25:24.155 UTC Pending: 1.964672231s Overdue 1.464672847s
03-14 12:55:26.119   719 21864 W keystore2: system/security/keystore2/watchdog/src/lib.rs:199 - ThreadId(11644) KeystoreDB::handle_next_superseded_blob delete v2 Started: 03-14 07:25:24.155 UTC Pending: 1.964660231s Overdue 1.464660385s
03-14 12:55:26.119   719 21864 W keystore2: system/security/keystore2/watchdog/src/lib.rs:211 - ### Keystore Watchdog report - END ###
03-14 12:55:26.122  2286  2488 D ActivityManager: Skipping freeze for process 20822 com.android.settings.intelligence. Already frozen or not a real process
03-14 12:55:26.122  2286  2488 D ActivityManager: Skipping freeze for process 21189 com.google.android.projection.gearhead:car. Already frozen or not a real process
03-14 12:55:26.122  2286  2488 D ActivityManager: Skipping freeze for process 19958 com.google.android.gms.ui. Already frozen or not a real process
03-14 12:55:26.123  2286  2488 D ActivityManager: Skipping freeze for process 20511 com.coloros.alarmclock:clockWidget. Already frozen or not a real process
03-14 12:55:26.123  2286  2488 D ActivityManager: Skipping freeze for process 20386 com.oplus.sos. Already frozen or not a real process
03-14 12:55:26.123  2286  2488 D ActivityManager: Skipping freeze for process 20315 com.oplus.themestore. Already frozen or not a real process
03-14 12:55:26.123  2286  2488 D ActivityManager: Skipping freeze for process 20142 com.heytap.cloud. Already frozen or not a real process
03-14 12:55:26.123  2286  2488 D ActivityManager: Skipping freeze for process 20258 com.realme.smartdrive. Already frozen or not a real process
03-14 12:55:26.123  2286  2488 D ActivityManager: Skipping freeze for process 20167 com.oplus.rom. Already frozen or not a real process
03-14 12:55:26.123  2286  2488 D ActivityManager: Skipping freeze for process 20153 com.android.phone:satellite. Already frozen or not a real process
03-14 12:55:26.123  2286  2488 D ActivityManager: Skipping freeze for process 20105 com.coloros.operationManual. Already frozen or not a real process
03-14 12:55:26.123  2286  2488 D ActivityManager: Skipping freeze for process 20055 com.oplus.screenrecorder. Already frozen or not a real process
03-14 12:55:26.123  2286  2488 D ActivityManager: Skipping freeze for process 19930 com.google.android.projection.gearhead:shared. Already frozen or not a real process
03-14 12:55:26.124  2286  2488 D ActivityManager: Skipping freeze for process 19801 com.google.android.projection.gearhead:projection. Already frozen or not a real process
03-14 12:55:26.124  2286  2488 D ActivityManager: Skipping freeze for process 17935 com.google.android.googlequicksearchbox:search. Already frozen or not a real process
03-14 12:55:26.124  2286  2488 D ActivityManager: Skipping freeze for process 15665 com.google.android.adservices.api. Already frozen or not a real process
03-14 12:55:26.124  2286  2488 D ActivityManager: Skipping freeze for process 1663 com.oplus.romupdate. Already frozen or not a real process
03-14 12:55:26.126   719 21864 W keystore2: system/security/keystore2/watchdog/src/lib.rs:143 - ### Keystore Watchdog report - BEGIN ###
03-14 12:55:26.127   719 21864 W keystore2: system/security/keystore2/watchdog/src/lib.rs:152 - When extracting from a bug report, please include this header and all 5 records below (to footer)
03-14 12:55:26.127   719 21864 W keystore2: system/security/keystore2/watchdog/src/lib.rs:199 - ThreadId(1) KeystoreDB::store_new_key Started: 03-14 07:25:23.774 UTC Pending: 2.352325461s Overdue 1.852325615s
03-14 12:55:26.127   719 21864 W keystore2: system/security/keystore2/watchdog/src/lib.rs:199 - ThreadId(11644) KeystoreDB::handle_next_superseded_blob Started: 03-14 07:25:24.128 UTC Pending: 1.998793923s Overdue 1.498794769s
03-14 12:55:26.127   719 21864 W keystore2: system/security/keystore2/watchdog/src/lib.rs:199 - ThreadId(11644) TX_handle_next_superseded_blob Started: 03-14 07:25:24.129 UTC Pending: 1.997471462s Overdue 1.497472231s
03-14 12:55:26.127   719 21864 W keystore2: system/security/keystore2/watchdog/src/lib.rs:199 - ThreadId(11644) KeystoreDB::handle_next_superseded_blob load_metadata Started: 03-14 07:25:24.155 UTC Pending: 1.971921846s Overdue 1.471922693s
03-14 12:55:26.127   719 21864 W keystore2: system/security/keystore2/watchdog/src/lib.rs:199 - ThreadId(11644) KeystoreDB::handle_next_superseded_blob delete v2 Started: 03-14 07:25:24.155 UTC Pending: 1.971909769s Overdue 1.471909923s
03-14 12:55:26.127   719 21864 W keystore2: system/security/keystore2/watchdog/src/lib.rs:211 - ### Keystore Watchdog report - END ###
03-14 12:55:26.199  2286  2345 D CompatChangeReporter: Compat change id reported: 151861875; UID 10291; state: ENABLED
03-14 12:55:26.213  2286  2338 I ActivityManager: Start proc 22508:com.google.android.videos/u0a291 for broadcast {com.google.android.videos/com.google.android.libraries.social.peoplekit.thirdparty.viewcontrollers.ThirdPartyReceiver}
03-14 12:55:26.213  2286  2319 I ActivityManager: ProcessObserver broadcast disabled
03-14 12:55:26.242  2286  2762 E OplusDexOptimizeManager: Start app fature is off
03-14 12:55:26.242  2286  2762 E OplusDexOptimizeManager: Start app fature is off
03-14 12:55:26.242  2286  2762 E OplusDexOptimizeManager: Start app fature is off
03-14 12:55:26.242  2286  2762 E OplusDexOptimizeManager: Start app fature is off
03-14 12:55:26.242  2286  2762 E OplusDexOptimizeManager: Start app fature is off
03-14 12:55:26.242  2286  2762 E OplusDexOptimizeManager: Start app fature is off
03-14 12:55:26.242  2286  2762 E OplusDexOptimizeManager: Start app fature is off
03-14 12:55:26.243  2286  2762 E OplusDexOptimizeManager: Start app fature is off
03-14 12:55:26.243  2286  2762 D ActivityTaskManagerServiceExtImpl: preBindApplication record is null
03-14 12:55:26.250  2286  2762 E OplusDexOptimizeManager: Start app fature is off
03-14 12:55:26.265 22508 22508 V Configuration: Updating configuration, locales updated from [] to [en_IN]
03-14 12:55:26.323  2286  2944 E ThermalManagerService: No threshold found for shell_skin
03-14 12:55:26.324  2286  2944 E ThermalManagerService: No threshold found for shell_skin
03-14 12:55:26.360  2286  3767 W ActivityManager: Receiver with filter android.content.IntentFilter@1b1246e already registered for pid 22433, callerPackage is com.heytap.mcs
03-14 12:55:26.371  2286  3767 W ActivityManager: Receiver with filter android.content.IntentFilter@354ed88 already registered for pid 22349, callerPackage is com.heytap.mcs
03-14 12:55:26.392  2286  3465 W ActivityManager: Receiver with filter android.content.IntentFilter@3334e15 already registered for pid 22349, callerPackage is com.heytap.mcs
03-14 12:55:26.394  2286  3465 W ActivityManager: Receiver with filter android.content.IntentFilter@7e0d52a already registered for pid 22349, callerPackage is com.heytap.mcs
03-14 12:55:26.468 22349 22535 W ContextImpl: Calling a method in the system process without a qualified user: android.app.ContextImpl.bindService:2135 android.content.ContextWrapper.bindService:901 com.heytap.msp.ipc.client.BinderManager.getBinderSync:9 com.heytap.msp.ipc.client.CompatServiceClient.getBinder:3 com.heytap.msp.ipc.client.CompatServiceClient.callRemote:32 
03-14 12:55:26.475 21875 21875 I DisplayManager: Implicitly registering for refresh rate
03-14 12:55:26.587 22404 22404 I Quality : GetResourcesInfo:259742231,/data/app/~~KSlBc1zvKpU2YeJ1X8s86A==/com.nearme.instant.platform-ztEbwbUqVimk44hRJw49bg==/base.apk
03-14 12:55:26.599  2286  3592 W ActivityManager: Receiver with filter android.content.IntentFilter@3e068ef already registered for pid 22349, callerPackage is com.heytap.mcs
03-14 12:55:26.610 21875 22162 E ActivityThread: Failed to find provider info for intelligent_data_expositor
03-14 12:55:26.627  2286  2338 I ActivityManager: Start proc 22620:com.google.android.webview:sandboxed_process0:org.chromium.content.app.SandboxedProcessService0:0/u0i591 for  {com.coloros.phonemanager/org.chromium.content.app.SandboxedProcessService0:0}
03-14 12:55:26.629  2286  2319 I ActivityManager: ProcessObserver broadcast disabled
03-14 12:55:26.650  2286  2455 D ActivityTaskManagerServiceExtImpl: preBindApplication record is null
03-14 12:55:26.656  2286  2455 E OplusDexOptimizeManager: Start app fature is off
03-14 12:55:26.661 22404 22404 D ResourcesManagerExtImpl: applyConfigurationToAppResourcesLocked app.getDisplayId() return callback.displayId:-1
03-14 12:55:26.680  2286  2337 W ActivityManager: Stopping service due to app idle: u0a155 -58s988ms com.oplus.aiunit/.daemon.publisher.OPushPublisher$OPushDataMessageCallbackService
03-14 12:55:26.680  2286  2337 D CompatChangeReporter: Compat change id reported: 311208629; UID 10155; state: ENABLED
03-14 12:55:26.714 22433 22595 W ContextImpl: Calling a method in the system process without a qualified user: android.app.ContextImpl.bindService:2135 android.content.ContextWrapper.bindService:901 com.heytap.msp.ipc.client.BinderManager.getBinderSync:9 com.heytap.msp.ipc.client.CompatServiceClient.getBinder:3 com.heytap.msp.ipc.client.CompatServiceClient.callRemote:32 
03-14 12:55:26.731  2286  2455 W ActivityManager: Receiver with filter android.content.IntentFilter@1e57af5 already registered for pid 22349, callerPackage is com.heytap.mcs
03-14 12:55:26.763 22620 22620 V Configuration: Updating configuration, locales updated from [] to [en_IN]
03-14 12:55:26.795  2286  3660 W PackageManager: package com.google.android.apps.wellbeing uid 10104 pid 22021 call SetEnabledSetting(com.google.android.apps.wellbeing component = com.google.android.apps.wellbeing.focusmode.quicksettings.FocusModeTileService, 1, 0)
03-14 12:55:26.796  2286  3660 W PackageManager: package com.google.android.apps.wellbeing uid 10104 pid 22021 call SetEnabledSetting(com.google.android.apps.wellbeing component = com.google.android.apps.wellbeing.focusmode.ui.FocusModeSettingsActivity, 1, 0)
03-14 12:55:26.801 22620 22620 E OplusCustomizePackageManager: mIOplusCustomizePackageManagerService is null
03-14 12:55:26.802 22620 22620 E OplusCustomizePackageManager: mIOplusCustomizePackageManagerService is null
03-14 12:55:26.802 22620 22620 E OplusCustomizePackageManager: isOplusCertificatePackage Errorjava.lang.NullPointerException: Attempt to invoke interface method 'boolean android.os.customize.IOplusCustomizePackageManagerService.isOplusCertificatePackage(java.lang.String)' on a null object reference
03-14 12:55:26.812 22620 22620 D ResourcesManagerExtImpl: applyConfigurationToAppResourcesLocked app.getDisplayId() return callback.displayId:-1
03-14 12:55:26.818  2286  3660 I ActivityManager: Flag disabled. Ignoring finishAttachApplication from uid: 99591. pid: 22620
03-14 12:55:26.909  2286  3660 D ActivityManager: Async freezing 22620 com.google.android.webview:sandboxed_process0:org.chromium.content.app.SandboxedProcessService0:0
03-14 12:55:27.026 21875 22088 D ActivityThread: Loading provider com.coloros.phonemanager.IdleOptimizeProvider: com.oplus.phonemanager.idleoptimize.IdleOptimizeProvider
03-14 12:55:27.035  2286  2762 W ActivityManager: Receiver with filter android.content.IntentFilter@59b3a73 already registered for pid 22433, callerPackage is com.heytap.mcs
03-14 12:55:27.079  2286  2746 D FlexibleTaskController: checkAndSetCloneWindowIfNeed  task =Task{dcdb72e #1 type=home} activity=ActivityRecord{160451273 u0 com.android.launcher/.Launcher t2} windowingMode:1 activityType:2
03-14 12:55:27.091  2286  2762 D OplusUserManagerServiceEnhance: getMultiSystemUserId  res = -10000
03-14 12:55:27.100  2286  3381 D PackageInstallerSessionExtImpl: no pre: undesired name
03-14 12:55:27.105  2286  2746 D FlexibleTaskController: check task which not have enough child, isInSingleWhiteList:false isCloneTask:false
03-14 12:55:27.105  2286  2746 D FlexibleTaskController: finally set supportCloneWindow:false
03-14 12:55:27.107  2286  2762 D FlexibleTaskController: checkAndSetCloneWindowIfNeed  task =Task{dcdb72e #1 type=home} activity=ActivityRecord{160451273 u0 com.android.launcher/.Launcher t2} windowingMode:1 activityType:2
03-14 12:55:27.108  2286  2762 D FlexibleTaskController: check task which not have enough child, isInSingleWhiteList:false isCloneTask:false
03-14 12:55:27.108  2286  2762 D FlexibleTaskController: finally set supportCloneWindow:false
03-14 12:55:27.129  2286  2488 D ActivityManager: Freezer deadlock watchdog
03-14 12:55:27.254  2286  2746 E OplusDexOptimizeManager: Start app fature is off
03-14 12:55:27.271  2286  2783 W FileUtils: Failed to chmod(AtomicFile[/data/system_de/0/system/game-manager-service.xml]): android.system.ErrnoException: chmod failed: ENOENT (No such file or directory)
03-14 12:55:27.326  2286  2944 E ThermalManagerService: No threshold found for shell_skin
03-14 12:55:27.326  2286  2944 E ThermalManagerService: No threshold found for shell_skin
03-14 12:55:27.372  2286  3660 W PackageManager: package com.google.android.apps.docs uid 10290 pid 22335 call SetEnabledSetting(com.google.android.apps.docs component = androidx.compose.ui.tooling.PreviewActivity, 1, 0)
03-14 12:55:27.373  2286  2746 W PackageManager: package com.google.android.apps.docs uid 10290 pid 22335 call SetEnabledSetting(com.google.android.apps.docs component = com.google.android.apps.docs.common.openurl.GoogleOneDeeplinkActivityAlias, 1, 0)
03-14 12:55:27.375  2286  3660 W PackageManager: package com.google.android.apps.docs uid 10290 pid 22335 call SetEnabledSetting(com.google.android.apps.docs component = com.google.android.apps.docs.GlobalSearch, 1, 0)
03-14 12:55:27.375  2286  3660 W PackageManager: package com.google.android.apps.docs uid 10290 pid 22335 call SetEnabledSetting(com.google.android.apps.docs component = com.google.android.apps.docs.androidshortcuts.CreateDocumentScanShortcutActivity, 1, 0)
03-14 12:55:27.378  2286  3381 D OplusInstallAccelerateManager: startAccelerate()
03-14 12:55:27.378  2286  3381 D OplusInstallAccelerateManager: operateCpuBouncingIfNeeded()
03-14 12:55:27.378  2286  3381 D OplusInstallAccelerateManager: originatingPackageName = unknown
03-14 12:55:27.378  2286  3381 D OplusInstallAccelerateManager: initiatingPackageName = com.android.shell
03-14 12:55:27.378  2286  3381 D OplusInstallAccelerateManager: installerPackageName = unknown
03-14 12:55:27.379  2286  2746 W PackageManager: package com.google.android.apps.docs uid 10290 pid 22335 call SetEnabledSetting(com.google.android.apps.docs component = com.google.android.apps.docs.drive.clipboard.SendTextToClipboardActivity, 2, 0)
03-14 12:55:27.404  2286  3381 D OplusInstallAccelerateManager: disableCpuBouncing()
03-14 12:55:27.408  2286  2871 W PackageManager: package com.google.android.apps.docs uid 10290 pid 22335 call SetEnabledSetting(com.google.android.apps.docs component = com.google.android.apps.docs.androidshortcuts.CreateShortcutActivity, 1, 0)
03-14 12:55:27.411  2286  3660 W PackageManager: package com.google.android.apps.docs uid 10290 pid 22335 call SetEnabledSetting(com.google.android.apps.docs component = com.google.android.apps.docs.androidshortcuts.ScanToDriveActivity, 1, 0)
03-14 12:55:27.414  2286  3660 I ActivityManager: Flag disabled. Ignoring finishAttachApplication from uid: 10290. pid: 22335
03-14 12:55:27.414  2286  2746 W PackageManager: package com.google.android.apps.docs uid 10290 pid 22335 call SetEnabledSetting(com.google.android.apps.docs component = com.google.android.apps.docs.app.DocumentOpenerActivityProxy, 1, 0)
03-14 12:55:27.415  2286  2746 W PackageManager: package com.google.android.apps.docs uid 10290 pid 22335 call SetEnabledSetting(com.google.android.apps.docs component = com.google.android.apps.docs.app.GetContentActivity, 1, 0)
03-14 12:55:27.416  2286  2762 W PackageManager: package com.google.android.apps.docs uid 10290 pid 22335 call SetEnabledSetting(com.google.android.apps.docs component = com.google.android.apps.docs.app.OpenSafUrlActivity, 1, 0)
03-14 12:55:27.422  2286  3660 W PackageManager: package com.google.android.apps.docs uid 10290 pid 22335 call SetEnabledSetting(com.google.android.apps.docs component = com.google.android.apps.docs.app.PaymentsActivity, 1, 0)
03-14 12:55:27.422  2286  3660 W PackageManager: package com.google.android.apps.docs uid 10290 pid 22335 call SetEnabledSetting(com.google.android.apps.docs component = com.google.android.apps.docs.app.PickActivity, 1, 0)
03-14 12:55:27.425  2286  2455 W PackageManager: package com.google.android.apps.docs uid 10290 pid 22335 call SetEnabledSetting(com.google.android.apps.docs component = com.google.android.apps.docs.common.androidshortcuts.CreateDocumentScanShortcutActivity, 1, 0)
03-14 12:55:27.433  2286  2455 W PackageManager: package com.google.android.apps.docs uid 10290 pid 22335 call SetEnabledSetting(com.google.android.apps.docs component = com.google.android.apps.docs.common.androidshortcuts.CreateShortcutActivity, 1, 0)
03-14 12:55:27.436  2286  2455 W PackageManager: package com.google.android.apps.docs uid 10290 pid 22335 call SetEnabledSetting(com.google.android.apps.docs component = com.google.android.apps.docs.common.androidshortcuts.ScanToDriveActivity, 1, 0)
03-14 12:55:27.439  2286  2455 W PackageManager: package com.google.android.apps.docs uid 10290 pid 22335 call SetEnabledSetting(com.google.android.apps.docs component = com.google.android.apps.docs.common.devtools.DeveloperToolsService, 1, 0)
03-14 12:55:27.440  2286  2455 W PackageManager: package com.google.android.apps.docs uid 10290 pid 22335 call SetEnabledSetting(com.google.android.apps.docs component = com.google.android.apps.docs.common.entry.pick.PickEntryActivity, 1, 0)
03-14 12:55:27.441  2286  2455 W PackageManager: package com.google.android.apps.docs uid 10290 pid 22335 call SetEnabledSetting(com.google.android.apps.docs component = com.google.android.apps.docs.common.help.HelpMenuTrampolineActivity, 1, 0)
03-14 12:55:27.441  2286  2455 W PackageManager: package com.google.android.apps.docs uid 10290 pid 22335 call SetEnabledSetting(com.google.android.apps.docs component = com.google.android.apps.docs.common.openurl.DriveOpenUrlActivityAlias, 1, 0)
03-14 12:55:27.442  2286  2455 W PackageManager: package com.google.android.apps.docs uid 10290 pid 22335 call SetEnabledSetting(com.google.android.apps.docs component = com.google.android.apps.docs.common.openurl.KixOpenUrlActivityAlias, 1, 0)
03-14 12:55:27.443  2286  2746 W PackageManager: package com.google.android.apps.docs uid 10290 pid 22335 call SetEnabledSetting(com.google.android.apps.docs component = com.google.android.apps.docs.common.openurl.OpenUrlActivity, 1, 0)
03-14 12:55:27.443  2286  2762 W PackageManager: package com.google.android.apps.docs uid 10290 pid 22335 call SetEnabledSetting(com.google.android.apps.docs component = com.google.android.apps.docs.common.openurl.PunchOpenUrlActivityAlias, 1, 0)
03-14 12:55:27.444  2286  2762 W PackageManager: package com.google.android.apps.docs uid 10290 pid 22335 call SetEnabledSetting(com.google.android.apps.docs component = com.google.android.apps.docs.common.openurl.TrixOpenUrlActivityAlias, 1, 0)
03-14 12:55:27.444  2286  2762 W PackageManager: package com.google.android.apps.docs uid 10290 pid 22335 call SetEnabledSetting(com.google.android.apps.docs component = com.google.android.apps.docs.common.preferences.activity.PreferencesActivity, 1, 0)
03-14 12:55:27.445  2286  2762 W PackageManager: package com.google.android.apps.docs uid 10290 pid 22335 call SetEnabledSetting(com.google.android.apps.docs component = com.google.android.apps.docs.common.shareitem.UploadMenuActivity, 1, 0)
03-14 12:55:27.446  2286  2762 W PackageManager: package com.google.android.apps.docs uid 10290 pid 22335 call SetEnabledSetting(com.google.android.apps.docs component = com.google.android.apps.docs.common.storagebackend.LegacyStorageBackendContentProvider, 1, 0)
03-14 12:55:27.447  2286  2762 W PackageManager: package com.google.android.apps.docs uid 10290 pid 22335 call SetEnabledSetting(com.google.android.apps.docs component = com.google.android.apps.docs.common.sync.filemanager.FileProvider, 1, 0)
03-14 12:55:27.447  2286  2762 W PackageManager: package com.google.android.apps.docs uid 10290 pid 22335 call SetEnabledSetting(com.google.android.apps.docs component = com.google.android.apps.docs.common.testing.TestAppCompatActivity, 1, 0)
03-14 12:55:27.448  2286  2762 W PackageManager: package com.google.android.apps.docs uid 10290 pid 22335 call SetEnabledSetting(com.google.android.apps.docs component = com.google.android.apps.docs.doclist.documentopener.DocumentOpenerActivity, 1, 0)
03-14 12:55:27.448  2286  2762 W PackageManager: package com.google.android.apps.docs uid 10290 pid 22335 call SetEnabledSetting(com.google.android.apps.docs component = com.google.android.apps.docs.doclist.documentopener.DocumentOpenerActivityDelegate, 1, 0)
03-14 12:55:27.449  2286  2762 W PackageManager: package com.google.android.apps.docs uid 10290 pid 22335 call SetEnabledSetting(com.google.android.apps.docs component = com.google.android.apps.docs.doclist.statesyncer.CrossAppStateProvider, 1, 0)
03-14 12:55:27.450  2286  2762 W PackageManager: package com.google.android.apps.docs uid 10290 pid 22335 call SetEnabledSetting(com.google.android.apps.docs component = com.google.android.apps.docs.drive.capture.DocScannerExportedActivity, 1, 0)
03-14 12:55:27.451  2286  2455 W PackageManager: package com.google.android.apps.docs uid 10290 pid 22335 call SetEnabledSetting(com.google.android.apps.docs component = com.google.android.apps.docs.drive.filepicker.GetMetadataActivity, 1, 0)
03-14 12:55:27.451  2286  2455 W PackageManager: package com.google.android.apps.docs uid 10290 pid 22335 call SetEnabledSetting(com.google.android.apps.docs component = com.google.android.apps.docs.drive.openurl.OpenUrlActivity, 1, 0)
03-14 12:55:27.452  2286  2455 W PackageManager: package com.google.android.apps.docs uid 10290 pid 22335 call SetEnabledSetting(com.google.android.apps.docs component = com.google.android.apps.docs.drive.widget.CakemixAppWidgetProvider, 1, 0)
03-14 12:55:27.455  2286  2746 W PackageManager: package com.google.android.apps.docs uid 10290 pid 22335 call SetEnabledSetting(com.google.android.apps.docs component = com.google.android.apps.docs.drive.widget.WidgetConfigureActivity, 1, 0)
03-14 12:55:27.455  2286  2746 W PackageManager: package com.google.android.apps.docs uid 10290 pid 22335 call SetEnabledSetting(com.google.android.apps.docs component = com.google.android.apps.docs.drive.widget.suggestion.SuggestionAppWidgetProvider, 1, 0)
03-14 12:55:27.457  2286  2746 W PackageManager: package com.google.android.apps.docs uid 10290 pid 22335 call SetEnabledSetting(com.google.android.apps.docs component = com.google.android.apps.docs.shortcut.ScanToDriveActivity, 1, 0)
03-14 12:55:27.458  2286  2746 W PackageManager: package com.google.android.apps.docs uid 10290 pid 22335 call SetEnabledSetting(com.google.android.apps.docs component = com.google.android.apps.viewer.PdfViewerActivity, 1, 0)
03-14 12:55:27.458  2286  2746 W PackageManager: package com.google.android.apps.docs uid 10290 pid 22335 call SetEnabledSetting(com.google.android.apps.docs component = com.google.android.apps.viewer.ProjectorActivity, 1, 0)
03-14 12:55:27.459  2286  3592 W PackageManager: package com.google.android.apps.docs uid 10290 pid 22335 call SetEnabledSetting(com.google.android.apps.docs component = com.google.android.apps.viewer.client.ProjectorClientService, 1, 0)
03-14 12:55:27.460  2286  2746 W PackageManager: package com.google.android.apps.docs uid 10290 pid 22335 call SetEnabledSetting(com.google.android.apps.docs component = com.google.android.apps.viewer.viewer.pdf.ink.InkActivity, 1, 0)
03-14 12:55:27.460  2286  3592 W PackageManager: package com.google.android.apps.docs uid 10290 pid 22335 call SetEnabledSetting(com.google.android.apps.docs component = com.google.android.libraries.social.licenses.LicenseMenuActivity, 1, 0)
03-14 12:55:27.461  2286  2746 W PackageManager: package com.google.android.apps.docs uid 10290 pid 22335 call SetEnabledSetting(com.google.android.apps.docs component = net.openid.appauth.RedirectUriReceiverActivity, 1, 0)
03-14 12:55:27.462  2286  2746 E OplusDexOptimizeManager: Start app fature is off
03-14 12:55:27.462  2286  3592 W PackageManager: package com.google.android.apps.docs uid 10290 pid 22335 call SetEnabledSetting(com.google.android.apps.docs component = com.google.android.apps.docs.drive.androiddesktop.DesktopOpenDocsSafUriActivity, 2, 0)
03-14 12:55:27.463  2286  3592 W PackageManager: package com.google.android.apps.docs uid 10290 pid 22335 call SetEnabledSetting(com.google.android.apps.docs component = com.google.android.apps.docs.drive.androiddesktop.DesktopOpenSafUriActivity, 2, 0)
03-14 12:55:27.463  2286  2746 W PackageManager: package com.google.android.apps.docs uid 10290 pid 22335 call SetEnabledSetting(com.google.android.apps.docs component = com.google.android.apps.docs.drive.androiddesktop.DesktopOpenSheetsSafUriActivity, 2, 0)
03-14 12:55:27.464  2286  2746 W PackageManager: package com.google.android.apps.docs uid 10290 pid 22335 call SetEnabledSetting(com.google.android.apps.docs component = com.google.android.apps.docs.drive.androiddesktop.DesktopOpenSlidesSafUriActivity, 2, 0)
03-14 12:55:27.464  2286  2746 W PackageManager: package com.google.android.apps.docs uid 10290 pid 22335 call SetEnabledSetting(com.google.android.apps.docs component = com.google.android.apps.docs.drive.twa.ApplicationPreferencesAlias, 2, 0)
03-14 12:55:27.465  2286  2746 W PackageManager: package com.google.android.apps.docs uid 10290 pid 22335 call SetEnabledSetting(com.google.android.apps.docs component = com.google.androidbrowserhelper.trusted.DelegationService, 2, 0)
03-14 12:55:27.466  2286  2746 W PackageManager: package com.google.android.apps.docs uid 10290 pid 22335 call SetEnabledSetting(com.google.android.apps.docs component = com.google.androidbrowserhelper.trusted.LauncherActivityAlias, 2, 0)
03-14 12:55:27.478  2286  2455 E OplusDexOptimizeManager: Start app fature is off
03-14 12:55:27.479  2286  3592 W PackageManager: package com.google.android.apps.docs uid 10290 pid 22335 call SetEnabledSetting(com.google.android.apps.docs component = com.google.android.apps.docs.app.NewMainProxyActivity, 1, 0)
03-14 12:55:27.481  2286  2455 W PackageManager: package com.google.android.apps.docs uid 10290 pid 22335 call SetEnabledSetting(com.google.android.apps.docs component = com.google.android.apps.docs.app.DesktopMainProxyActivity, 2, 0)
03-14 12:55:27.483  2286  2455 W PackageManager: package com.google.android.apps.docs uid 10290 pid 22335 call SetEnabledSetting(com.google.android.apps.docs component = com.google.android.apps.docs.common.sync.syncadapter.DocsSyncAdapterService, 0, 0)
03-14 12:55:27.485  2286  2455 W PackageManager: package com.google.android.apps.docs uid 10290 pid 22335 call SetEnabledSetting(com.google.android.apps.docs component = com.google.android.apps.docs.common.storagebackend.LegacyStorageBackendContentProvider, 0, 0)
03-14 12:55:27.489  2286  2455 W PackageManager: package com.google.android.apps.docs uid 10290 pid 22335 call SetEnabledSetting(com.google.android.apps.docs component = com.google.android.apps.docs.common.storagebackend.StorageBackendContentProvider, 0, 0)
03-14 12:55:27.490  2286  2871 W PackageManager: package com.google.android.apps.docs uid 10290 pid 22335 call SetEnabledSetting(com.google.android.apps.docs component = com.google.android.apps.docs.common.shareitem.UploadMenuActivity, 0, 0)
03-14 12:55:27.493  2286  3592 W PackageManager: package com.google.android.apps.docs uid 10290 pid 22335 call SetEnabledSetting(com.google.android.apps.docs component = com.google.android.apps.viewer.PdfViewerActivity, 0, 0)
03-14 12:55:27.495   719 21209 I keystore2: system/security/keystore2/watchdog/src/lib.rs:230 - Watchdog complete for: ThreadId(11644) KeystoreDB::handle_next_superseded_blob delete v2 Started: 03-14 07:25:24.155 UTC Pending: 3.339832308s Overdue 2.839832616s
03-14 12:55:27.495   719 21209 I keystore2: system/security/keystore2/watchdog/src/lib.rs:230 - Watchdog complete for: ThreadId(11644) KeystoreDB::handle_next_superseded_blob load_metadata Started: 03-14 07:25:24.155 UTC Pending: 3.339951692s Overdue 2.839952308s
03-14 12:55:27.495   719 21209 I keystore2: system/security/keystore2/watchdog/src/lib.rs:230 - Watchdog complete for: ThreadId(11644) TX_handle_next_superseded_blob Started: 03-14 07:25:24.129 UTC Pending: 3.365530155s Overdue 2.865530769s
03-14 12:55:27.497  2286  3465 W PackageManager: package com.google.android.apps.docs uid 10290 pid 22335 call SetEnabledSetting(com.google.android.apps.docs component = com.google.android.apps.viewer.ProjectorActivity, 0, 0)
03-14 12:55:27.499  2286  3465 W PackageManager: package com.google.android.apps.docs uid 10290 pid 22335 call SetEnabledSetting(com.google.android.apps.docs component = com.google.android.apps.docs.drive.filepicker.GetMetadataActivity, 0, 0)
