03-14 12:55:39.079  2286  2678 D ShortcutService: received package broadcast intent: Intent { act=android.intent.action.PACKAGE_ADDED dat=package: flg=0x4000010 (has extras) }
03-14 12:55:39.079  2286  2678 D ShortcutService: adding package: com.prodix.proconnect userId=0
03-14 12:55:39.099  2286  2345 D ActivityManager: Cancel freezing 22620 com.google.android.webview:sandboxed_process0:org.chromium.content.app.SandboxedProcessService0:0
03-14 12:55:39.099  2286  2345 D ActivityManager: Async freezing 22620 com.google.android.webview:sandboxed_process0:org.chromium.content.app.SandboxedProcessService0:0
03-14 12:55:39.100  2286  2345 D ActivityManager: Cancel freezing 21875 com.coloros.phonemanager
03-14 12:55:39.101  2286  2345 D ActivityManager: Async freezing 21875 com.coloros.phonemanager
03-14 12:55:39.101  2286  2345 D ActivityManager: Cancel freezing 22620 com.google.android.webview:sandboxed_process0:org.chromium.content.app.SandboxedProcessService0:0
03-14 12:55:39.101  2286  2345 D ActivityManager: Async freezing 22620 com.google.android.webview:sandboxed_process0:org.chromium.content.app.SandboxedProcessService0:0
03-14 12:55:39.102  2286  2345 D ActivityManager: Cancel freezing 21875 com.coloros.phonemanager
03-14 12:55:39.102  2286  2345 D ActivityManager: Async freezing 21875 com.coloros.phonemanager
03-14 12:55:39.105  2286  2345 E OplusDexOptimizeManager: Start app fature is off
03-14 12:55:39.109  2286  2345 D ActivityManager: Cancel freezing 21875 com.coloros.phonemanager
03-14 12:55:39.110  2286  2345 D ActivityManager: Cancel freezing 22620 com.google.android.webview:sandboxed_process0:org.chromium.content.app.SandboxedProcessService0:0
03-14 12:55:39.111  2286  2345 D ActivityManager: Cancel freezing 22784 com.oplus.romupdate
03-14 12:55:39.119  2286  2345 E OplusDexOptimizeManager: Start app fature is off
03-14 12:55:39.120  2286  2286 D OplusCustomizeService: pkgName = com.prodix.proconnect
03-14 12:55:39.120  2286  2286 D OplusCustomizeService: Add packages name is :com.prodix.proconnect;dir:/data/app/~~-gL27UMCICJrhq12k9TpNQ==/com.prodix.proconnect-Yfn7Bwpl7d7i3l3NRIANiQ==/base.apk
03-14 12:55:39.123  2286  2345 E OplusDexOptimizeManager: Start app fature is off
03-14 12:55:39.207  2286  2338 W ActivityManager: Slow operation: 87ms so far, now at startProcess: done updating battery stats
03-14 12:55:39.208  2286  2338 W ActivityManager: Slow operation: 87ms so far, now at startProcess: building log message
03-14 12:55:39.208  2286  2338 I ActivityManager: Start proc 23418:com.oplus.securitypermission/1000 for broadcast {com.oplus.securitypermission/com.oplusos.securitypermission.permission.OplusPermissionReceiver}
03-14 12:55:39.208  2286  2338 W ActivityManager: Slow operation: 87ms so far, now at startProcess: starting to update pids map
03-14 12:55:39.208  2286  2338 W ActivityManager: Slow operation: 88ms so far, now at startProcess: done updating pids map
03-14 12:55:39.210  2286  2319 I ActivityManager: ProcessObserver broadcast disabled
03-14 12:55:39.225  2286  2286 D MBrainLocalService: isVendorFreezeConditionPass is false
03-14 12:55:39.226  2286  2286 E AppStateIntentReceiver: notifyChange failed
03-14 12:55:39.229  2286  2375 D DpcExtImpl[display=0]: mIsOplusTest = false
03-14 12:55:39.233  2286  2775 D ActivityManager: Cancel freezing 11445 com.google.android.permissioncontroller
03-14 12:55:39.233  2286  2775 D ActivityManager: pid 11445 com.google.android.permissioncontroller received async transactions while frozen
03-14 12:55:39.235  2286  2775 D ActivityManager: sync unfroze 11445 com.google.android.permissioncontroller for 6
03-14 12:55:39.237  2286  2321 W LoadedApk: System took : 152ms in onReceive of class com.android.server.input.KeyboardLayoutManager$1 for action : android.intent.action.PACKAGE_ADDED
03-14 12:55:39.237  2286  2775 E OplusDexOptimizeManager: Start app fature is off
03-14 12:55:39.246  2286  2488 D ActivityManager: reportOneUidFrozenStateChanged uid 10281 frozen = false
03-14 12:55:39.247  2286  2286 D MultiApp-DataService: handlePackageChange: android.intent.action.PACKAGE_ADDED for: com.prodix.proconnect
03-14 12:55:39.262  2286  2375 D OplusDisplayBrightnessBroadcastReceiver: onReceive action = android.intent.action.PACKAGE_ADDED , listeners = [com.android.server.display.OplusDisplayPowerControllerExtImpl$OplusDpcExtBroadcastReceiver@76ffb07, com.android.server.display.feature.postprocess.OplusFeatureBrightnessBarController$BrightnessBarBroadcastReceiver@7943434]
03-14 12:55:39.285  2286  2684 W LoadedApk: System took : 202ms in onReceive of class com.android.server.stats.StatsCompanionService$AppUpdateReceiver for action : android.intent.action.PACKAGE_ADDED
03-14 12:55:39.319  2286  3381 W ActivityManager: Slow operation: 76ms so far, now at startProcess: done creating new process record
03-14 12:55:39.319  2286  3381 W ActivityManager: Slow operation: 76ms so far, now at startProcess: stepping in to startProcess
03-14 12:55:39.320  2286  2868 W LoadedApk: System took : 238ms in onReceive of class com.android.server.oplus.osense.resource.ResourceCallback$AppStatusReceiver for action : android.intent.action.PACKAGE_ADDED
03-14 12:55:39.322  2286  2318 W ActivityTaskManager: updateAssetConfigurationForSwitchUser assetSeq = 10; updateFrameworkRes = false; fromSwitchUser = false; mMaterialColor = 85899345920;
03-14 12:55:39.322  2286  2318 W ActivityTaskManager:  callers:com.android.server.am.ProcessList.updateApplicationInfoLOSP:5608 com.android.server.am.ActivityManagerService.updateApplicationInfoLOSP:20091 com.android.server.am.ActivityManagerService.scheduleApplicationInfoChanged:20058 com.android.server.om.OverlayManagerService.updateActivityManager:1646 com.android.server.om.OverlayManagerService.lambda$updateTargetPackagesLocked$3:1569 com.android.server.om.OverlayManagerService.$r8$lambda$-loJgVeyalyOvPByrzH6Bt5zYww:0 com.android.server.om.OverlayManagerService$$ExternalSyntheticLambda3.run:0 android.os.Handler.handleCallback:1027 android.os.Handler.dispatchMessage:108 android.os.Looper.loopOnce:298 android.os.Looper.loop:408 android.os.HandlerThread.run:85 com.android.server.ServiceThread.run:49 <bottom of call stack> <bottom of call stack> <bottom of call stack> <bottom of call stack> <bottom of call stack> <bottom of call stack> <bottom of call stack> <bottom of call stack> <bottom of call stack> <bottom of call stack> <bottom of call stack> <bottom of call stack> <bottom of call stack> <bottom of call stack> <bottom of call stack> <bottom of call stack> <bottom of call stack> <bottom of call stack> <bottom of call stack> <bottom of call stack> <bottom of call stack> <bottom of call stack> <bottom of call stack> <bottom of call stack> <bottom of call stack> <bottom of call stack> <bottom of call stack> <bottom of call stack> <bottom of call stack> <bottom of call stack> <bottom of call stack> <bottom of call stack> <bottom of call stack> <bottom of call stack> <bottom of call stack> <bottom of call stack> <bottom of call stack> 
03-14 12:55:39.323  2286  3381 W ActivityManager: Slow operation: 80ms so far, now at startProcess: done starting proc!
03-14 12:55:39.353  2286  2944 E ThermalManagerService: No threshold found for shell_skin
03-14 12:55:39.353  2286  2944 E ThermalManagerService: No threshold found for shell_skin
03-14 12:55:39.381  2286  2305 E OplusDexOptimizeManager: Start app fature is off
03-14 12:55:39.381  2286  2305 E OplusDexOptimizeManager: Start app fature is off
03-14 12:55:39.381  2286  2305 E OplusDexOptimizeManager: Start app fature is off
03-14 12:55:39.381  2286  2305 E OplusDexOptimizeManager: Start app fature is off
03-14 12:55:39.382  2286  2305 D ActivityTaskManagerServiceExtImpl: preBindApplication record is null
03-14 12:55:39.393  2286  2286 W Looper  : Slow delivery took 247ms main app=system_server main=true group=UNKNOWN h=android.app.ActivityThread$H c=android.app.LoadedApk$ReceiverDispatcher$Args$$ExternalSyntheticLambda0@950f778 m=0
03-14 12:55:39.406  2286  2527 V AccessibilityManagerService: onUserStateChangedLocked for user 0 with forceUpdate: false mEnabledServices = [] mCrashedServices = [] hasMagnificationConnection=false
03-14 12:55:39.411  2286  2527 W MagnificationConnectionManager: requestConnection duplicated request: connect=false, mConnectionState=DISCONNECTED
03-14 12:55:39.421  2286  2305 E OplusDexOptimizeManager: Start app fature is off
03-14 12:55:39.430  2286  2338 W ActivityManager: Slow operation: 111ms so far, now at startProcess: done updating battery stats
03-14 12:55:39.430  2286  2338 W ActivityManager: Slow operation: 111ms so far, now at startProcess: building log message
03-14 12:55:39.430  2286  2338 I ActivityManager: Start proc 23438:com.oplus.uxdesign/u0a224 for service {com.oplus.uxdesign/com.oplus.uxdesign.icon.service.LaunchIconService}
03-14 12:55:39.430  2286  2338 W ActivityManager: Slow operation: 111ms so far, now at startProcess: starting to update pids map
03-14 12:55:39.430  2286  2338 W ActivityManager: Slow operation: 111ms so far, now at startProcess: done updating pids map
03-14 12:55:39.431  2286  2338 W ActivityManager: Slow operation: 67ms so far, now at startProcess: asking zygote to start proc
03-14 12:55:39.438  2286  2456 D ActivityManager: Async freezing 21875 com.coloros.phonemanager
03-14 12:55:39.441  2286  2456 D ActivityManager: Async freezing 22620 com.google.android.webview:sandboxed_process0:org.chromium.content.app.SandboxedProcessService0:0
03-14 12:55:39.443  2286  2319 I ActivityManager: ProcessObserver broadcast disabled
03-14 12:55:39.453  2286  2345 E OplusDexOptimizeManager: Start app fature is off
03-14 12:55:39.470  2286  2338 W ActivityManager: Slow operation: 105ms so far, now at startProcess: returned from zygote!
03-14 12:55:39.478 23418 23418 V Configuration: Updating configuration, locales updated from [] to [en_IN]
03-14 12:55:39.487  2286  2345 D ActivityManager: Cancel freezing 22874 com.google.android.adservices.api
03-14 12:55:39.487  2286  2345 D ActivityManager: Async freezing 22874 com.google.android.adservices.api
03-14 12:55:39.488  2286  2345 D ActivityManager: Cancel freezing 22874 com.google.android.adservices.api
03-14 12:55:39.488  2286  2345 D ActivityManager: Async freezing 22874 com.google.android.adservices.api
03-14 12:55:39.489  2286  2345 E OplusDexOptimizeManager: Start app fature is off
03-14 12:55:39.490  2286  2345 D ActivityManager: Cancel freezing 22874 com.google.android.adservices.api
03-14 12:55:39.493  2286  2338 W ActivityManager: Slow operation: 129ms so far, now at startProcess: done updating battery stats
03-14 12:55:39.493  2286  2338 W ActivityManager: Slow operation: 129ms so far, now at startProcess: building log message
03-14 12:55:39.493  2286  2338 I ActivityManager: Start proc 23452:com.coloros.securepay/u0a179 for content provider {com.coloros.securepay/com.oplus.securepay.provider.ProtectedAppProvider}
03-14 12:55:39.493  2286  2338 W ActivityManager: Slow operation: 129ms so far, now at startProcess: starting to update pids map
03-14 12:55:39.493  2286  2338 W ActivityManager: Slow operation: 129ms so far, now at startProcess: done updating pids map
03-14 12:55:39.499  2286  2319 I ActivityManager: ProcessObserver broadcast disabled
03-14 12:55:39.504  2286  2286 W Looper  : Slow dispatch took 109ms main app=system_server main=true group=UNKNOWN h=android.app.ActivityThread$H c=android.app.LoadedApk$ReceiverDispatcher$Args$$ExternalSyntheticLambda0@7f1e3f9 m=0
03-14 12:55:39.509  2286  2628 W LoadedApk: System took : 424ms in onReceive of class com.android.server.VpnManagerService$1 for action : android.intent.action.PACKAGE_ADDED
03-14 12:55:39.578  2286  3383 E OplusDexOptimizeManager: Start app fature is off
03-14 12:55:39.578  2286  3383 E OplusDexOptimizeManager: Start app fature is off
03-14 12:55:39.578  2286  3383 E OplusDexOptimizeManager: Start app fature is off
03-14 12:55:39.578  2286  3383 E OplusDexOptimizeManager: Start app fature is off
03-14 12:55:39.578  2286  3383 E OplusDexOptimizeManager: Start app fature is off
03-14 12:55:39.578  2286  3383 E OplusDexOptimizeManager: Start app fature is off
03-14 12:55:39.578  2286  3383 E OplusDexOptimizeManager: Start app fature is off
03-14 12:55:39.578  2286  3383 E OplusDexOptimizeManager: Start app fature is off
03-14 12:55:39.579  2286  3383 W ActivityManager: Slow operation: 66ms so far, now at attachApplicationLocked: before bindApplication
03-14 12:55:39.579  2286  3383 W ActivityManager: Slow operation: 67ms so far, now at attachApplicationLocked: immediately before bindApplication
03-14 12:55:39.587  2286  3383 D ActivityTaskManagerServiceExtImpl: preBindApplication record is null
03-14 12:55:39.592  2286  3383 W ActivityManager: Slow operation: 80ms so far, now at attachApplicationLocked: immediately after bindApplication
03-14 12:55:39.592  2286  3383 W ActivityManager: Slow operation: 80ms so far, now at attachApplicationLocked: after updateLruProcessLocked
03-14 12:55:39.613  2286  3383 W ActivityManager: Slow operation: 101ms so far, now at attachApplicationLocked: after updateOomAdjLocked
03-14 12:55:39.618  2286  3381 E OplusDexOptimizeManager: Start app fature is off
03-14 12:55:39.618  2286  3381 E OplusDexOptimizeManager: Start app fature is off
03-14 12:55:39.618  2286  3381 E OplusDexOptimizeManager: Start app fature is off
03-14 12:55:39.618  2286  3381 E OplusDexOptimizeManager: Start app fature is off
03-14 12:55:39.618  2286  3381 E OplusDexOptimizeManager: Start app fature is off
03-14 12:55:39.618  2286  3381 E OplusDexOptimizeManager: Start app fature is off
03-14 12:55:39.619  2286  3381 D ActivityTaskManagerServiceExtImpl: preBindApplication record is null
03-14 12:55:39.627  2286  2286 D BackupManagerConstants: getFullBackupIntervalMilliseconds(...) returns 86400000
03-14 12:55:39.627  2286  2286 D BackupManagerConstants: getFullBackupRequiredNetworkType(...) returns 2
03-14 12:55:39.627  2286  2286 D BackupManagerConstants: getFullBackupRequireCharging(...) returns true
03-14 12:55:39.634  2286  3381 E OplusDexOptimizeManager: Start app fature is off
03-14 12:55:39.662  2286  2456 D ActivityManager: Async freezing 22874 com.google.android.adservices.api
03-14 12:55:39.664  2286  2286 I AppsFilter: interaction: PackageSetting{492f08f com.android.microdroid.empty_payload/10265} -> PackageSetting{5762f1c com.prodix.proconnect/10410} BLOCKED
03-14 12:55:39.664  2286  2286 I AppsFilter: interaction: PackageSetting{154c725 com.oplus.locationproxy/10169} -> PackageSetting{5762f1c com.prodix.proconnect/10410} BLOCKED
03-14 12:55:39.664  2286  2286 I AppsFilter: interaction: PackageSetting{16440fa com.android.certinstaller/10207} -> PackageSetting{5762f1c com.prodix.proconnect/10410} BLOCKED
03-14 12:55:39.664  2286  2286 I AppsFilter: interaction: PackageSetting{ed806ab com.oplus.location/10218} -> PackageSetting{5762f1c com.prodix.proconnect/10410} BLOCKED
03-14 12:55:39.667  2286  2286 W Looper  : Drained
03-14 12:55:39.684 23438 23438 V Configuration: Updating configuration, locales updated from [] to [en_IN]
03-14 12:55:39.738  2286  2678 D ShortcutService: received package broadcast intent: Intent { act=android.intent.action.PACKAGE_CHANGED dat=package: flg=0x5000010 (has extras) }
03-14 12:55:39.744  2286  2678 D ShortcutService: changing package: com.prodix.proconnect userId=0
03-14 12:55:39.744  2286  2286 D PermissionPolicyService: ignore updating user sensitive for uid 10410
03-14 12:55:39.775  2286  2527 V AccessibilityManagerService: onUserStateChangedLocked for user 0 with forceUpdate: false mEnabledServices = [] mCrashedServices = [] hasMagnificationConnection=false
03-14 12:55:39.775  2286  2527 W MagnificationConnectionManager: requestConnection duplicated request: connect=false, mConnectionState=DISCONNECTED
03-14 12:55:39.778  2286  2338 W ActivityManager: Slow operation: 292ms so far, now at startProcess: done updating battery stats
03-14 12:55:39.778  2286  2338 W ActivityManager: Slow operation: 292ms so far, now at startProcess: building log message
03-14 12:55:39.778  2286  2338 I ActivityManager: Start proc 23469:com.google.android.packageinstaller/u0a227 for broadcast {com.google.android.packageinstaller/com.android.packageinstaller.PackageInstalledReceiver}
03-14 12:55:39.778  2286  2338 W ActivityManager: Slow operation: 292ms so far, now at startProcess: starting to update pids map
03-14 12:55:39.778  2286  2338 W ActivityManager: Slow operation: 292ms so far, now at startProcess: done updating pids map
03-14 12:55:39.779  2286  2338 W ActivityManager: Slow operation: 72ms so far, now at startProcess: asking zygote to start proc
03-14 12:55:39.780  2286  2319 I ActivityManager: ProcessObserver broadcast disabled
03-14 12:55:39.783  2286  3297 I OPM     : handleProcessStart : ProcessRecord{db5f4fd 23469:com.google.android.packageinstaller/u0a227}
03-14 12:55:39.786  2286  9190 W AppOpService: Ignored setUidMode call for runtime permission app op: uid = 10234, code = FINE_LOCATION, mode = allow, callingUid = 1000, oldMode = allow
03-14 12:55:39.794  2286  2345 E OplusDexOptimizeManager: Start app fature is off
03-14 12:55:39.806  2286  2456 E OplusDexOptimizeManager: Start app fature is off
03-14 12:55:39.810  2286  2456 D ActivityTaskManagerServiceExtImpl: preBindApplication record is null
03-14 12:55:39.812  2286  2286 D HealthConnectTrackerManagerImpl: No packages eligible for step tracking. Aborting initialization.
03-14 12:55:39.816  2286  2456 E OplusDexOptimizeManager: Start app fature is off
03-14 12:55:39.825  2286  2338 W ActivityManager: Slow operation: 118ms so far, now at startProcess: returned from zygote!
03-14 12:55:39.828  2286  2338 W ActivityManager: Slow operation: 121ms so far, now at startProcess: done updating battery stats
03-14 12:55:39.828  2286  2338 W ActivityManager: Slow operation: 121ms so far, now at startProcess: building log message
03-14 12:55:39.828  2286  2338 I ActivityManager: Start proc 23486:com.heytap.mcs.statistics/1000 for content provider {com.heytap.mcs/com.heytap.mcs.biz.statistics.provider.StatisticsContentProvider}
03-14 12:55:39.828  2286  2338 W ActivityManager: Slow operation: 121ms so far, now at startProcess: starting to update pids map
03-14 12:55:39.828  2286  2338 W ActivityManager: Slow operation: 121ms so far, now at startProcess: done updating pids map
03-14 12:55:39.829  2286  2319 I ActivityManager: ProcessObserver broadcast disabled
03-14 12:55:39.833  2286  2345 E OplusDexOptimizeManager: Start app fature is off
03-14 12:55:39.861 23452 23452 V Configuration: Updating configuration, locales updated from [] to [en_IN]
03-14 12:55:39.883  2286  3239 E OplusDexOptimizeManager: Start app fature is off
03-14 12:55:39.883  2286  3239 D CompatChangeReporter: Compat change id reported: 151861875; UID 1000; state: ENABLED
03-14 12:55:39.884  2286  3239 D ActivityTaskManagerServiceExtImpl: preBindApplication record is null
03-14 12:55:39.896  2286  3592 W AppOpService: Ignored setUidMode call for runtime permission app op: uid = 10244, code = READ_CELL_BROADCASTS, mode = allow, callingUid = 1001, oldMode = allow
03-14 12:55:39.897  7734 10200 E ActivityThread: Failed to find provider info for com.oplus.metis.app_recommend_provider
03-14 12:55:39.906  3054  3563 V OplusCustomizeCacheManager: queryCache name: cache_key.system_server.common_customize_cache16005 param: Bundle[{}]
03-14 12:55:39.906  3054  3563 V OplusCustomizeCacheManager: start recompute
03-14 12:55:39.912  2286  2286 D HealthConnectTrackerManagerImpl: No packages eligible for step tracking. Aborting initialization.
03-14 12:55:39.934  2286  2286 D HealthConnectTrackerManagerImpl: No packages eligible for step tracking. Aborting initialization.
03-14 12:55:39.943  2286  2286 D HealthConnectTrackerManagerImpl: No packages eligible for step tracking. Aborting initialization.
03-14 12:55:39.944  2286  2456 W AppOpService: Ignored setUidMode call for runtime permission app op: uid = 1001, code = READ_SMS, mode = allow, callingUid = 1001, oldMode = allow
03-14 12:55:39.947 23469 23469 V Configuration: Updating configuration, locales updated from [] to [en_IN]
03-14 12:55:39.949  2286  3381 W AppOpService: Ignored setUidMode call for runtime permission app op: uid = 1001, code = RECEIVE_SMS, mode = allow, callingUid = 1001, oldMode = allow
03-14 12:55:39.953  2286  2286 D HealthConnectTrackerManagerImpl: No packages eligible for step tracking. Aborting initialization.
03-14 12:55:39.953  2286  3381 W AppOpService: Ignored setUidMode call for runtime permission app op: uid = 1001, code = RECEIVE_WAP_PUSH, mode = allow, callingUid = 1001, oldMode = allow
03-14 12:55:39.957  2286  3381 W AppOpService: Ignored setUidMode call for runtime permission app op: uid = 1001, code = SEND_SMS, mode = allow, callingUid = 1001, oldMode = allow
03-14 12:55:39.958  2286  3381 W AppOpService: Ignored setUidMode call for runtime permission app op: uid = 1001, code = READ_CELL_BROADCASTS, mode = allow, callingUid = 1001, oldMode = allow
03-14 12:55:39.976  2286  2286 D HealthConnectTrackerManagerImpl: No packages eligible for step tracking. Aborting initialization.
03-14 12:55:39.979  2286 23406 D OplusOsPackageManager: uploadInstallAppInfos:{installerPkg=null, code=1, abi1=arm64-v8a, abi2=null, update=0, cert=5DAA40A586;, targetSdkVersion=36, source=com.android.shell, app_pkg=com.prodix.proconnect, version=1.0.0, initiatingPkg=com.android.shell, md5=553bbe443d8db99750d8357b36016f80}
03-14 12:55:39.980 23486 23486 V Configuration: Updating configuration, locales updated from [] to [en_IN]
03-14 12:55:40.179  2286  2286 W Looper  : Slow dispatch took 199ms main app=system_server main=true group=UNKNOWN h=android.os.Handler c=null m=1
03-14 12:55:40.187  2286  2286 D HealthConnectTrackerManagerImpl: No packages eligible for step tracking. Aborting initialization.
03-14 12:55:40.187  2286  2286 W Looper  : Slow delivery took 246ms main app=system_server main=true group=UNKNOWN h=android.os.Handler c=null m=1
03-14 12:55:40.192  2286  2318 W Looper  : Slow dispatch took 249ms android.fg app=system_server main=false group=UNKNOWN h=android.os.Handler c=<recycled PooledLambda@dc33f79> m=0
03-14 12:55:40.192  2286  2318 W Looper  : Slow delivery took 257ms android.fg app=system_server main=false group=UNKNOWN h=android.os.Handler c=com.android.server.location.injector.SystemLocationPermissionsHelper$$ExternalSyntheticLambda1@a0f14be m=0
03-14 12:55:40.357  2286  3767 W ContentProviderHelper: Slow operation: 64ms so far, now at getContentProviderImpl: after updateOomAdj
03-14 12:55:40.357  2286  3767 W ContentProviderHelper: Slow operation: 64ms so far, now at getContentProviderImpl: done!
03-14 12:55:40.379  2286  2318 W Looper  : Drained
03-14 12:55:40.383  2286  2944 E ThermalManagerService: No threshold found for shell_skin
03-14 12:55:40.385  2286  2944 E ThermalManagerService: No threshold found for shell_skin
03-14 12:55:40.410  2286  3767 W OplusSelfProtectManager: [addProtectRecord] com.coloros.phonemanager not in whitelist, can't add to protect
03-14 12:55:40.527  2286  2286 W Looper  : Drained
03-14 12:55:40.556  2286  3477 D OplusOsPackageManager: removePkgFromNotLaunchedList com.prodix.proconnect
03-14 12:55:40.577 23486 23486 I Quality : GetResourcesInfo:131608538,/data/app/~~f61zi_DyhIVZisK0lGJctg==/com.heytap.mcs-pG44TbRNWtyCyf_ioTbKxQ==/base.apk
03-14 12:55:40.584  2286  3477 W ActivityTaskManager: callingPackage for (uid=2000, pid=23507) has no WPC
03-14 12:55:40.633 23438 23438 I Quality : GetResourcesInfo:426618077,/system_ext/app/UXDesign/UXDesign.apk
03-14 12:55:40.651  2286  3660 D UsageStatsService: User[0] type=3 b=1741937140648 e=1773473140648 cb=1756574993629 ce=1773473139889 disk=0 all=452
03-14 12:55:40.661 23438 23438 D ResourcesManagerExtImpl: applyConfigurationToAppResourcesLocked app.getDisplayId() return callback.displayId:-1
03-14 12:55:40.686  2286  5003 D PackageManager_InfoGetNullLogPrint: Target:com.heytap.quicksearchbox callingUid=10200 userid=0 flag=0xc0000 reason is AppInfo not found in mPackages
03-14 12:55:40.805 23418 23418 I Quality : GetResourcesInfo:357581000,/system_ext/app/SecurityPermission/SecurityPermission.apk
03-14 12:55:40.860 29826 29826 W AnrLogEnhancementHelperImpl: app side detected 29826 dynamic_receiver cost time = 1065
03-14 12:55:40.877  2286  3660 D UsageStatsService: User[0] type=3 b=1741937140876 e=1773473140876 cb=1756574993629 ce=1773473139889 disk=0 all=452
03-14 12:55:40.878  2286  3477 D WindowManager: NFW_setClientVisible:ActivityRecord{217181905 u0 com.prodix.proconnect/.MainActivity clientVisible:true
03-14 12:55:40.960 23469 23469 I Quality : GetResourcesInfo:144635000,/my_product/non_overlay/priv-app/GooglePackageInstaller/GooglePackageInstaller.apk
03-14 12:55:40.979 23469 23469 D ResourcesManagerExtImpl: applyConfigurationToAppResourcesLocked app.getDisplayId() return callback.displayId:-1
03-14 12:55:41.001  2286  4424 I ActivityManager: Flag disabled. Ignoring finishAttachApplication from uid: 1000. pid: 23486
03-14 12:55:41.009  7734 10199 E ActivityThread: Failed to find provider info for com.oplus.metis.app_recommend_provider
03-14 12:55:41.027  2286  2345 E OplusDexOptimizeManager: Start app fature is off
03-14 12:55:41.046  2286  9190 W AppOpService: Ignored setUidMode call for runtime permission app op: uid = 10234, code = FINE_LOCATION, mode = allow, callingUid = 1000, oldMode = allow
03-14 12:55:41.069  2286  2762 E OplusDexOptimizeManager: Start app fature is off
03-14 12:55:41.072  2286  3477 D FlexibleTaskController: isSupportFlexibleWindow target = com.prodix.proconnect/.MainActivity callPkg = FlexibleTaskController support = true ,caller = 2286
03-14 12:55:41.076  2286  3213 E OplusDexOptimizeManager: Start app fature is off
03-14 12:55:41.140 23452 23452 I Quality : GetResourcesInfo:299452385,/product/app/SecurePay/SecurePay.apk
03-14 12:55:41.155  2286  3477 D ActivityStarterExtImpl: do not intercept for realCallingAppIsSystemApp or CallingAppIsSystemApp
03-14 12:55:41.180 23452 23452 D ResourcesManagerExtImpl: applyConfigurationToAppResourcesLocked app.getDisplayId() return callback.displayId:-1
03-14 12:55:41.281  2286  2345 E OplusDexOptimizeManager: Start app fature is off
03-14 12:55:41.322  2286  4424 E OplusDexOptimizeManager: Start app fature is off
03-14 12:55:41.364  2286  4424 I ActivityManager: Flag disabled. Ignoring finishAttachApplication from uid: 10227. pid: 23469
03-14 12:55:41.396  2286  2944 E ThermalManagerService: No threshold found for shell_skin
03-14 12:55:41.396  2286  2944 E ThermalManagerService: No threshold found for shell_skin
03-14 12:55:41.413  2286  3660 D ActivityManager: Async freezing 23469 com.google.android.packageinstaller
03-14 12:55:41.517  2286  3660 E OplusDexOptimizeManager: Start app fature is off
03-14 12:55:41.622  2286  2456 E OplusDexOptimizeManager: Start app fature is off
03-14 12:55:41.649  2286  4424 E OplusDexOptimizeManager: Start app fature is off
03-14 12:55:41.733  2286  3660 W ActivityManager: Receiver with filter android.content.IntentFilter@5d4b935 already registered for pid 23486, callerPackage is com.heytap.mcs
03-14 12:55:41.775 21875 22166 E ActivityThread: Failed to find provider info for com.oplus.phonemanager.RiskDetectDataProvider
03-14 12:55:41.798  2286  2488 D ActivityManager: freezing 22722 com.android.providers.downloads
03-14 12:55:41.799  2286  2488 D ActivityManager: reportOneUidFrozenStateChanged uid 10066 frozen = true
03-14 12:55:41.812  2286  4424 W AppOpService: Ignored setUidMode call for runtime permission app op: uid = 10244, code = READ_CELL_BROADCASTS, mode = allow, callingUid = 1001, oldMode = allow
03-14 12:55:41.823  2286  2456 W AppOpService: Ignored setUidMode call for runtime permission app op: uid = 1001, code = READ_SMS, mode = allow, callingUid = 1001, oldMode = allow
03-14 12:55:41.824  2286  2456 W AppOpService: Ignored setUidMode call for runtime permission app op: uid = 1001, code = RECEIVE_SMS, mode = allow, callingUid = 1001, oldMode = allow
03-14 12:55:41.825  2286  2456 W AppOpService: Ignored setUidMode call for runtime permission app op: uid = 1001, code = RECEIVE_WAP_PUSH, mode = allow, callingUid = 1001, oldMode = allow
03-14 12:55:41.826  2286  2456 W AppOpService: Ignored setUidMode call for runtime permission app op: uid = 1001, code = SEND_SMS, mode = allow, callingUid = 1001, oldMode = allow
03-14 12:55:41.827  2286  2456 W AppOpService: Ignored setUidMode call for runtime permission app op: uid = 1001, code = READ_CELL_BROADCASTS, mode = allow, callingUid = 1001, oldMode = allow
03-14 12:55:41.881  2286  2456 D CompatChangeReporter: Compat change id reported: 311402873; UID 10193; state: ENABLED
03-14 12:55:41.881  2286  2456 D CompatChangeReporter: Compat change id reported: 323349338; UID 10193; state: ENABLED
03-14 12:55:41.915  2286  4424 E OplusDexOptimizeManager: Start app fature is off
03-14 12:55:41.922  2286  3477 D FlexibleWindowManagerService: isIgnoreAppearedAcrossTask:false
03-14 12:55:42.302  2286  3477 D FlexibleWindowManagerService: isIgnoreAppearedAcrossTask:false
03-14 12:55:42.404  2286  2944 E ThermalManagerService: No threshold found for shell_skin
03-14 12:55:42.408  2286  3477 D FlexibleTaskController: findSourceTaskForFreeForm: sourceRecord = null ,realCallingPid:23507 ,launchFromZoomMode:false ,prevTopTask:Task{50a1f56 #2 type=home I=com.android.launcher/.Launcher}
03-14 12:55:42.408  2286  3477 D FlexibleTaskController: findSourceTaskForFreeForm: the caller is not a flexible freeform window application and does not have a zoom windowMode startup parameter
03-14 12:55:42.409  2286  3477 D FlexibleTaskController: adjustOptionsForFlexibleTask not allow options follow process task's options, reason:9 ,reusedOptions:null
03-14 12:55:42.413  2286  2944 E ThermalManagerService: No threshold found for shell_skin
03-14 12:55:42.414  2286  3477 D FlexibleTaskController: isSupportFlexibleWindow target = com.prodix.proconnect/.MainActivity callPkg = FlexibleTaskController support = true ,caller = 2286
03-14 12:55:42.432  2286  3477 D FlexibleWindowManagerService: no reused task found for ActivityRecord{217181905 u0 com.prodix.proconnect/.MainActivity t-1}
03-14 12:55:42.452  2286  2306 E OplusDexOptimizeManager: Start app fature is off
03-14 12:55:42.469  2286  3297 I OPM     : handleActivityStart : ActivityRecord{217181905 u0 com.prodix.proconnect/.MainActivity t-1}
03-14 12:55:42.802  2286  2488 D ActivityManager: Freezer deadlock watchdog
03-14 12:55:42.816  2286  3660 W ActivityManager: Receiver with filter android.content.IntentFilter@fb7e530 already registered for pid 23486, callerPackage is com.heytap.mcs
03-14 12:55:42.937  2286  3660 E OplusDexOptimizeManager: Start app fature is off
03-14 12:55:43.395  2286  2944 E ThermalManagerService: No threshold found for shell_skin
03-14 12:55:43.395  2286  2944 E ThermalManagerService: No threshold found for shell_skin
03-14 12:55:43.535  2286  3768 I ActivityManager: Flag disabled. Ignoring finishAttachApplication from uid: 1000. pid: 23418
03-14 12:55:43.631  2286  3465 I ActivityManager: Flag disabled. Ignoring finishAttachApplication from uid: 10179. pid: 23452
03-14 12:55:43.678  2286  3477 D SecondaryPageStartupPolicy: checkSecondaryPageStartupStatus not support sourcePackage=com.android.shell
03-14 12:55:43.704  2286  3477 D OplusStartingWindowManager: we don't revise window flags for third app
03-14 12:55:43.704  2286  3477 D ActivityTaskManager: validateStartingWindowTheme:  Pkg=com.prodix.proconnect, Translucent=false, Floating=false, ShowWallpaper=false, Disable=false, LaunchSource=4, Prev=null, LaunchedFromPackage=com.android.shell
03-14 12:55:43.741  2286  3477 D ActivityTaskManager: addStartingWindow for ActivityRecord{217181905 u0 com.prodix.proconnect/.MainActivity t27993}, mainWin=null, state=INITIALIZING, isKeyguardLocked=false, isKeyguardGoingAway=false
03-14 12:55:43.741  2286  3477 D ActivityTaskManager: getStartingWindowType: , newTask=true, taskSwitch=true, processRunning=false, allowTaskSnapshot=true, activityCreated=false, activityAllDrawn=false, snapshot exist: false
03-14 12:55:43.741  2286  3477 D ActivityRecordExtImpl: handleStartingWindowForCompactWindow origin type:2, adjustType : 2
03-14 12:55:43.800  2286  2305 E OplusDexOptimizeManager: Start app fature is off
03-14 12:55:43.865  2286  2286 D MBrainLocalService: isVendorFreezeConditionPass is false
03-14 12:55:43.865  2286  2286 E MBrainLocalService: notifyAppSwitch failed
03-14 12:55:43.943  2286  2306 E OplusDexOptimizeManager: Start app fature is off
03-14 12:55:43.981  2286  3768 E OplusDexOptimizeManager: Start app fature is off
03-14 12:55:43.998 13717 14214 D PhoneStartingWindowTypeAlgorithm: preferredStartingWindowType newTask=true, taskSwitch=true, processRunning=false, allowTaskSnapshot=true, activityCreated=false, isSolidColorSplashScreen=false, legacySplashScreen=false, activityDrawn=false, windowless=false, topIsHome=false
03-14 12:55:44.186 13717 14214 D OplusShellStartingWindowManager: getReviseStartingWindowType not support, windowInfo is null
03-14 12:55:44.256  2286  2306 D UsageStatsService: User[0] type=0 b=1773472144253 e=1773473144253 cb=1773429636663 ce=1773473143650 disk=0 all=162
03-14 12:55:44.330 13717 14214 D OplusShellStartingWindowManager: adjustSuggestedWindowType originType: 1, wi: StartingWindowInfo{taskId=27993 targetActivityInfo=null displayId=0 topActivityType=1 preferredStartingWindowType=8b mainWindowLayoutParams=null splashScreenThemeResId 7f0f00a1, exi: OplusStartingWindowExtendedInfo{mAppToken=android.os.BinderProxy@41222d8, mSupportSplashScreenPreview=false, mIsSystemApp=false, mIsExceptionListApp=false, mPreviewBitmap=null, mShouldDrawBackground=false, mForceLightMode=false, mForceNightMode=false, mNotSupportNightMode=false, mForcePreview=false, mForceBigIcon=false, mQuickStartingSurface=null, mForceSolidColorSplash=false}
03-14 12:55:44.330 13717 14214 D OplusShellStartingWindowManager: adjustSuggestedWindowType: skip no-system app and no-exception list app
03-14 12:55:44.331  2286  3769 D CompatChangeReporter: Compat change id reported: 377864165; UID 10410; state: ENABLED
03-14 12:55:44.389  2286  3477 D ActivityTaskManager: notifyTaskAdded, task: Task{77f3fd5 #27993 type=standard A=10410:com.prodix.proconnect} trace:com.android.server.wm.RecentTasks.add:1392 com.android.server.wm.ActivityStarter.startActivityInner:2987 com.android.server.wm.ActivityStarter.startActivityUnchecked:2156 com.android.server.wm.ActivityStarter.executeRequest:1906 com.android.server.wm.ActivityStarter.execute:1004 
03-14 12:55:44.394  2286  3477 I ActivityTaskManager: START u0 {act=android.intent.action.MAIN cat=[android.intent.category.LAUNCHER] flg=0x30000000 xflg=0x4 cmp=com.prodix.proconnect/.MainActivity (has extras) mCallingUid=2000} with LAUNCH_SINGLE_TOP from uid 2000 (BAL_ALLOW_PERMISSION (START_ACTIVITIES_FROM_BACKGROUND permission granted)) result code=0
03-14 12:55:44.407  2286  2944 E ThermalManagerService: No threshold found for shell_skin
03-14 12:55:44.408  2286  2944 E ThermalManagerService: No threshold found for shell_skin
03-14 12:55:44.418  2286  2338 I ActivityManager: Start proc 23711:com.prodix.proconnect/u0a410 for next-top-activity {com.prodix.proconnect/com.prodix.proconnect.MainActivity}
03-14 12:55:44.419  2286  2319 I ActivityManager: ProcessObserver broadcast disabled
03-14 12:55:44.420  2286  3297 I OPM     : handleProcessStart : ProcessRecord{3eec25d 23711:com.prodix.proconnect/u0a410}
03-14 12:55:44.447  2286  2331 W QosScheduler: executeSceneQosStrategy failed! qos feature no enable
03-14 12:55:44.450 13717 14147 V WindowManagerShell: Transition requested (#17894): android.os.BinderProxy@d66d631 TransitionRequestInfo { type = OPEN, triggerTask = TaskInfo{userId=0 taskId=27993 effectiveUid=10410 displayId=0 isRunning=true baseIntent=Intent { act=android.intent.action.MAIN cat=[android.intent.category.LAUNCHER] flg=0x30000000 cmp=com.prodix.proconnect/.MainActivity mCallingUid=2000 } baseActivity=ComponentInfo{com.prodix.proconnect/com.prodix.proconnect.MainActivity} topActivity=ComponentInfo{com.prodix.proconnect/com.prodix.proconnect.MainActivity} origActivity=null realActivity=ComponentInfo{com.prodix.proconnect/com.prodix.proconnect.MainActivity} numActivities=1 lastActiveTime=1512006971 supportsSplitScreenMultiWindow=true supportsMultiWindow=true supportsPocketStudioMultiWindow=true isInFlexibleEmbedded = false uid = 10410 pid = 0 resizeMode=1 isResizeable=true minWidth=-1 minHeight=-1 defaultMinSize=220 token=WCT{android.window.IWindowContainerToken$Stub$Proxy@4f25116} topActivityType=1 pictureInPictureParams=null shouldDockBigOverlays=false launchIntoPipHostTaskId=-1 lastParentTaskIdBeforePip=-1 displayCutoutSafeInsets=Rect(0, 64 - 0, 0) topActivityInfo=ActivityInfo{ce56a97 com.prodix.proconnect.MainActivity} launchCookies=[] positionInParent=Point(0, 0) parentTaskId=-1 isFocused=false isVisible=false isVisibleRequested=false isTopActivityNoDisplay=false isSleeping=false locusId=null displayAreaFeatureId=1 isTopActivityTransparent=false isActivityStackTransparent=false lastNonFullscreenBounds=Rect(192, 474 - 528, 1194) capturedLink=null capturedLinkTimestamp=0 requestedVisibleTypes=-9 topActivityRequestOpenInBrowserEducationTimestamp=0 appCompatTaskInfo=AppCompatTaskInfo { topActivityInSizeCompat=false topActivityInOplusCompatMode=false eligibleForLetterboxEducation= false isLetterboxEducationEnabled= false isLetterboxDoubleTapEnabled= false eligibleForUserAspectRatioButton= false topActivityBoundsLetterboxed= false isFromLetterboxDoubleTap= false topActivityLetterboxVerticalPosition= -1 topActivityLetterboxHorizontalPosition= -1 topActivityLetterboxWidth=-1 topActivityLetterboxHeight=-1 topActivityAppBounds=Rect(0, 0 - 720, 1604) isUserFullscreenOverrideEnabled=false isSystemFullscreenOverrideEnabled=false hasMinAspectRatioOverride=false topActivityLetterboxBounds=null cameraCompatTaskInfo=CameraCompatTaskInfo { freeformCameraCompatMode=inactive}} topActivityMainWindowFrame=null topActivityLetterboxInsets=Rect(0, 0 - 0, 0) mOplusExtraBundle = Bundle[mParcelledData.dataSize=1472]}, pipChange = null, remoteTransition = null, displayChange = null, flags = 0, debugId = 17894 }
03-14 12:55:44.501 13717 14215 D ShellStartingWindow: getWindowAttrs SplashScreenWindowAttrs{ mWindowBgResId: 7f070076, mWindowBgColor: 0, mWindowBgImage: false, mSplashScreenIcon: false, mBrandingImage: false, mIconBgColor: 0, uiMode: 0}
03-14 12:55:44.503 13717 14215 W ShellStartingWindow: peekWindowBGColor mWindowBgColor:0 mWindowBgResId:2131165302 estimatedWindowBGColor:-16777216
03-14 12:55:44.503 13717 14215 I ShellStartingWindow: makeSplashScreenContentView themeBGColor: ff000000, isDark: true, last config hash: -383462819
03-14 12:55:44.523 13717 14147 D ShellSplitScreen: logExit: no-op, mLoggerSessionId is null
03-14 12:55:44.551  2286  2331 I UserAwareMgr: event is already released: SceneEvent{id=5007, maxWorkDurationMs=200, caller='[android]', eventFlags=256, fbPriority=1, keyThreads=[KeyThread{name=binder, owner=android, schedPolicy=ux, priority=HEAVY, maxThreadCount=16}], vipBinderGroup=null}, callingPid: 2286, appPid: 0
03-14 12:55:44.560  2286  2329 W AnrLogEnhancementHelperImpl: app side detected 2286 dynamic_receiver cost time = 8665
03-14 12:55:44.560  2286  2329 W LoadedApk: System took : 8665ms in onReceive of class android.content.pm.RegisteredServicesCache$1 for action : android.intent.action.PACKAGE_REMOVED
03-14 12:55:44.585 13717 14215 D ShellStartingWindow: inconsize = 320
03-14 12:55:44.630  2286  3465 W ContentProviderHelper: Slow operation: 55ms so far, now at getContentProviderImpl: getProviderByName
03-14 12:55:44.640  2286  3465 W ContentProviderHelper: Slow operation: 65ms so far, now at getContentProviderImpl: before checkContentProviderPermission
03-14 12:55:44.641  2286  3465 W ContentProviderHelper: Slow operation: 66ms so far, now at getContentProviderImpl: after checkContentProviderPermission
03-14 12:55:44.643  2286  3465 W ContentProviderHelper: Slow operation: 67ms so far, now at getContentProviderImpl: incProviderCountLocked
03-14 12:55:44.652  2286  3465 W ContentProviderHelper: Slow operation: 77ms so far, now at getContentProviderImpl: before updateLruProcess
03-14 12:55:44.653  2286  3465 W ContentProviderHelper: Slow operation: 78ms so far, now at getContentProviderImpl: after updateLruProcess
03-14 12:55:44.653  2286  3465 W ContentProviderHelper: Slow operation: 78ms so far, now at getContentProviderImpl: before updateOomAdj
03-14 12:55:44.654  2286  3465 W ContentProviderHelper: Slow operation: 79ms so far, now at getContentProviderImpl: after updateOomAdj
03-14 12:55:44.654  2286  3465 W ContentProviderHelper: Slow operation: 79ms so far, now at getContentProviderImpl: done!
03-14 12:55:44.840  2286  2495 V AlarmManager: sending alarm Alarm{c50afbe type 1 origWhen 1773473144841 whenElapsed 1512007422 android} uid 1000 whenElapsed 1512007422 windowLength 0 maxWhenElapsed 1512007422 repeatInterval 0 action null component null tag StorgaeBandInfoAlarmTag flags 0x9 procName system_server
03-14 12:55:45.013  2286  3769 E OplusDexOptimizeManager: Start app fature is off
03-14 12:55:45.013  2286  3769 E OplusDexOptimizeManager: Start app fature is off
03-14 12:55:45.013  2286  3769 E OplusDexOptimizeManager: Start app fature is off
03-14 12:55:45.013  2286  3769 E OplusDexOptimizeManager: Start app fature is off
03-14 12:55:45.013  2286  3769 E OplusDexOptimizeManager: Start app fature is off
03-14 12:55:45.013  2286  3769 E OplusDexOptimizeManager: Start app fature is off
03-14 12:55:45.013  2286  3769 E OplusDexOptimizeManager: Start app fature is off
03-14 12:55:45.026  2286  2456 I AppSnapshotController: attachStartingWindow, win = Window{c1d9264 u0 Splash Screen com.prodix.proconnect}, shouldAppSnapshot = false
03-14 12:55:45.026  2286  2456 D ActivityTaskManager: attachStartingWindow: mStartingData=SplashScreenStartingData{3584804 removeAfterTransaction= 0},mStartingWindow=Window{c1d9264 u0 Splash Screen com.prodix.proconnect}
03-14 12:55:45.026  2286  2456 I WindowManager: addWindow: New client android.os.BinderProxy@bc833f7 : window=Window{c1d9264 u0 Splash Screen com.prodix.proconnect}
03-14 12:55:45.048  2286  3465 I AppsFilter: interaction: PackageSetting{492f08f com.android.microdroid.empty_payload/10265} -> PackageSetting{9a011ed com.prodix.proconnect/10410} BLOCKED
03-14 12:55:45.049  2286  3465 I AppsFilter: interaction: PackageSetting{154c725 com.oplus.locationproxy/10169} -> PackageSetting{9a011ed com.prodix.proconnect/10410} BLOCKED
03-14 12:55:45.049  2286  3465 I AppsFilter: interaction: PackageSetting{16440fa com.android.certinstaller/10207} -> PackageSetting{9a011ed com.prodix.proconnect/10410} BLOCKED
03-14 12:55:45.049  2286  3465 I AppsFilter: interaction: PackageSetting{ed806ab com.oplus.location/10218} -> PackageSetting{9a011ed com.prodix.proconnect/10410} BLOCKED
03-14 12:55:45.050  2286  3284 D NativeFreezeManager: freezeForAppSwitchScene mAppLaunchFzDxEnable enter, mFgAppPkgname com.prodix.proconnect
03-14 12:55:45.061  2286  2713 D JobSchedulerServiceExtImpl: updateOsenseRestrictMode for 1 true false
03-14 12:55:45.108  2286  3465 D ActivityTaskManager: setAppVisibility(Token{b781c22 ActivityRecord{217181905 u0 com.prodix.proconnect/.MainActivity t27993}}, visible=true):  visible=false mVisibleRequested=false
03-14 12:55:45.109  2286  3465 D ActivityTaskManager: setVisibility(Token{b781c22 ActivityRecord{217181905 u0 com.prodix.proconnect/.MainActivity t27993}}, visible=true) defer commitVisibility for transition collecting
03-14 12:55:45.124  2286  3465 D ActivityTaskManager: setAppVisibility(Token{c6b5ef5 ActivityRecord{160451273 u0 com.android.launcher/.Launcher t2}}, visible=false):  visible=true mVisibleRequested=true
03-14 12:55:45.124  2286  3465 D ActivityTaskManager: setVisibility(Token{c6b5ef5 ActivityRecord{160451273 u0 com.android.launcher/.Launcher t2}}, visible=false) defer commitVisibility for transition collecting
03-14 12:55:45.132  2286  2321 W ActivityTaskManager: Activity top resumed state loss timeout for ActivityRecord{160451273 u0 com.android.launcher/.Launcher t2}
03-14 12:55:45.143  2286  2306 V WindowManager: Relayout Window{c1d9264 u0 Splash Screen com.prodix.proconnect}: viewVisibility=0, oldvis=0, req=720x1604 , apr = 0, vsysui=, x=0, y=0
03-14 12:55:45.144  2286  2306 I WindowManager: Window{c1d9264 u0 Splash Screen com.prodix.proconnect} state from NO_SURFACE to DRAW_PENDING; reason: resetDrawState
03-14 12:55:45.150  2286  2306 D WindowManager: NFW_findFocusedWindowIfNeeded:null mCurrentFocus:Window{85598de u0 com.android.launcher/com.android.launcher.Launcher}
03-14 12:55:45.150  2286  2306 D WindowManager: attachImeScreenshotOnTargetIfNeeded, mImeHiding = false, requestedVisibleTypes = -9
03-14 12:55:45.167  2286  2329 D AppProfilerExtImpl: Skipped pss collection for CPU busy
03-14 12:55:45.175  2286  2306 V WindowManager: Changing focus from Window{85598de u0 com.android.launcher/com.android.launcher.Launcher} to null,diplayid=0
03-14 12:55:45.266  2286  2306 D WindowManager: rotation(ROTATION_0) no changed  displayId = 0, lastOrientation = -1
03-14 12:55:45.269 13717 14214 W VRI[proconnect]: updateBlastSurfaceIfNeeded, surfaceSize:Point(720, 1604), lastSurfaceSize:Point(0, 0), format:-3, blastBufferQueue:null
03-14 12:55:45.271  2286  3769 W ActivityManager: Slow operation: 261ms so far, now at attachApplicationLocked: immediately after bindApplication
03-14 12:55:45.271  2286  3769 W ActivityManager: Slow operation: 261ms so far, now at attachApplicationLocked: after updateLruProcessLocked
03-14 12:55:45.274  2286  3769 W ActivityManager: Slow operation: 263ms so far, now at attachApplicationLocked: after updateOomAdjLocked
03-14 12:55:45.312  2286  3769 D WindowManager: rotation(ROTATION_0) no changed  displayId = 0, lastOrientation = -1
03-14 12:55:45.313  2286  3769 D ActivityTaskManager: setAppVisibility(Token{b781c22 ActivityRecord{217181905 u0 com.prodix.proconnect/.MainActivity t27993}}, visible=true):  visible=false mVisibleRequested=true
03-14 12:55:45.313  2286  3769 D ActivityTaskManager: setVisibility(Token{b781c22 ActivityRecord{217181905 u0 com.prodix.proconnect/.MainActivity t27993}}, visible=true) defer commitVisibility for transition collecting
03-14 12:55:45.313  2286  3769 E OplusDexOptimizeManager: Start app fature is off
03-14 12:55:45.316  2286  2331 I UserAwareMgr: handleTopAppChanged: com.prodix.proconnect, pid: 23711, uid: 10410
03-14 12:55:45.316  2286  3769 D ActivityTaskManager: onWindowFocusChanged Task{77f3fd5 #27993 type=standard A=10410:com.prodix.proconnect} would transfer to compact
03-14 12:55:45.323  2286  3297 I OPM     : handlePackageLaunched pkg: com.prodix.proconnect, uid: 10410, pid: 23711
03-14 12:55:45.335  2286  3769 D ActivityTaskManager: NFW_setLastResumedActivityUncheckLocked:true r:ActivityRecord{217181905 u0 com.prodix.proconnect/.MainActivity t27993} currentFocus:null
03-14 12:55:45.335  2286  3769 D WindowManager: NFW_findFocusedWindowIfNeeded:null mCurrentFocus:null
03-14 12:55:45.335  2286  3769 D FlexibleTaskController: onTaskFocusChanged prevTask:Task{50a1f56 #2 type=home I=com.android.launcher/.Launcher} ,currentTask:Task{77f3fd5 #27993 type=standard A=10410:com.prodix.proconnect}, reason: realStartActivityLocked - onActivityStateChanged
03-14 12:55:45.335  2286  3769 D OplusFlexibleDCSManager: onNextPkgChanged pkg = com.prodix.proconnect
03-14 12:55:45.337  2286  3769 I OplusAppSwitchManagerService: appswitch hasProcess ActivityRecord{217181905 u0 com.prodix.proconnect/.MainActivity t27993}
03-14 12:55:45.337  2286  3769 I OplusJoystickManager: handleApplicationSwitch deprecated!
03-14 12:55:45.337  2286  3769 I GameManagerServiceExt-GameManagerServiceExt: on FG change: com.android.launcher|com.prodix.proconnect
03-14 12:55:45.337  2286  3769 I OplusAppSwitchManagerService: appswitch hasProcess ActivityRecord{217181905 u0 com.prodix.proconnect/.MainActivity t27993}
03-14 12:55:45.342  2286  2375 D OplusAppSwitchListener: App Activity Change
03-14 12:55:45.344  2286  2375 D OplusAppSwitchListener: Detect com.android.launcher switch to background
03-14 12:55:45.349  2286  4672 E KernelCpuUidFreqTimeReader: Negative delta from freq time for uid: 99571, delta: -40
03-14 12:55:45.349  2286  4672 E KernelCpuUidFreqTimeReader: Negative delta from freq time for uid: 99572, delta: -2
03-14 12:55:45.349  2286  4672 E KernelCpuUidFreqTimeReader: Negative delta from freq time for uid: 99586, delta: -2
03-14 12:55:45.349  2286  4672 E KernelCpuUidFreqTimeReader: Negative delta from freq time for uid: 99589, delta: -359
03-14 12:55:45.349  2286  4672 E KernelCpuUidFreqTimeReader: Negative delta from freq time for uid: 99590, delta: -6
03-14 12:55:45.349  2286  4672 E KernelCpuUidFreqTimeReader: Negative delta from freq time for uid: 99591, delta: -2
03-14 12:55:45.351  2286  3769 W ActivityManager: Slow operation: 78ms so far, now at finishAttachApplicationInner: after mServices.attachApplicationLocked
03-14 12:55:45.351  2286  3769 W ActivityManager: Slow operation: 78ms so far, now at finishAttachApplicationInner: after dispatching broadcasts
03-14 12:55:45.351  2286  2286 D MBrainLocalService: isVendorFreezeConditionPass is false
03-14 12:55:45.351  2286  2286 E MBrainLocalService: notifyAppSwitch failed
03-14 12:55:45.355  2286  2322 I TaskOrganizerController: onTaskInfoChanged taskid 1 config { mBounds=Rect(0, 0 - 720, 1604) mAppBounds=Rect(0, 0 - 720, 1604) mMaxBounds=Rect(0, 0 - 720, 1604) mDisplayRotation=ROTATION_0 mWindowingMode=fullscreen mActivityType=home mAlwaysOnTop=undefined mRotation=ROTATION_0}
03-14 12:55:45.357  2286  2321 D OplusKeepAliveManager: TOP_APP is ProcessRecord{3eec25d 23711:com.prodix.proconnect/u0a410} uid is 10410
