03-14 12:55:27.503  2286  3592 W PackageManager: package com.google.android.apps.docs uid 10290 pid 22335 call SetEnabledSetting(com.google.android.apps.docs component = com.google.android.apps.docs.drive.capture.DocScannerActivity, 0, 0)
03-14 12:55:27.503  2286  3592 W PackageManager: package com.google.android.apps.docs uid 10290 pid 22335 call SetEnabledSetting(com.google.android.apps.docs component = com.google.android.apps.docs.shortcut.ScanToDriveActivity, 0, 0)
03-14 12:55:27.506  2286  3592 W PackageManager: package com.google.android.apps.docs uid 10290 pid 22335 call SetEnabledSetting(com.google.android.apps.docs component = com.google.android.apps.docs.androidshortcuts.ScanToDriveActivity, 0, 0)
03-14 12:55:27.508  2286  3592 W PackageManager: package com.google.android.apps.docs uid 10290 pid 22335 call SetEnabledSetting(com.google.android.apps.docs component = com.google.android.apps.docs.androidshortcuts.CreateShortcutActivity, 0, 0)
03-14 12:55:27.514  2286  2746 W PackageManager: package com.google.android.apps.docs uid 10290 pid 22335 call SetEnabledSetting(com.google.android.apps.docs component = com.google.android.apps.docs.androidshortcuts.CreateDocumentScanShortcutActivity, 0, 0)
03-14 12:55:27.516  2286  2746 W PackageManager: package com.google.android.apps.docs uid 10290 pid 22335 call SetEnabledSetting(com.google.android.apps.docs component = com.google.android.apps.docs.common.androidshortcuts.ScanToDriveActivity, 0, 0)
03-14 12:55:27.517   719 21209 I keystore2: system/security/keystore2/watchdog/src/lib.rs:230 - Watchdog complete for: ThreadId(11644) KeystoreDB::handle_next_superseded_blob Started: 03-14 07:25:24.128 UTC Pending: 3.388929616s Overdue 2.888930231s
03-14 12:55:27.520  2286  3767 W PackageManager: package com.google.android.apps.docs uid 10290 pid 22335 call SetEnabledSetting(com.google.android.apps.docs component = com.google.android.apps.docs.common.androidshortcuts.CreateShortcutActivity, 0, 0)
03-14 12:55:27.523  2286  3767 W PackageManager: package com.google.android.apps.docs uid 10290 pid 22335 call SetEnabledSetting(com.google.android.apps.docs component = com.google.android.apps.docs.common.androidshortcuts.CreateDocumentScanShortcutActivity, 0, 0)
03-14 12:55:27.525  2286  3767 W PackageManager: package com.google.android.apps.docs uid 10290 pid 22335 call SetEnabledSetting(com.google.android.apps.docs component = com.google.android.apps.docs.drive.widget.WidgetConfigureActivity, 0, 0)
03-14 12:55:27.528  2286  3767 W PackageManager: package com.google.android.apps.docs uid 10290 pid 22335 call SetEnabledSetting(com.google.android.apps.docs component = com.google.android.apps.docs.drive.widget.CakemixAppWidgetProvider, 0, 0)
03-14 12:55:27.566  2286  3767 D ActivityManager: Async freezing 22021 com.google.android.apps.wellbeing
03-14 12:55:27.579  2286  2345 E OplusDexOptimizeManager: Start app fature is off
03-14 12:55:27.635   719   719 I keystore2: system/security/keystore2/watchdog/src/lib.rs:230 - Watchdog complete for: ThreadId(1) KeystoreDB::store_new_key Started: 03-14 07:25:23.774 UTC Pending: 3.860500923s Overdue 3.360501231s
03-14 12:55:27.636   719 21209 I keystore2: system/security/keystore2/src/database.rs:1412 - First database operation finished.
03-14 12:55:27.672  2286  2790 D OAppNetControlService: Hans update:[10353=false][0|0] blackList:[10292, 10150, 10389, 10345, 10135, 10186, 10403, 10405, 10388]
03-14 12:55:27.705  2286  2451 D PackageInstallerSessionExtImpl: not get pre-parsed ret
03-14 12:55:27.835 22508 22508 I Quality : GetResourcesInfo:241171077,/data/app/~~tDeKm5AOQYtmSQa7Q4QfnA==/com.google.android.videos-Dtmk31neHyHfFCHzFSsBYA==/base.apk
03-14 12:55:27.848 22508 22508 D ResourcesManagerExtImpl: applyConfigurationToAppResourcesLocked app.getDisplayId() return callback.displayId:-1
03-14 12:55:28.328  2286  2944 E ThermalManagerService: No threshold found for shell_skin
03-14 12:55:28.329  2286  2944 E ThermalManagerService: No threshold found for shell_skin
03-14 12:55:28.405  2286  2386 I AppsFilter: interaction: PackageSetting{a917dab com.android.microdroid.empty_payload/10265} -> PackageSetting{f4cf02a com.google.android.apps.docs/10290} BLOCKED
03-14 12:55:28.405  2286  2386 I AppsFilter: interaction: PackageSetting{b577fa1 com.oplus.locationproxy/10169} -> PackageSetting{f4cf02a com.google.android.apps.docs/10290} BLOCKED
03-14 12:55:28.405  2286  2386 I AppsFilter: interaction: PackageSetting{4aa95c6 com.android.certinstaller/10207} -> PackageSetting{f4cf02a com.google.android.apps.docs/10290} BLOCKED
03-14 12:55:28.406  2286  2386 I AppsFilter: interaction: PackageSetting{3684987 com.oplus.location/10218} -> PackageSetting{f4cf02a com.google.android.apps.docs/10290} BLOCKED
03-14 12:55:28.450  2286  2386 D BroadcastHelperExtImpl: both exported and non exported exist, send once!
03-14 12:55:28.777  2286  2678 D ShortcutService: received package broadcast intent: Intent { act=android.intent.action.PACKAGE_CHANGED dat=package: flg=0x45000010 (has extras) }
03-14 12:55:28.777  2286  2678 D ShortcutService: changing package: com.google.android.apps.docs userId=0
03-14 12:55:28.811  2286  3465 V Configuration: Updating configuration, locales updated from [] to [en_IN]
03-14 12:55:28.811  2286  3465 V Configuration: Updating configuration, locales updated from [] to [en_IN]
03-14 12:55:28.811  2286  2338 I ActivityManager: Start proc 22722:com.android.providers.downloads/u0a66 for broadcast {com.android.providers.downloads/com.android.providers.downloads.DownloadReceiver}
03-14 12:55:28.811  2286  3465 V Configuration: Updating configuration, locales updated from [] to [en_IN]
03-14 12:55:28.811  2286  2319 I ActivityManager: ProcessObserver broadcast disabled
03-14 12:55:28.813  2286  2455 W AppOpService: Ignored setUidMode call for runtime permission app op: uid = 10244, code = READ_CELL_BROADCASTS, mode = allow, callingUid = 1001, oldMode = allow
03-14 12:55:28.819  2286  2455 W AppOpService: Ignored setUidMode call for runtime permission app op: uid = 1001, code = READ_SMS, mode = allow, callingUid = 1001, oldMode = allow
03-14 12:55:28.820  2286  2455 W AppOpService: Ignored setUidMode call for runtime permission app op: uid = 1001, code = RECEIVE_SMS, mode = allow, callingUid = 1001, oldMode = allow
03-14 12:55:28.821  2286  2660 D AppWidgetServiceImpl: Trying to notify widget providers changed
03-14 12:55:28.821  2286  2455 W AppOpService: Ignored setUidMode call for runtime permission app op: uid = 1001, code = RECEIVE_WAP_PUSH, mode = allow, callingUid = 1001, oldMode = allow
03-14 12:55:28.822  2286  2455 W AppOpService: Ignored setUidMode call for runtime permission app op: uid = 1001, code = SEND_SMS, mode = allow, callingUid = 1001, oldMode = allow
03-14 12:55:28.822  2286  2455 W AppOpService: Ignored setUidMode call for runtime permission app op: uid = 1001, code = READ_CELL_BROADCASTS, mode = allow, callingUid = 1001, oldMode = allow
03-14 12:55:28.845  2286  3465 V Configuration: Updating configuration, locales updated from [] to [en_IN]
03-14 12:55:28.890  2286  3465 D UsageStatsService: User[0] type=0 b=1773426600000 e=1773473127157 cb=1773429636663 ce=1773473126423 disk=210 all=2701
03-14 12:55:28.944  2286  9190 W AppOpService: Ignored setUidMode call for runtime permission app op: uid = 10234, code = FINE_LOCATION, mode = allow, callingUid = 1000, oldMode = allow
03-14 12:55:29.035  2286  3592 D PackageManager_InfoGetNullLogPrint: Target:com.heytap.quicksearchbox callingUid=10200 userid=0 flag=0xc0000 reason is AppInfo not found in mPackages
03-14 12:55:29.360  2286  2944 E ThermalManagerService: No threshold found for shell_skin
03-14 12:55:29.361  2286  2944 E ThermalManagerService: No threshold found for shell_skin
03-14 12:55:29.364  2286  3465 D ActivityManager: Async freezing 1663 com.oplus.romupdate
03-14 12:55:29.372  2286  3592 W ActivityManager: pid 21875 com.coloros.phonemanager sent binder code 1 with flags 0 to frozen apps and got error -2147483646
03-14 12:55:29.372 21875 22057 I ActivityThread: Removing dead content provider:android.content.ContentProviderProxy@cb6eeb9
03-14 12:55:29.383  2286  3592 D ActivityManager: Too many transaction errors, throttling freezer binder callback.
03-14 12:55:29.390  2286  2455 I ActivityManager: Process com.oplus.romupdate (pid 1663) early provider death
03-14 12:55:29.462  2286  2318 W Looper  : Slow dispatch took 551ms android.fg app=system_server main=false group=UNKNOWN h=android.os.Handler c=com.android.server.pm.LauncherAppsService$LauncherAppsImpl$MyPackageMonitor$$ExternalSyntheticLambda0@fcac297 m=0
03-14 12:55:29.463  2286  2318 W Looper  : Slow delivery took 220ms android.fg app=system_server main=false group=UNKNOWN h=android.os.Handler c=com.android.server.power.hint.HintManagerService$MyUidObserver$$ExternalSyntheticLambda0@8690c84 m=0
03-14 12:55:29.493  2286  2455 I ActivityManager: Process com.oplus.romupdate (pid 1663) has died: cch+5 CEM 
03-14 12:55:29.583  2286  2488 D ActivityManager: reportOneUidFrozenStateChanged uid 10177 frozen = false
03-14 12:55:29.601  2286  2318 W Looper  : Drained
03-14 12:55:29.658  2286  3592 I ActivityManager: Death received, pid = 19534, processName = com.heytap.mydevices:cards for thread android.os.BinderProxy@e83681c
03-14 12:55:29.659  2286  2762 I ActivityManager: Death received, pid = 0, processName = com.oplus.romupdate for thread android.os.BinderProxy@9540c25
03-14 12:55:30.318  2286  3465 E OplusDexOptimizeManager: Start app fature is off
03-14 12:55:30.318  2286  3465 E OplusDexOptimizeManager: Start app fature is off
03-14 12:55:30.323  2286  3465 D ActivityTaskManagerServiceExtImpl: preBindApplication record is null
03-14 12:55:30.331  2286  2944 E ThermalManagerService: No threshold found for shell_skin
03-14 12:55:30.331  2286  2944 E ThermalManagerService: No threshold found for shell_skin
03-14 12:55:30.338  2286  3465 W ActivityManager: Slow operation: 54ms so far, now at attachApplicationLocked: after updateOomAdjLocked
03-14 12:55:30.340  2286  3465 E OplusDexOptimizeManager: Start app fature is off
03-14 12:55:30.355 22722 22722 V Configuration: Updating configuration, locales updated from [] to [en_IN]
03-14 12:55:30.365  2286  3021 I ActivityManager: Process com.heytap.mydevices:cards (pid 19534) has died: cch+5 CEM 
03-14 12:55:30.384  2286  2995 V ActivityManager: Got obituary of 1663:com.oplus.romupdate
03-14 12:55:30.418 22722 22722 E OplusCustomizePackageManager: mIOplusCustomizePackageManagerService is null
03-14 12:55:30.419 22722 22722 E OplusCustomizePackageManager: mIOplusCustomizePackageManagerService is null
03-14 12:55:30.419 22722 22722 E OplusCustomizePackageManager: isOplusCertificatePackage Errorjava.lang.NullPointerException: Attempt to invoke interface method 'boolean android.os.customize.IOplusCustomizePackageManagerService.isOplusCertificatePackage(java.lang.String)' on a null object reference
03-14 12:55:30.423  2286  2338 I ActivityManager: Start proc 22784:com.oplus.romupdate/u0a177 for content provider {com.oplus.romupdate/com.oplusos.romupdate.provider.RomUpdateContentProvider}
03-14 12:55:30.425  2286  2319 I ActivityManager: ProcessObserver broadcast disabled
03-14 12:55:30.455  2286  3660 E OplusDexOptimizeManager: Start app fature is off
03-14 12:55:30.455  2286  3660 E OplusDexOptimizeManager: Start app fature is off
03-14 12:55:30.456  2286  3660 D ActivityTaskManagerServiceExtImpl: preBindApplication record is null
03-14 12:55:30.472  2286  3660 D ActivityManager: Async freezing 22784 com.oplus.romupdate
03-14 12:55:30.480 22784 22784 V Configuration: Updating configuration, locales updated from [] to [en_IN]
03-14 12:55:30.573  2286  2321 W AnrLogEnhancementHelperImpl: app side detected 2286 dynamic_receiver cost time = 1796
03-14 12:55:30.573  2286  2321 W LoadedApk: System took : 1796ms in onReceive of class com.android.server.input.KeyboardLayoutManager$1 for action : android.intent.action.PACKAGE_CHANGED
03-14 12:55:30.708  2286  2473 D ActivityManager: Async freezing 21983 com.android.vending:background
03-14 12:55:30.710  2286  2473 E JobScheduler.Background: Couldn't determine stopped state for unknown package: com.microsoft.appmanager
03-14 12:55:30.715  2286  2473 E JobScheduler.Background: Couldn't determine stopped state for unknown package: com.microsoft.appmanager
03-14 12:55:30.716 22722 22722 D ResourcesManagerExtImpl: applyConfigurationToAppResourcesLocked app.getDisplayId() return callback.displayId:-1
03-14 12:55:30.719 21875 22815 D ActivityThread: Too many transaction errors, throttling freezer binder callback.
03-14 12:55:30.798  2286  2456 W AppOpService: Ignored setUidMode call for runtime permission app op: uid = 10244, code = READ_CELL_BROADCASTS, mode = allow, callingUid = 1001, oldMode = allow
03-14 12:55:30.803  2286  2456 W AppOpService: Ignored setUidMode call for runtime permission app op: uid = 1001, code = READ_SMS, mode = allow, callingUid = 1001, oldMode = allow
03-14 12:55:30.804  2286  3756 W AppOpService: Ignored setUidMode call for runtime permission app op: uid = 1001, code = RECEIVE_SMS, mode = allow, callingUid = 1001, oldMode = allow
03-14 12:55:30.805  2286  3756 W AppOpService: Ignored setUidMode call for runtime permission app op: uid = 1001, code = RECEIVE_WAP_PUSH, mode = allow, callingUid = 1001, oldMode = allow
03-14 12:55:30.805  2286  3756 W AppOpService: Ignored setUidMode call for runtime permission app op: uid = 1001, code = SEND_SMS, mode = allow, callingUid = 1001, oldMode = allow
03-14 12:55:30.806  2286  3756 W AppOpService: Ignored setUidMode call for runtime permission app op: uid = 1001, code = READ_CELL_BROADCASTS, mode = allow, callingUid = 1001, oldMode = allow
03-14 12:55:30.903  2286  3769 E AppOps  : attributionTag OplusLBS not declared in manifest of android
03-14 12:55:30.928  2286  3756 E OplusDexOptimizeManager: Start app fature is off
03-14 12:55:31.192  2286  3660 E OplusDexOptimizeManager: Start app fature is off
03-14 12:55:31.202  2286  3660 I ActivityManager: Flag disabled. Ignoring finishAttachApplication from uid: 10066. pid: 22722
03-14 12:55:31.228  2286  2488 D ActivityManager: reportOneUidFrozenStateChanged uid 10271 frozen = false
03-14 12:55:31.256  2286  2456 D CompatChangeReporter: Compat change id reported: 297989574; UID 10305; state: ENABLED
03-14 12:55:31.335  2286  2944 E ThermalManagerService: No threshold found for shell_skin
03-14 12:55:31.335  2286  2944 E ThermalManagerService: No threshold found for shell_skin
03-14 12:55:31.373 22349 22424 W ContextImpl: Calling a method in the system process without a qualified user: android.app.ContextImpl.bindService:2135 android.content.ContextWrapper.bindService:901 com.nearme.instant.oms.push.a.q:5 com.nearme.instant.oms.push.a.<init>:9 a.a.a.n1.<init>:1 
03-14 12:55:31.409 22784 22784 I Quality : GetResourcesInfo:71489231,/product/app/RomUpdate/RomUpdate.apk
03-14 12:55:31.421 22784 22784 D ResourcesManagerExtImpl: applyConfigurationToAppResourcesLocked app.getDisplayId() return callback.displayId:-1
03-14 12:55:31.451  2286  2527 V AccessibilityManagerService: onUserStateChangedLocked for user 0 with forceUpdate: false mEnabledServices = [] mCrashedServices = [] hasMagnificationConnection=false
03-14 12:55:31.451  2286  2527 W MagnificationConnectionManager: requestConnection duplicated request: connect=false, mConnectionState=DISCONNECTED
03-14 12:55:31.469  2286  2345 D ActivityManager: pid 15665 com.google.android.adservices.api received sync transactions while frozen, killing
03-14 12:55:31.471  2286  2345 I ActivityManager: Killing 15665:com.google.android.adservices.api/u0a271 (adj 975): Sync transaction while in frozen state
03-14 12:55:31.536  2286  2345 D ActivityManager: pid 15665 com.google.android.adservices.api received async transactions while frozen
03-14 12:55:31.537  2286  2345 D ActivityManager: Async freezing 15665 com.google.android.adservices.api
03-14 12:55:31.540  2286  2345 W ActivityManager: ProcessRecord{9a5836d 15665:com.google.android.adservices.api/u0a271} is attached to a previous process
03-14 12:55:31.541  2286  2345 W ActivityManager: Existing proc ProcessRecord{9a5836d 15665:com.google.android.adservices.api/u0a271} was killed 5ms ago when adding ProcessRecord{e69ba3f 0:com.google.android.adservices.api/u0a271}
03-14 12:55:31.556  2286  2455 E OplusDexOptimizeManager: Start app fature is off
03-14 12:55:31.564  2286  3756 E OplusDexOptimizeManager: Start app fature is off
03-14 12:55:31.568  2286  4424 I ActivityManager: Death received, pid = 15665, processName = com.google.android.adservices.api for thread android.os.BinderProxy@5f43978
03-14 12:55:31.620  2286  2338 W ActivityManager: Slow operation: 69ms so far, now at startProcess: done updating battery stats
03-14 12:55:31.620  2286  2338 W ActivityManager: Slow operation: 71ms so far, now at startProcess: building log message
03-14 12:55:31.620  2286  2338 I ActivityManager: Start proc 22874:com.google.android.adservices.api/u0a271 for broadcast {com.google.android.adservices.api/com.android.adservices.service.common.PackageChangedReceiver}
03-14 12:55:31.620  2286  2338 W ActivityManager: Slow operation: 71ms so far, now at startProcess: starting to update pids map
03-14 12:55:31.620  2286  2338 W ActivityManager: Slow operation: 71ms so far, now at startProcess: done updating pids map
03-14 12:55:31.620  2286  2319 I ActivityManager: ProcessObserver broadcast disabled
03-14 12:55:31.627  2286  2455 E OplusDexOptimizeManager: Start app fature is off
03-14 12:55:31.627  2286  2455 E OplusDexOptimizeManager: Start app fature is off
03-14 12:55:31.627  2286  2455 E OplusDexOptimizeManager: Start app fature is off
03-14 12:55:31.627  2286  2455 E OplusDexOptimizeManager: Start app fature is off
03-14 12:55:31.627  2286  2455 D ActivityTaskManagerServiceExtImpl: preBindApplication record is null
03-14 12:55:31.631  2286  2455 E OplusDexOptimizeManager: Start app fature is off
03-14 12:55:31.671 22874 22874 V Configuration: Updating configuration, locales updated from [] to [en_IN]
03-14 12:55:31.678  2286  2318 W Looper  : Slow dispatch took 777ms android.fg app=system_server main=false group=UNKNOWN h=android.os.Handler c=com.android.internal.listeners.ListenerExecutor$$ExternalSyntheticLambda0@3523da m=0
03-14 12:55:31.678  2286  2318 W Looper  : Slow delivery took 775ms android.fg app=system_server main=false group=UNKNOWN h=android.os.Handler c=com.android.internal.listeners.ListenerExecutor$$ExternalSyntheticLambda0@c28e00b m=0
03-14 12:55:31.679  2286  2318 W Looper  : Drained
03-14 12:55:31.769 22349 22862 W ContextImpl: Calling a method in the system process without a qualified user: android.app.ContextImpl.bindService:2135 android.content.ContextWrapper.bindService:901 com.opos.process.bridge.client.BinderManager.getBinderSync:9 com.opos.process.bridge.client.BaseServiceClient.getBinder:3 com.opos.process.bridge.client.BaseServiceClient.callRemote:33 
03-14 12:55:31.780  2286  3592 I ActivityManager: Flag disabled. Ignoring finishAttachApplication from uid: 10305. pid: 22404
03-14 12:55:31.781  2286  2337 E OplusDexOptimizeManager: Start app fature is off
03-14 12:55:31.782  2286  2337 E OplusDexOptimizeManager: Start app fature is off
03-14 12:55:31.788  2286  3465 D ActivityManager: Async freezing 22722 com.android.providers.downloads
03-14 12:55:31.813  2286  2338 I ActivityManager: Start proc 22917:com.heytap.mcs:msp_core/1000 for service {com.heytap.mcs/com.heytap.msp.v2.ipcchannel.service.MspAbilityService}
03-14 12:55:31.818  2286  2319 I ActivityManager: ProcessObserver broadcast disabled
03-14 12:55:31.869  2286  4424 E OplusDexOptimizeManager: Start app fature is off
03-14 12:55:31.869  2286  4424 E OplusDexOptimizeManager: Start app fature is off
03-14 12:55:31.869  2286  4424 D ActivityTaskManagerServiceExtImpl: preBindApplication record is null
03-14 12:55:31.879  2286  4424 E OplusDexOptimizeManager: Start app fature is off
03-14 12:55:31.897  2286  2338 I ActivityManager: Start proc 22949:com.oplus.trafficmonitor:network_control/1000 for broadcast {com.oplus.trafficmonitor/com.oplus.trafficmonitor.view.networkcontrol.dialog.NetworkNotAllowedReceiver}
03-14 12:55:31.899  2286  2319 I ActivityManager: ProcessObserver broadcast disabled
03-14 12:55:31.900 22917 22917 V Configuration: Updating configuration, locales updated from [] to [en_IN]
03-14 12:55:31.909  2286  4424 I ActivityManager: Flag disabled. Ignoring finishAttachApplication from uid: 10177. pid: 22784
03-14 12:55:31.946  2286  4424 D ActivityTaskManagerServiceExtImpl: preBindApplication record is null
03-14 12:55:31.955  2286  4424 E OplusDexOptimizeManager: Start app fature is off
03-14 12:55:31.966 22949 22949 V Configuration: Updating configuration, locales updated from [] to [en_IN]
03-14 12:55:32.251  2286  4424 E OplusDexOptimizeManager: Start app fature is off
03-14 12:55:32.335  2286  2944 E ThermalManagerService: No threshold found for shell_skin
03-14 12:55:32.335  2286  2944 E ThermalManagerService: No threshold found for shell_skin
03-14 12:55:32.425  2286  3465 E OplusDexOptimizeManager: Start app fature is off
03-14 12:55:32.539  2286  3592 E OplusDexOptimizeManager: Start app fature is off
03-14 12:55:32.638  2286  4424 W ActivityManager: Receiver with filter android.content.IntentFilter@5934365 already registered for pid 22917, callerPackage is com.heytap.mcs
03-14 12:55:32.686  2286  3592 I MediaSessionStack: addSession to bottom of stack | record: com.google.android.videos/play_movies_media/472 (userId=0)
03-14 12:55:32.689  2286  2286 I OplusMediaControlService: onActiveSessionsChanged begin
03-14 12:55:32.710  2286  4424 E OplusDexOptimizeManager: Start app fature is off
03-14 12:55:32.761  2286  2456 D PackageManager_InfoGetNullLogPrint: Target: callingUid=10200 userid=0 flag=0xc0000 reason is PackageInfo not found in mPackages
03-14 12:55:32.828  2286  2286 I OplusMediaControlService: onEventFromMediaControllerList controller size = 1
03-14 12:55:32.829  2286  2286 I OplusMediaControlService: getPlayerInfo, playerId: 257292693, pkgname: com.google.android.youtube
03-14 12:55:32.955  2286  2286 D OplusMediaControlService: isInMediaBlackList: com.google.android.youtube, 0
03-14 12:55:32.955  2286  2286 I OplusMediaControlService: updateControllerMap begin
03-14 12:55:32.955  2286  2286 D OplusMediaControlService: isInMediaBlackList: com.google.android.youtube, 0
03-14 12:55:32.955  2286  2286 V OplusMediaControlService: this app is in media black list, pkgName: com.google.android.youtube
03-14 12:55:32.955  2286  2286 D OplusMediaControlService: isInMediaBlackList: com.google.android.youtube, 0
03-14 12:55:32.955  2286  2286 V OplusMediaControlService: this app is in media black list, pkgName: com.google.android.youtube
03-14 12:55:32.955  2286  2286 I OplusMediaControlService: updataPlayStateMap begin
03-14 12:55:32.955  2286  2286 I OplusMediaControlService: updateMetadataMap begin
03-14 12:55:32.955  2286  2286 I OplusMediaControlService: updatePlayerInfoList event = com.oplus.media.OplusMediaEvent@41f7ebb
03-14 12:55:32.956  2286  2286 I OplusMediaControlService: sendOnEventMessage begin, eventType: 6, observer: android.os.BinderProxy@812ea0d
03-14 12:55:32.958  2286  2286 W Looper  : Slow dispatch took 266ms main app=system_server main=true group=UNKNOWN h=android.os.Handler c=android.media.session.MediaSessionManager$SessionsChangedWrapper$1$$ExternalSyntheticLambda0@ebd4b97 m=0
03-14 12:55:32.960  2286  2286 I OplusMediaControlService: on event EventType: 6
03-14 12:55:33.125   719 21209 I keystore2: system/security/keystore2/src/database.rs:1412 - First database operation finished.
03-14 12:55:33.130  2286  2320 D PackageInstallerSessionExtImpl: hasPreExtract: false
03-14 12:55:33.177  2286  2488 D ActivityManager: freezing 21875 com.coloros.phonemanager
03-14 12:55:33.177  2286  2488 D ActivityManager: Reschedule freeze for process 21875 com.coloros.phonemanager (outstanding txns), timeout=2977
03-14 12:55:33.177  2286  2488 D ActivityManager: Async freezing 21875 com.coloros.phonemanager
03-14 12:55:33.200 22874 22874 I Quality : GetResourcesInfo:465560615,/apex/com.android.adservices/priv-app/AdServicesApkGoogle@361153320/AdServicesApkGoogle.apk
03-14 12:55:33.214 22874 22874 D ResourcesManagerExtImpl: applyConfigurationToAppResourcesLocked app.getDisplayId() return callback.displayId:-1
03-14 12:55:33.241  2286  2386 D ActivityManager: Cancel freezing 21983 com.android.vending:background
03-14 12:55:33.242  5696  5696 W AnrLogEnhancementHelperImpl: app side detected 5696 dynamic_receiver cost time = 1377
03-14 12:55:33.245  2286  2473 E JobScheduler.Background: Couldn't determine stopped state for unknown package: com.microsoft.appmanager
03-14 12:55:33.247  2286  2345 E OplusDexOptimizeManager: Start app fature is off
03-14 12:55:33.250  2286  2473 E JobScheduler.Background: Couldn't determine stopped state for unknown package: com.microsoft.appmanager
03-14 12:55:33.281  2286  2790 D OAppNetControlService: Hans update:[10353=true][0|0] blackList:[10292, 10150, 10389, 10345, 10135, 10186, 10403, 10405, 10388, 10353]
03-14 12:55:33.311  2286  2456 I ActivityManager: Flag disabled. Ignoring finishAttachApplication from uid: 10291. pid: 22508
03-14 12:55:33.314  2286  3465 W ActivityManager: Receiver with filter android.content.IntentFilter@dad0981 already registered for pid 22917, callerPackage is com.heytap.mcs
03-14 12:55:33.324 22917 23041 W ContextImpl: Calling a method in the system process without a qualified user: android.app.ContextImpl.bindService:2135 android.content.ContextWrapper.bindService:901 com.heytap.msp.ipc.client.BinderManager.getBinderSync:9 com.heytap.msp.ipc.client.CompatServiceClient.getBinder:3 com.heytap.msp.ipc.client.CompatServiceClient.callRemote:32 
03-14 12:55:33.337  2286  2944 E ThermalManagerService: No threshold found for shell_skin
03-14 12:55:33.338  2286  2944 E ThermalManagerService: No threshold found for shell_skin
03-14 12:55:33.387  2286  2456 E OplusDexOptimizeManager: Start app fature is off
03-14 12:55:33.391  2286  2345 E OplusDexOptimizeManager: Start app fature is off
03-14 12:55:33.625   719 21864 W keystore2: system/security/keystore2/watchdog/src/lib.rs:143 - ### Keystore Watchdog report - BEGIN ###
03-14 12:55:33.625   719 21864 W keystore2: system/security/keystore2/watchdog/src/lib.rs:152 - When extracting from a bug report, please include this header and all 1 records below (to footer)
03-14 12:55:33.625   719 21864 W keystore2: system/security/keystore2/watchdog/src/lib.rs:199 - ThreadId(11644) KeystoreDB::handle_next_superseded_blob Started: 03-14 07:25:33.125 UTC Pending: 500.244692ms Overdue 246.539µs
03-14 12:55:33.625   719 21864 W keystore2: system/security/keystore2/watchdog/src/lib.rs:211 - ### Keystore Watchdog report - END ###
03-14 12:55:33.627  2286  4424 E OplusDexOptimizeManager: Start app fature is off
03-14 12:55:33.627  2286  2456 I OplusMediaControlService: unregisterEventObserver start, observer: android.os.BinderProxy@812ea0d, callerUid: 10202
03-14 12:55:33.627  2286  2456 I OplusMediaControlService: unregisterEventObserver successfully.
03-14 12:55:33.640  2286  3592 E OplusDexOptimizeManager: Start app fature is off
03-14 12:55:33.667  2286  2790 D OAppNetControlService: Hans update:[10405=false][0|0] blackList:[10292, 10150, 10389, 10345, 10135, 10186, 10403, 10388, 10353]
03-14 12:55:33.669 10658 13588 V Configuration: Updating configuration, locales updated from [] to [en_IN]
03-14 12:55:33.671 10658 13588 D ParsingPackageUtilsExtImpl: adjustXmlValidator skip verify tag packageName: com.prodix.proconnect , bootCompleted: true
03-14 12:55:33.672  2286  3756 I OplusMediaControlService: registerEventObserver start, observer: android.os.BinderProxy@812ea0d, callerUid: 10202
03-14 12:55:33.673  2286  2345 E OplusDexOptimizeManager: Start app fature is off
03-14 12:55:33.683   719 21864 W keystore2: system/security/keystore2/watchdog/src/lib.rs:143 - ### Keystore Watchdog report - BEGIN ###
03-14 12:55:33.683   719 21864 W keystore2: system/security/keystore2/watchdog/src/lib.rs:152 - When extracting from a bug report, please include this header and all 2 records below (to footer)
03-14 12:55:33.683   719 21864 W keystore2: system/security/keystore2/watchdog/src/lib.rs:199 - ThreadId(11644) KeystoreDB::handle_next_superseded_blob Started: 03-14 07:25:33.125 UTC Pending: 558.751461ms Overdue 58.753231ms
03-14 12:55:33.684   719 21864 W keystore2: system/security/keystore2/watchdog/src/lib.rs:199 - ThreadId(11644) TX_handle_next_superseded_blob Started: 03-14 07:25:33.125 UTC Pending: 558.108538ms Overdue 58.109539ms
03-14 12:55:33.684   719 21864 W keystore2: system/security/keystore2/watchdog/src/lib.rs:211 - ### Keystore Watchdog report - END ###
03-14 12:55:33.687 12963 12963 D ActivityThread: Package [com.google.android.apps.nbu.paisa.user] reported as REPLACED, but missing application info. Assuming REMOVED.
03-14 12:55:33.688 12963 12963 D ActivityThread: Package [com.google.android.apps.nbu.paisa.user] reported as REPLACED, but missing application info. Assuming REMOVED.
03-14 12:55:33.688 12963 12963 D ActivityThread: Package [com.google.android.apps.nbu.paisa.user] reported as REPLACED, but missing application info. Assuming REMOVED.
03-14 12:55:33.689 12963 12963 D ActivityThread: Package [com.coloros.weather2] reported as REPLACED, but missing application info. Assuming REMOVED.
03-14 12:55:33.689 12963 12963 D ActivityThread: Package [com.coloros.weather2] reported as REPLACED, but missing application info. Assuming REMOVED.
03-14 12:55:33.690 12963 12963 D ActivityThread: Package [com.coloros.weather2] reported as REPLACED, but missing application info. Assuming REMOVED.
03-14 12:55:33.692   719 21864 W keystore2: system/security/keystore2/watchdog/src/lib.rs:143 - ### Keystore Watchdog report - BEGIN ###
03-14 12:55:33.692   719 21864 W keystore2: system/security/keystore2/watchdog/src/lib.rs:152 - When extracting from a bug report, please include this header and all 2 records below (to footer)
03-14 12:55:33.692   719 21864 W keystore2: system/security/keystore2/watchdog/src/lib.rs:199 - ThreadId(11644) KeystoreDB::handle_next_superseded_blob Started: 03-14 07:25:33.125 UTC Pending: 567.293923ms Overdue 67.295693ms
03-14 12:55:33.692   719 21864 W keystore2: system/security/keystore2/watchdog/src/lib.rs:199 - ThreadId(11644) TX_handle_next_superseded_blob Started: 03-14 07:25:33.125 UTC Pending: 566.655615ms Overdue 66.656924ms
03-14 12:55:33.692   719 21864 W keystore2: system/security/keystore2/watchdog/src/lib.rs:211 - ### Keystore Watchdog report - END ###
03-14 12:55:33.698  2286  2456 E OplusDexOptimizeManager: Start app fature is off
03-14 12:55:33.722 29826 16691 V Configuration: Updating configuration, locales updated from [] to [en_IN]
03-14 12:55:33.723 29826 16691 D ParsingPackageUtilsExtImpl: adjustXmlValidator skip verify tag packageName: com.prodix.proconnect , bootCompleted: true
03-14 12:55:33.738 22917 22917 W ContextImpl: Calling a method in the system process without a qualified user: android.app.ContextImpl.bindService:2135 android.content.ContextWrapper.bindService:901 androidx.room.MultiInstanceInvalidationClient.<init>:13 androidx.room.InvalidationTracker.startMultiInstanceInvalidation:2 androidx.room.RoomDatabase.init:35 
03-14 12:55:33.741  2286  2456 E OplusDexOptimizeManager: Start app fature is off
03-14 12:55:33.834   719 21864 W keystore2: system/security/keystore2/watchdog/src/lib.rs:143 - ### Keystore Watchdog report - BEGIN ###
03-14 12:55:33.834   719 21864 W keystore2: system/security/keystore2/watchdog/src/lib.rs:152 - When extracting from a bug report, please include this header and all 4 records below (to footer)
03-14 12:55:33.834   719 21864 W keystore2: system/security/keystore2/watchdog/src/lib.rs:199 - ThreadId(11644) KeystoreDB::handle_next_superseded_blob Started: 03-14 07:25:33.125 UTC Pending: 709.478231ms Overdue 209.48ms
03-14 12:55:33.834   719 21864 W keystore2: system/security/keystore2/watchdog/src/lib.rs:199 - ThreadId(11644) TX_handle_next_superseded_blob Started: 03-14 07:25:33.125 UTC Pending: 708.819384ms Overdue 208.820308ms
03-14 12:55:33.834   719 21864 W keystore2: system/security/keystore2/watchdog/src/lib.rs:199 - ThreadId(11644) KeystoreDB::handle_next_superseded_blob load_metadata Started: 03-14 07:25:33.296 UTC Pending: 538.662846ms Overdue 38.663308ms
03-14 12:55:33.834   719 21864 W keystore2: system/security/keystore2/watchdog/src/lib.rs:199 - ThreadId(11644) KeystoreDB::handle_next_superseded_blob delete v2 Started: 03-14 07:25:33.296 UTC Pending: 538.648307ms Overdue 38.648615ms
03-14 12:55:33.834   719 21864 W keystore2: system/security/keystore2/watchdog/src/lib.rs:211 - ### Keystore Watchdog report - END ###
03-14 12:55:33.837   719 21864 W keystore2: system/security/keystore2/watchdog/src/lib.rs:143 - ### Keystore Watchdog report - BEGIN ###
03-14 12:55:33.837   719 21864 W keystore2: system/security/keystore2/watchdog/src/lib.rs:152 - When extracting from a bug report, please include this header and all 4 records below (to footer)
03-14 12:55:33.837   719 21864 W keystore2: system/security/keystore2/watchdog/src/lib.rs:199 - ThreadId(11644) KeystoreDB::handle_next_superseded_blob Started: 03-14 07:25:33.125 UTC Pending: 712.141538ms Overdue 212.143385ms
03-14 12:55:33.837   719 21864 W keystore2: system/security/keystore2/watchdog/src/lib.rs:199 - ThreadId(11644) TX_handle_next_superseded_blob Started: 03-14 07:25:33.125 UTC Pending: 711.504538ms Overdue 211.505539ms
03-14 12:55:33.837   719 21864 W keystore2: system/security/keystore2/watchdog/src/lib.rs:199 - ThreadId(11644) KeystoreDB::handle_next_superseded_blob load_metadata Started: 03-14 07:25:33.296 UTC Pending: 541.360923ms Overdue 41.361231ms
03-14 12:55:33.837   719 21864 W keystore2: system/security/keystore2/watchdog/src/lib.rs:199 - ThreadId(11644) KeystoreDB::handle_next_superseded_blob delete v2 Started: 03-14 07:25:33.296 UTC Pending: 541.357461ms Overdue 41.357769ms
03-14 12:55:33.837   719 21864 W keystore2: system/security/keystore2/watchdog/src/lib.rs:211 - ### Keystore Watchdog report - END ###
03-14 12:55:33.930  2286  3756 E OplusDexOptimizeManager: Start app fature is off
03-14 12:55:33.948  2286  3756 E OplusDexOptimizeManager: Start app fature is off
03-14 12:55:33.982   719 21864 W keystore2: system/security/keystore2/watchdog/src/lib.rs:143 - ### Keystore Watchdog report - BEGIN ###
03-14 12:55:33.983   719 21864 W keystore2: system/security/keystore2/watchdog/src/lib.rs:152 - When extracting from a bug report, please include this header and all 4 records below (to footer)
03-14 12:55:33.983   719 21864 W keystore2: system/security/keystore2/watchdog/src/lib.rs:199 - ThreadId(11644) KeystoreDB::handle_next_superseded_blob Started: 03-14 07:25:33.125 UTC Pending: 857.839692ms Overdue 357.841308ms
03-14 12:55:33.983   719 21864 W keystore2: system/security/keystore2/watchdog/src/lib.rs:199 - ThreadId(11644) TX_handle_next_superseded_blob Started: 03-14 07:25:33.125 UTC Pending: 857.195077ms Overdue 357.196001ms
03-14 12:55:33.983   719 21864 W keystore2: system/security/keystore2/watchdog/src/lib.rs:199 - ThreadId(11644) KeystoreDB::handle_next_superseded_blob load_metadata Started: 03-14 07:25:33.296 UTC Pending: 687.050769ms Overdue 187.051077ms
03-14 12:55:33.983   719 21864 W keystore2: system/security/keystore2/watchdog/src/lib.rs:199 - ThreadId(11644) KeystoreDB::handle_next_superseded_blob delete v2 Started: 03-14 07:25:33.296 UTC Pending: 687.046769ms Overdue 187.047308ms
03-14 12:55:33.983   719 21864 W keystore2: system/security/keystore2/watchdog/src/lib.rs:211 - ### Keystore Watchdog report - END ###
03-14 12:55:33.989   719 21864 W keystore2: system/security/keystore2/watchdog/src/lib.rs:143 - ### Keystore Watchdog report - BEGIN ###
03-14 12:55:33.990   719 21864 W keystore2: system/security/keystore2/watchdog/src/lib.rs:152 - When extracting from a bug report, please include this header and all 4 records below (to footer)
03-14 12:55:33.990   719 21864 W keystore2: system/security/keystore2/watchdog/src/lib.rs:199 - ThreadId(11644) KeystoreDB::handle_next_superseded_blob Started: 03-14 07:25:33.125 UTC Pending: 864.845923ms Overdue 364.847693ms
03-14 12:55:33.990   719 21864 W keystore2: system/security/keystore2/watchdog/src/lib.rs:199 - ThreadId(11644) TX_handle_next_superseded_blob Started: 03-14 07:25:33.125 UTC Pending: 864.203ms Overdue 364.204231ms
03-14 12:55:33.990   719 21864 W keystore2: system/security/keystore2/watchdog/src/lib.rs:199 - ThreadId(11644) KeystoreDB::handle_next_superseded_blob load_metadata Started: 03-14 07:25:33.296 UTC Pending: 694.058154ms Overdue 194.058385ms
03-14 12:55:33.990   719 21864 W keystore2: system/security/keystore2/watchdog/src/lib.rs:199 - ThreadId(11644) KeystoreDB::handle_next_superseded_blob delete v2 Started: 03-14 07:25:33.296 UTC Pending: 694.055384ms Overdue 194.055923ms
03-14 12:55:33.990   719 21864 W keystore2: system/security/keystore2/watchdog/src/lib.rs:211 - ### Keystore Watchdog report - END ###
03-14 12:55:33.992   719 21864 W keystore2: system/security/keystore2/watchdog/src/lib.rs:143 - ### Keystore Watchdog report - BEGIN ###
03-14 12:55:33.992   719 21864 W keystore2: system/security/keystore2/watchdog/src/lib.rs:152 - When extracting from a bug report, please include this header and all 4 records below (to footer)
03-14 12:55:33.992   719 21864 W keystore2: system/security/keystore2/watchdog/src/lib.rs:199 - ThreadId(11644) KeystoreDB::handle_next_superseded_blob Started: 03-14 07:25:33.125 UTC Pending: 867.127154ms Overdue 367.129ms
03-14 12:55:33.992   719 21864 W keystore2: system/security/keystore2/watchdog/src/lib.rs:199 - ThreadId(11644) TX_handle_next_superseded_blob Started: 03-14 07:25:33.125 UTC Pending: 866.483615ms Overdue 366.484847ms
03-14 12:55:33.992   719 21864 W keystore2: system/security/keystore2/watchdog/src/lib.rs:199 - ThreadId(11644) KeystoreDB::handle_next_superseded_blob load_metadata Started: 03-14 07:25:33.296 UTC Pending: 696.338154ms Overdue 196.338385ms
03-14 12:55:33.992   719 21864 W keystore2: system/security/keystore2/watchdog/src/lib.rs:199 - ThreadId(11644) KeystoreDB::handle_next_superseded_blob delete v2 Started: 03-14 07:25:33.296 UTC Pending: 696.334077ms Overdue 196.334385ms
03-14 12:55:33.992   719 21864 W keystore2: system/security/keystore2/watchdog/src/lib.rs:211 - ### Keystore Watchdog report - END ###
03-14 12:55:33.999   719 21864 W keystore2: system/security/keystore2/watchdog/src/lib.rs:143 - ### Keystore Watchdog report - BEGIN ###
03-14 12:55:33.999   719 21864 W keystore2: system/security/keystore2/watchdog/src/lib.rs:152 - When extracting from a bug report, please include this header and all 4 records below (to footer)
03-14 12:55:33.999   719 21864 W keystore2: system/security/keystore2/watchdog/src/lib.rs:199 - ThreadId(11644) KeystoreDB::handle_next_superseded_blob Started: 03-14 07:25:33.125 UTC Pending: 874.107384ms Overdue 374.109231ms
03-14 12:55:33.999   719 21864 W keystore2: system/security/keystore2/watchdog/src/lib.rs:199 - ThreadId(11644) TX_handle_next_superseded_blob Started: 03-14 07:25:33.125 UTC Pending: 873.461538ms Overdue 373.462462ms
03-14 12:55:33.999   719 21864 W keystore2: system/security/keystore2/watchdog/src/lib.rs:199 - ThreadId(11644) KeystoreDB::handle_next_superseded_blob load_metadata Started: 03-14 07:25:33.296 UTC Pending: 703.314538ms Overdue 203.315ms
03-14 12:55:33.999   719 21864 W keystore2: system/security/keystore2/watchdog/src/lib.rs:199 - ThreadId(11644) KeystoreDB::handle_next_superseded_blob delete v2 Started: 03-14 07:25:33.296 UTC Pending: 703.311307ms Overdue 203.311615ms
03-14 12:55:33.999   719 21864 W keystore2: system/security/keystore2/watchdog/src/lib.rs:211 - ### Keystore Watchdog report - END ###
03-14 12:55:34.012  2286  4424 D CompatChangeReporter: Compat change id reported: 311402873; UID 10291; state: ENABLED
03-14 12:55:34.012  2286  4424 D CompatChangeReporter: Compat change id reported: 323349338; UID 10291; state: ENABLED
03-14 12:55:34.064  2286  3756 W ActivityManager: Receiver with filter android.content.IntentFilter@22f7b22 already registered for pid 22917, callerPackage is com.heytap.mcs
03-14 12:55:34.153  2286  3756 E OplusDexOptimizeManager: Start app fature is off
03-14 12:55:34.268  2286  3756 W ActivityManager: Receiver with filter android.content.IntentFilter@12eec2b already registered for pid 22917, callerPackage is com.heytap.mcs
03-14 12:55:34.330 22917 22917 W ContextImpl: Calling a method in the system process without a qualified user: android.app.ContextImpl.startService:2032 android.content.ContextWrapper.startService:865 com.heytap.msp.v2.ability.push.PushAbilityService.register:12 com.heytap.msp.v2.ability.push.PushAbilityService.register:1 com.heytap.msp.v2.MspCore.registerPushService:10 
03-14 12:55:34.335  2286  3756 E OplusDexOptimizeManager: Start app fature is off
03-14 12:55:34.338  2286  2495 V AlarmManager: sending alarm Alarm{910f0d2 type 2 origWhen 1511989419 whenElapsed 1511989419 android} uid 1000 whenElapsed 1511989419 windowLength 7500 maxWhenElapsed 1511996919 repeatInterval 0 action null component null tag WriteBufferAlarm flags 0x8 procName system_server
03-14 12:55:34.340  2286  2944 E ThermalManagerService: No threshold found for shell_skin
03-14 12:55:34.341  2286  2944 E ThermalManagerService: No threshold found for shell_skin
03-14 12:55:34.374  2286  2488 D ActivityManager: freezing 22115 com.google.android.documentsui
03-14 12:55:34.374  2286  4424 I ActivityManager: Flag disabled. Ignoring finishAttachApplication from uid: 1000. pid: 22917
03-14 12:55:34.375  2286  2488 D ActivityManager: reportOneUidFrozenStateChanged uid 10075 frozen = true
03-14 12:55:34.376 22917 23211 E ActivityThread: Failed to find provider info for com.heytap.mcs.cckit.provider
03-14 12:55:34.414 22917 22945 W ContextImpl: Calling a method in the system process without a qualified user: android.app.ContextImpl.startService:2032 android.content.ContextWrapper.startService:865 com.heytap.msp.v2.ability.push.PushAbilityService.register:12 com.heytap.msp.v2.ipcchannel.service.MspAbilityServiceModule.registerPush:3 com.opos.process.bridge.dispatch.MspAbilityServiceModule$Dispatcher.dispatch:16 
03-14 12:55:34.419  2286  2456 E OplusDexOptimizeManager: Start app fature is off
03-14 12:55:34.554  2286  2762 I ActivityManager: Flag disabled. Ignoring finishAttachApplication from uid: 10271. pid: 22874
03-14 12:55:34.827 21948 22229 W ContextImpl: Calling a method in the system process without a qualified user: android.app.ContextImpl.startService:2032 android.content.ContextWrapper.startService:865 com.heytap.mcs.g.a.a:94 com.heytap.mcs.f.a.a:1 com.heytap.mcs.l.f.a:28 
03-14 12:55:34.829  2286  3465 E OplusDexOptimizeManager: Start app fature is off
03-14 12:55:34.830  2286  2495 V AlarmManager: sending alarm Alarm{6e17f00 type 2 origWhen 1511931883 whenElapsed 1511931883 com.facebook.services} uid 10233 whenElapsed 1511931883 windowLength 224993 maxWhenElapsed 1512156876 repeatInterval 0 action com.facebook.rti.fbns.intent.ACTION_ALARM.FBNS_SCHEDULED_REDELIVERY component null flags 0x20 procName com.facebook.services
03-14 12:55:34.833  2286  2495 V AlarmManager: sending alarm Alarm{abf2d7e type 1 origWhen 1773473134644 whenElapsed 1511997226 android} uid 1000 whenElapsed 1511997226 windowLength 0 maxWhenElapsed 1511997226 repeatInterval 0 action null component null tag StorgaeBandInfoAlarmTag flags 0x9 procName system_server
03-14 12:55:34.837  2286  2286 W Looper  : Slow dispatch took 458ms main app=system_server main=true group=UNKNOWN h=com.android.server.alarm.AlarmManagerService$AlarmHandler c=android.app.ActivityManager$2$$ExternalSyntheticLambda0@53f2071 m=0
03-14 12:55:34.844  2286  2318 W Looper  : Slow dispatch took 248ms android.fg app=system_server main=false group=UNKNOWN h=android.os.Handler c=com.android.server.pm.LauncherAppsService$LauncherAppsImpl$MyPackageMonitor$$ExternalSyntheticLambda0@c374d48 m=0
03-14 12:55:35.002 22949 22949 I Quality : GetResourcesInfo:1373237847,/system_ext/priv-app/TrafficMonitor/TrafficMonitor.apk
03-14 12:55:35.342  2286  2944 E ThermalManagerService: No threshold found for shell_skin
03-14 12:55:35.342  2286  2944 E ThermalManagerService: No threshold found for shell_skin
03-14 12:55:35.380  2286  2488 D ActivityManager: Freezer deadlock watchdog
03-14 12:55:35.417  2286  3592 I ActivityManager: Flag disabled. Ignoring finishAttachApplication from uid: 1000. pid: 21907
03-14 12:55:35.627  2286  2488 D ActivityManager: freezing 11445 com.google.android.permissioncontroller
03-14 12:55:35.628  2286  2488 D ActivityManager: reportOneUidFrozenStateChanged uid 10281 frozen = true
03-14 12:55:35.629  2286  2790 D OAppNetControlService: Hans update:[10290=true][0|0] blackList:[10292, 10150, 10389, 10345, 10135, 10186, 10403, 10388, 10353, 10290]
03-14 12:55:35.666  2286  2456 W PackageManager: package com.google.android.adservices.api uid 10271 pid 22874 call SetEnabledSetting(com.google.android.adservices.api component = com.android.adservices.service.common.PackageChangedReceiver, 1, 0)
03-14 12:55:35.686  2286  3756 D ActivityManager: Async freezing 22874 com.google.android.adservices.api
03-14 12:55:35.697  2286  3756 I ActivityManager: Flag disabled. Ignoring finishAttachApplication from uid: 1000. pid: 22949
03-14 12:55:35.892  2286  2329 W AnrLogEnhancementHelperImpl: app side detected 2286 dynamic_receiver cost time = 19096
03-14 12:55:35.892  2286  2329 W LoadedApk: System took : 19096ms in onReceive of class android.content.pm.RegisteredServicesCache$1 for action : android.intent.action.PACKAGE_REMOVED
03-14 12:55:35.895  2286  2329 W Looper  : Slow dispatch took 19096ms android.bg app=system_server main=false group=UNKNOWN h=android.os.Handler c=android.app.LoadedApk$ReceiverDispatcher$Args$$ExternalSyntheticLambda0@612e5a6 m=0
03-14 12:55:35.932 21948 22229 W ContextImpl: Calling a method in the system process without a qualified user: android.app.ContextImpl.startService:2032 android.content.ContextWrapper.startService:865 com.heytap.mcs.g.a.a:94 com.heytap.mcs.f.a.a:1 com.heytap.mcs.l.f.a:28 
03-14 12:55:35.937  2286  3592 I ActivityManager: Death received, pid = 22949, processName = com.oplus.trafficmonitor:network_control for thread android.os.BinderProxy@b8645da
03-14 12:55:35.938  2286  3465 E OplusDexOptimizeManager: Start app fature is off
03-14 12:55:35.940  2286  2995 I ActivityManager: Process com.oplus.trafficmonitor:network_control (pid 22949) has died: cch+5 CEM 
03-14 12:55:36.021 21875 22745 D OplusInputMethodUtil: init sDebug to false, init sDebugIme to false, init sAlwaysOn to false
03-14 12:55:36.022 21875 22745 D OplusInputMethodUtil: updateDebugToClass InputMethodManager.DEBUG = false
03-14 12:55:36.022 21875 22745 D OplusInputMethodUtil: updateDebugToClass ImeFocusController.DEBUG = false
03-14 12:55:36.022 21875 22745 D OplusInputMethodUtil: updateDebugToClass OnBackInvokedDispatcher.DEBUG = false
03-14 12:55:36.022 21875 22745 D OplusInputMethodUtil: updateDebugToClass InsetsController.DEBUG = false
03-14 12:55:36.022 21875 22745 D OplusInputMethodUtil: updateDebugToClass BaseInputConnection.DEBUG = false
03-14 12:55:36.157  2286  2488 D ActivityManager: freezing 21875 com.coloros.phonemanager
03-14 12:55:36.159  2286  2488 D ActivityManager: Reschedule freeze for process 21875 com.coloros.phonemanager (outstanding txns), timeout=1083
03-14 12:55:36.159  2286  2488 D ActivityManager: Async freezing 21875 com.coloros.phonemanager
03-14 12:55:36.308  2286  3465 D PackageManager_InfoGetNullLogPrint: Target:com.prodix.proconnect callingUid=10200 userid=0 flag=0xc0000 reason is AppInfo not found in mPackages
03-14 12:55:36.344  2286  2944 E ThermalManagerService: No threshold found for shell_skin
03-14 12:55:36.344  2286  2944 E ThermalManagerService: No threshold found for shell_skin
03-14 12:55:36.359  2286  2386 I PackageManager: Continuing with installation of file:///data/app/vmdl1128011497.tmp
03-14 12:55:36.360  2286  2451 D InstallDependencyHelper: No missing dependency for com.prodix.proconnect
03-14 12:55:36.361  7734 10200 E ActivityThread: Failed to find provider info for com.oplus.metis.app_recommend_provider
03-14 12:55:36.538  2286  2345 D ActivityManager: Cancel freezing 22784 com.oplus.romupdate
03-14 12:55:36.539  2286  2345 D ActivityManager: Async freezing 22784 com.oplus.romupdate
03-14 12:55:36.539  2286  2345 D ActivityManager: Cancel freezing 22620 com.google.android.webview:sandboxed_process0:org.chromium.content.app.SandboxedProcessService0:0
03-14 12:55:36.540  2286  2345 D ActivityManager: Async freezing 22620 com.google.android.webview:sandboxed_process0:org.chromium.content.app.SandboxedProcessService0:0
03-14 12:55:36.540  2286  2451 D OplusPackageInstallInterceptManager: installStage send adb install pkg:com.prodix.proconnect   path: /data/app/vmdl1128011497.tmp/base.apk installFlags:4194422
03-14 12:55:36.540  2286  2345 D ActivityManager: Cancel freezing 21875 com.coloros.phonemanager
03-14 12:55:36.540  2286  2345 D ActivityManager: Async freezing 21875 com.coloros.phonemanager
03-14 12:55:36.541  2286  2345 D ActivityManager: Cancel freezing 22620 com.google.android.webview:sandboxed_process0:org.chromium.content.app.SandboxedProcessService0:0
03-14 12:55:36.541  2286  2345 D ActivityManager: Async freezing 22620 com.google.android.webview:sandboxed_process0:org.chromium.content.app.SandboxedProcessService0:0
03-14 12:55:36.541  2286  2345 D ActivityManager: Cancel freezing 21875 com.coloros.phonemanager
03-14 12:55:36.541  2286  2345 D ActivityManager: Async freezing 21875 com.coloros.phonemanager
