03-14 12:55:36.599  2286  2451 D OplusPackageInstallInterceptManager: the version isn't CN!
03-14 12:55:36.599  2286  2451 D PackageManager: installStage com.prodix.proconnect, dir=/data/app/vmdl1128011497.tmp, installerPackageName=null, installerUid=2000, full=false
03-14 12:55:36.609  2286  2451 D PackageManager: installStage com.prodix.proconnect0
03-14 12:55:36.613  2286  2386 D PackageManager: installStage use for0
03-14 12:55:36.632  2286  2488 D ActivityManager: Freezer deadlock watchdog
03-14 12:55:36.645  2286  2386 V Configuration: Updating configuration, locales updated from [] to [en_IN]
03-14 12:55:36.645  2286  2386 D ParsingPackageUtilsExtImpl: adjustXmlValidator skip verify tag packageName: com.prodix.proconnect , bootCompleted: true
03-14 12:55:36.667 21875 23100 V Configuration: Updating configuration, locales updated from [en_IN] to [en]
03-14 12:55:36.741  2286  2386 W OplusCustomizePmsFeature: getCustomDisallowInstallListFromPolicy disallowInstallList: []
03-14 12:55:36.752  2286  2386 D PackageManager: initiatingPackageName is not in white list
03-14 12:55:36.780  2286  2386 W ContextImpl: Calling a method in the system process without a qualified user: android.app.ContextImpl.sendBroadcast:1296 com.android.server.pm.PackageManagerServiceExtImpl.sendOplusBroadcastForDownloadLink:4681 com.android.server.pm.InstallPackageHelper.preparePackage:2127 com.android.server.pm.InstallPackageHelper.prepareInstallPackages:1350 com.android.server.pm.InstallPackageHelper.installPackagesTraced:1096 
03-14 12:55:36.827  2286  2386 E PackageManagerServiceUtilsExtImpl: Fix up user restrict data of pkg: com.prodix.proconnect
03-14 12:55:36.859  2286  2345 D ActivityManager: Cancel freezing 22620 com.google.android.webview:sandboxed_process0:org.chromium.content.app.SandboxedProcessService0:0
03-14 12:55:36.860  2286  2345 D ActivityManager: Async freezing 22620 com.google.android.webview:sandboxed_process0:org.chromium.content.app.SandboxedProcessService0:0
03-14 12:55:36.860  2286  2345 D ActivityManager: Cancel freezing 21875 com.coloros.phonemanager
03-14 12:55:36.860  2286  2345 D ActivityManager: Async freezing 21875 com.coloros.phonemanager
03-14 12:55:36.860  2286  2345 D ActivityManager: Cancel freezing 22620 com.google.android.webview:sandboxed_process0:org.chromium.content.app.SandboxedProcessService0:0
03-14 12:55:36.860  2286  2345 D ActivityManager: Async freezing 22620 com.google.android.webview:sandboxed_process0:org.chromium.content.app.SandboxedProcessService0:0
03-14 12:55:36.860  2286  2345 D ActivityManager: Cancel freezing 21875 com.coloros.phonemanager
03-14 12:55:36.861  2286  2345 D ActivityManager: Async freezing 21875 com.coloros.phonemanager
03-14 12:55:36.945 21875 22056 W PowerProfile: screen.on is deprecated! Use screen.on.display0 instead.
03-14 12:55:36.945 21875 22056 W PowerProfile: screen.full is deprecated! Use screen.full.display0 instead.
03-14 12:55:36.946 21875 22056 W ModemPowerProfile: getAverageBatteryDrainMaH called with unexpected key: 0x0, drain:SLEEP,RAT:DEFAULT
03-14 12:55:36.946 21875 22056 W ModemPowerProfile: getAverageBatteryDrainMaH called with unexpected key: 0x10000000, drain:IDLE,RAT:DEFAULT
03-14 12:55:36.946 21875 22056 W ModemPowerProfile: getAverageBatteryDrainMaH called with unexpected key: 0x20000000, drain:RX,RAT:DEFAULT
03-14 12:55:36.946 21875 22056 W ModemPowerProfile: getAverageBatteryDrainMaH called with unexpected key: 0x30000000, drain:TX,level:0,RAT:DEFAULT
03-14 12:55:36.946 21875 22056 W ModemPowerProfile: getAverageBatteryDrainMaH called with unexpected key: 0x31000000, drain:TX,level:1,RAT:DEFAULT
03-14 12:55:36.946 21875 22056 W ModemPowerProfile: getAverageBatteryDrainMaH called with unexpected key: 0x32000000, drain:TX,level:2,RAT:DEFAULT
03-14 12:55:36.946 21875 22056 W ModemPowerProfile: getAverageBatteryDrainMaH called with unexpected key: 0x33000000, drain:TX,level:3,RAT:DEFAULT
03-14 12:55:36.946 21875 22056 W ModemPowerProfile: getAverageBatteryDrainMaH called with unexpected key: 0x34000000, drain:TX,level:4,RAT:DEFAULT
03-14 12:55:37.339   719 21209 I keystore2: system/security/keystore2/watchdog/src/lib.rs:230 - Watchdog complete for: ThreadId(11644) KeystoreDB::handle_next_superseded_blob delete v2 Started: 03-14 07:25:33.296 UTC Pending: 4.043768846s Overdue 3.543769154s
03-14 12:55:37.340   719 21209 I keystore2: system/security/keystore2/watchdog/src/lib.rs:230 - Watchdog complete for: ThreadId(11644) KeystoreDB::handle_next_superseded_blob load_metadata Started: 03-14 07:25:33.296 UTC Pending: 4.043958154s Overdue 3.543958693s
03-14 12:55:37.340   719 21209 I keystore2: system/security/keystore2/watchdog/src/lib.rs:230 - Watchdog complete for: ThreadId(11644) TX_handle_next_superseded_blob Started: 03-14 07:25:33.125 UTC Pending: 4.214153846s Overdue 3.714155001s
03-14 12:55:37.346  2286  2944 E ThermalManagerService: No threshold found for shell_skin
03-14 12:55:37.347  2286  2944 E ThermalManagerService: No threshold found for shell_skin
03-14 12:55:37.434  2286  2495 V AlarmManager: sending alarm Alarm{6469a2 type 3 origWhen 1512000406 whenElapsed 1512000000 android} uid 1000 whenElapsed 1512000000 windowLength 3600000 maxWhenElapsed 1512000000 repeatInterval 0 action null component null tag PowerStats flags 0x8 procName system_server
03-14 12:55:37.570  2286  2488 D ActivityManager: freezing 22021 com.google.android.apps.wellbeing
03-14 12:55:37.572  2286  2488 D ActivityManager: reportOneUidFrozenStateChanged uid 10104 frozen = true
03-14 12:55:37.662  2286  2456 D CompatChangeReporter: Compat change id reported: 297989574; UID 1000; state: ENABLED
03-14 12:55:37.903   719 21209 I keystore2: system/security/keystore2/watchdog/src/lib.rs:230 - Watchdog complete for: ThreadId(11644) KeystoreDB::handle_next_superseded_blob Started: 03-14 07:25:33.125 UTC Pending: 4.778454462s Overdue 4.278456078s
03-14 12:55:37.924  2286 21080 D OplusDexSceneManager:  High temp 400 with highTemperatureThreshold 380 pkg:com.prodix.proconnect reason: install
03-14 12:55:37.924  2286 21080 D OplusDexSceneManager: High temp for : com.prodix.proconnect install
03-14 12:55:37.933  2286 21080 W OplusSingleDexoptContainerImpl: oplus checkAndSetBeforeStart success: packageName= com.prodix.proconnect priority= 60 compilerFilter= skip
03-14 12:55:37.959   719 21864 W keystore2: system/security/keystore2/watchdog/src/lib.rs:143 - ### Keystore Watchdog report - BEGIN ###
03-14 12:55:37.959   719 21864 W keystore2: system/security/keystore2/watchdog/src/lib.rs:152 - When extracting from a bug report, please include this header and all 1 records below (to footer)
03-14 12:55:37.959   719 21864 W keystore2: system/security/keystore2/watchdog/src/lib.rs:199 - ThreadId(1) KeystoreDB::store_new_key Started: 03-14 07:25:33.605 UTC Pending: 4.35408s Overdue 3.854080693s
03-14 12:55:37.959   719 21864 W keystore2: system/security/keystore2/watchdog/src/lib.rs:211 - ### Keystore Watchdog report - END ###
03-14 12:55:38.058  2286 21080 E OplusDexoptUtils:  get apk path wrong! android.content.pm.PackageManager$NameNotFoundException: com.prodix.proconnect
03-14 12:55:38.062   719   719 I keystore2: system/security/keystore2/watchdog/src/lib.rs:230 - Watchdog complete for: ThreadId(1) KeystoreDB::store_new_key Started: 03-14 07:25:33.605 UTC Pending: 4.457108615s Overdue 3.957109231s
03-14 12:55:38.063   719 21209 I keystore2: system/security/keystore2/src/database.rs:1412 - First database operation finished.
03-14 12:55:38.119  2286  3284 I NativeFreezeManager: getCPULoad cpu Loading: 93
03-14 12:55:38.214  2286  2386 I AppsFilter: interaction: PackageSetting{35fa3b com.prodix.proconnect/10410} -> PackageSetting{9a08d1c com.android.devicelockcontroller/10283} force queryable
03-14 12:55:38.214  2286  2386 I AppsFilter: interaction: PackageSetting{35fa3b com.prodix.proconnect/10410} -> PackageSetting{fb83be1 com.android.providers.contacts/10064} force queryable
03-14 12:55:38.214  2286  2386 I AppsFilter: interaction: PackageSetting{35fa3b com.prodix.proconnect/10410} -> PackageSetting{799621a com.oplus.plugin/10363} force queryable
03-14 12:55:38.215  2286  2386 I AppsFilter: interaction: PackageSetting{35fa3b com.prodix.proconnect/10410} -> PackageSetting{e46e33c com.oplus.nrMode/10195} force queryable
03-14 12:55:38.215  2286  2386 I AppsFilter: interaction: PackageSetting{35fa3b com.prodix.proconnect/10410} -> PackageSetting{f63612f com.coloros.gallery3d/10131} force queryable
03-14 12:55:38.215  2286  2386 I AppsFilter: interaction: PackageSetting{35fa3b com.prodix.proconnect/10410} -> PackageSetting{5da230e com.oplus.linker/10123} force queryable
03-14 12:55:38.215  2286  2386 I AppsFilter: interaction: PackageSetting{35fa3b com.prodix.proconnect/10410} -> PackageSetting{2d35509 com.android.traceur/10089} force queryable
03-14 12:55:38.215  2286  2386 I AppsFilter: interaction: PackageSetting{35fa3b com.prodix.proconnect/10410} -> PackageSetting{b97750d com.oplus.appsense/10373} force queryable
03-14 12:55:38.215  2286  2386 I AppsFilter: interaction: PackageSetting{35fa3b com.prodix.proconnect/10410} -> PackageSetting{975e336 com.oplus.gtmode/10138} force queryable
03-14 12:55:38.215  2286  2386 I AppsFilter: interaction: PackageSetting{35fa3b com.prodix.proconnect/10410} -> PackageSetting{4332da2 com.google.android.ondevicepersonalization.services/10284} force queryable
03-14 12:55:38.215  2286  2386 I AppsFilter: interaction: PackageSetting{35fa3b com.prodix.proconnect/10410} -> PackageSetting{b7e20a9 com.android.systemui/10202} force queryable
03-14 12:55:38.215  2286  2386 I AppsFilter: interaction: PackageSetting{35fa3b com.prodix.proconnect/10410} -> PackageSetting{4606b5b com.oplus.camera/10146} force queryable
03-14 12:55:38.215  2286  2386 I AppsFilter: interaction: PackageSetting{35fa3b com.prodix.proconnect/10410} -> PackageSetting{ddbb558 android.frameworkres.overlay.android.product/10050} force queryable
03-14 12:55:38.215  2286  2386 I AppsFilter: interaction: PackageSetting{35fa3b com.prodix.proconnect/10410} -> PackageSetting{669a573 com.android.providers.userdictionary/10064} force queryable
03-14 12:55:38.215  2286  2386 I AppsFilter: interaction: PackageSetting{35fa3b com.prodix.proconnect/10410} -> PackageSetting{7d18a6a com.realme.smartdrive/10142} force queryable
03-14 12:55:38.215  2286  2386 I AppsFilter: interaction: PackageSetting{35fa3b com.prodix.proconnect/10410} -> PackageSetting{9217de2 com.android.providers.blockednumber/10064} force queryable
03-14 12:55:38.215  2286  2386 I AppsFilter: interaction: PackageSetting{35fa3b com.prodix.proconnect/10410} -> PackageSetting{f179f0c com.android.wallpaperbackup/10302} force queryable
03-14 12:55:38.215  2286  2386 I AppsFilter: interaction: PackageSetting{35fa3b com.prodix.proconnect/10410} -> PackageSetting{c235399 com.oplus.cosa/10157} force queryable
03-14 12:55:38.215  2286  2386 I AppsFilter: interaction: PackageSetting{35fa3b com.prodix.proconnect/10410} -> PackageSetting{bb614e0 com.oplus.cast/10113} force queryable
03-14 12:55:38.215  2286  2386 I AppsFilter: interaction: PackageSetting{35fa3b com.prodix.proconnect/10410} -> PackageSetting{65782e3 com.oplus.blur/10308} force queryable
03-14 12:55:38.216  2286  2386 I AppsFilter: interaction: PackageSetting{35fa3b com.prodix.proconnect/10410} -> PackageSetting{e4774c8 com.fido.uafclient/10223} force queryable
03-14 12:55:38.216  2286  2386 I AppsFilter: interaction: PackageSetting{35fa3b com.prodix.proconnect/10410} -> PackageSetting{b64516b com.android.vpndialogs/10201} force queryable
03-14 12:55:38.216  2286  2386 I AppsFilter: interaction: PackageSetting{35fa3b com.prodix.proconnect/10410} -> PackageSetting{21bfeba com.oplus.gesture/10219} force queryable
03-14 12:55:38.216  2286  2386 I AppsFilter: interaction: PackageSetting{35fa3b com.prodix.proconnect/10410} -> PackageSetting{4c1e3e5 com.oplus.tai.wifiqoe/10328} force queryable
03-14 12:55:38.216  2286  2386 I AppsFilter: interaction: PackageSetting{35fa3b com.prodix.proconnect/10410} -> PackageSetting{ecc0f4f com.oplus.motionsense/10375} force queryable
03-14 12:55:38.216  2286  2386 I AppsFilter: interaction: PackageSetting{35fa3b com.prodix.proconnect/10410} -> PackageSetting{71e35ae com.heytap.accessory/10102} force queryable
03-14 12:55:38.216  2286  2386 I AppsFilter: interaction: PackageSetting{35fa3b com.prodix.proconnect/10410} -> PackageSetting{1dd36b1 com.google.android.overlay.modules.modulemetadata.forframework/10030} force queryable
03-14 12:55:38.216  2286  2386 I AppsFilter: interaction: PackageSetting{35fa3b com.prodix.proconnect/10410} -> PackageSetting{c02f6f3 com.mediatek.lbs.em2.ui/10210} force queryable
03-14 12:55:38.216  2286  2386 I AppsFilter: interaction: PackageSetting{35fa3b com.prodix.proconnect/10410} -> PackageSetting{6f45c2d com.oplus.engineercamera/10213} force queryable
03-14 12:55:38.216  2286  2386 I AppsFilter: interaction: PackageSetting{35fa3b com.prodix.proconnect/10410} -> PackageSetting{9f5ec57 com.oplus.virtualcomm/10196} force queryable
03-14 12:55:38.216  2286  2386 I AppsFilter: interaction: PackageSetting{35fa3b com.prodix.proconnect/10410} -> PackageSetting{fc06796 com.android.wifi.mainline.resources.overlay/10057} force queryable
03-14 12:55:38.216  2286  2386 I AppsFilter: interaction: PackageSetting{35fa3b com.prodix.proconnect/10410} -> PackageSetting{87fff17 com.google.android.overlay.modules.captiveportallogin.forframework/10020} force queryable
03-14 12:55:38.216  2286  2386 I AppsFilter: interaction: PackageSetting{35fa3b com.prodix.proconnect/10410} -> PackageSetting{102cf04 com.oplus.framework.rro.realme/10055} force queryable
03-14 12:55:38.216  2286  2386 I AppsFilter: interaction: PackageSetting{35fa3b com.prodix.proconnect/10410} -> PackageSetting{eec5aa7 com.heytap.browser/10256} queries component
03-14 12:55:38.216  2286  2386 I AppsFilter: interaction: PackageSetting{35fa3b com.prodix.proconnect/10410} -> PackageSetting{8e991f1 com.android.storagemanager/10199} force queryable
03-14 12:55:38.216  2286  2386 I AppsFilter: interaction: PackageSetting{35fa3b com.prodix.proconnect/10410} -> PackageSetting{80dbf0a com.google.android.gms.supervision/10095} force queryable
03-14 12:55:38.216  2286  2386 I AppsFilter: interaction: PackageSetting{35fa3b com.prodix.proconnect/10410} -> PackageSetting{27c3375 com.oplus.keyguard.clock.graffiti/10322} force queryable
03-14 12:55:38.217  2286  2386 I AppsFilter: interaction: PackageSetting{35fa3b com.prodix.proconnect/10410} -> PackageSetting{a5d8ced com.mediatek.wifi.system.resources.overlay/10191} force queryable
03-14 12:55:38.217  2286  2386 I AppsFilter: interaction: PackageSetting{35fa3b com.prodix.proconnect/10410} -> PackageSetting{7136722 com.android.safetycenter.styles.overlay/10014} force queryable
03-14 12:55:38.217  2286  2386 I AppsFilter: interaction: PackageSetting{35fa3b com.prodix.proconnect/10410} -> PackageSetting{ce7c845 com.facebook.stella/10388} queries component
03-14 12:55:38.217  2286  2386 I AppsFilter: interaction: PackageSetting{35fa3b com.prodix.proconnect/10410} -> PackageSetting{d5684af com.coloros.phonemanager/10129} force queryable
03-14 12:55:38.217  2286  2386 I AppsFilter: interaction: PackageSetting{35fa3b com.prodix.proconnect/10410} -> PackageSetting{fdda48e com.google.mainline.adservices/10134} force queryable
03-14 12:55:38.217  2286  2386 I AppsFilter: interaction: PackageSetting{35fa3b com.prodix.proconnect/10410} -> PackageSetting{31d5680 com.mediatek.gnssdebugreport/10208} force queryable
03-14 12:55:38.217  2286  2386 I AppsFilter: interaction: PackageSetting{35fa3b com.prodix.proconnect/10410} -> PackageSetting{b7b7d14 com.oplus.keyguard.clock.magazine/10325} force queryable
03-14 12:55:38.217  2286  2386 I AppsFilter: interaction: PackageSetting{35fa3b com.prodix.proconnect/10410} -> PackageSetting{c1b4326 com.android.wallpaper.livepicker/10225} force queryable
03-14 12:55:38.217  2286  2386 I AppsFilter: interaction: PackageSetting{35fa3b com.prodix.proconnect/10410} -> PackageSetting{4530681 com.fido.fido2client/10206} force queryable
03-14 12:55:38.217  2286  2386 I AppsFilter: interaction: PackageSetting{35fa3b com.prodix.proconnect/10410} -> PackageSetting{2fb75b3 com.android.role.notes.enabled/10037} force queryable
03-14 12:55:38.217  2286  2386 I AppsFilter: interaction: PackageSetting{35fa3b com.prodix.proconnect/10410} -> PackageSetting{3c0bb90 com.oplus.stdsp/10149} force queryable
03-14 12:55:38.217  2286  2386 I AppsFilter: interaction: PackageSetting{35fa3b com.prodix.proconnect/10410} -> PackageSetting{bfbcb5a com.android.devicediagnostics/10313} force queryable
03-14 12:55:38.217  2286  2386 I AppsFilter: interaction: PackageSetting{35fa3b com.prodix.proconnect/10410} -> PackageSetting{a847f05 com.oplus.keyguard.style.widgets/10368} force queryable
03-14 12:55:38.217  2286  2386 I AppsFilter: interaction: PackageSetting{35fa3b com.prodix.proconnect/10410} -> PackageSetting{e5fd770 com.google.android.permissioncontroller.overlay.oplus/10013} force queryable
03-14 12:55:38.217  2286  2386 I AppsFilter: interaction: PackageSetting{35fa3b com.prodix.proconnect/10410} -> PackageSetting{db7948d com.google.mainline.telemetry/10132} force queryable
03-14 12:55:38.217  2286  2386 I AppsFilter: interaction: PackageSetting{35fa3b com.prodix.proconnect/10410} -> PackageSetting{b4c784e com.oplus.beaconlink/10161} force queryable
03-14 12:55:38.217  2286  2386 I AppsFilter: interaction: PackageSetting{35fa3b com.prodix.proconnect/10410} -> PackageSetting{3130ae9 com.mediatek.MtkSettingsResOverlay/10059} force queryable
03-14 12:55:38.217  2286  2386 I AppsFilter: interaction: PackageSetting{35fa3b com.prodix.proconnect/10410} -> PackageSetting{870b749 com.tencent.soter.soterserver/10222} force queryable
03-14 12:55:38.218  2286  2386 I AppsFilter: interaction: PackageSetting{35fa3b com.prodix.proconnect/10410} -> PackageSetting{af0f950 com.mediatek.op08.wfo/10327} force queryable
03-14 12:55:38.218  2286  2386 I AppsFilter: interaction: PackageSetting{35fa3b com.prodix.proconnect/10410} -> PackageSetting{d367313 com.mediatek.op08.ims/10326} force queryable
03-14 12:55:38.218  2286  2386 I AppsFilter: interaction: PackageSetting{35fa3b com.prodix.proconnect/10410} -> PackageSetting{1507e02 com.android.managedprovisioning/10072} force queryable
03-14 12:55:38.218  2286  2386 I AppsFilter: interaction: PackageSetting{35fa3b com.prodix.proconnect/10410} -> PackageSetting{57334d com.oplus.networksense/10370} force queryable
03-14 12:55:38.218  2286  2386 I AppsFilter: interaction: PackageSetting{35fa3b com.prodix.proconnect/10410} -> PackageSetting{892bee8 com.google.android.calendar/10251} queries component
03-14 12:55:38.218  2286  2386 I AppsFilter: interaction: PackageSetting{35fa3b com.prodix.proconnect/10410} -> PackageSetting{5a4d36e com.oplus.framework.res.overlay/10300} force queryable
03-14 12:55:38.218  2286  2386 I AppsFilter: interaction: PackageSetting{35fa3b com.prodix.proconnect/10410} -> PackageSetting{4adba0f com.google.android.overlay.modules.permissioncontroller.forframework/10027} force queryable
03-14 12:55:38.218  2286  2386 I AppsFilter: interaction: PackageSetting{35fa3b com.prodix.proconnect/10410} -> PackageSetting{8045c8c music.ytstream.youtify/10120} queries component
03-14 12:55:38.218  2286  2386 I AppsFilter: interaction: PackageSetting{35fa3b com.prodix.proconnect/10410} -> PackageSetting{943f00b com.android.providers.contactkeys/10064} force queryable
03-14 12:55:38.218  2286  2386 I AppsFilter: interaction: PackageSetting{35fa3b com.prodix.proconnect/10410} -> PackageSetting{50adbf org.videolan.vlc/10352} queries component
03-14 12:55:38.218  2286  2386 I AppsFilter: interaction: PackageSetting{35fa3b com.prodix.proconnect/10410} -> PackageSetting{3e5fb38 com.android.intentresolver/10070} force queryable
03-14 12:55:38.218  2286  2386 I AppsFilter: interaction: PackageSetting{35fa3b com.prodix.proconnect/10410} -> PackageSetting{f482b9b com.android.proxyhandler/10071} force queryable
03-14 12:55:38.218  2286  2386 I AppsFilter: interaction: PackageSetting{35fa3b com.prodix.proconnect/10410} -> PackageSetting{342fa9c com.mediatek.FrameworkResOverlayExt/10061} force queryable
03-14 12:55:38.218  2286  2386 I AppsFilter: interaction: PackageSetting{35fa3b com.prodix.proconnect/10410} -> PackageSetting{b23c695 com.android.credentialmanager/10069} force queryable
03-14 12:55:38.218  2286  2386 I AppsFilter: interaction: PackageSetting{35fa3b com.prodix.proconnect/10410} -> PackageSetting{c886ca5 com.oplus.framework.rro.devicecase/10053} force queryable
03-14 12:55:38.218  2286  2386 I AppsFilter: interaction: PackageSetting{35fa3b com.prodix.proconnect/10410} -> PackageSetting{8cc64c com.oplus.uxdesign/10224} force queryable
03-14 12:55:38.219  2286  2386 I AppsFilter: interaction: PackageSetting{35fa3b com.prodix.proconnect/10410} -> PackageSetting{2f5a67f com.aiunit.aon/10137} force queryable
03-14 12:55:38.219  2286  2386 I AppsFilter: interaction: PackageSetting{35fa3b com.prodix.proconnect/10410} -> PackageSetting{affeb9e com.android.carrierdefaultapp/10081} force queryable
03-14 12:55:38.219  2286  2386 I AppsFilter: interaction: PackageSetting{35fa3b com.prodix.proconnect/10410} -> PackageSetting{1eb4820 com.android.cameraextensions/10079} force queryable
03-14 12:55:38.219  2286  2386 I AppsFilter: interaction: PackageSetting{35fa3b com.prodix.proconnect/10410} -> PackageSetting{44103ef com.android.calllogbackup/10064} force queryable
03-14 12:55:38.219  2286  2386 I AppsFilter: interaction: PackageSetting{35fa3b com.prodix.proconnect/10410} -> PackageSetting{3dba2f4 com.google.android.tts/10147} force queryable
03-14 12:55:38.219  2286  2386 I AppsFilter: interaction: PackageSetting{35fa3b com.prodix.proconnect/10410} -> PackageSetting{27198ce com.google.android.gsf/10108} force queryable
03-14 12:55:38.219  2286  2386 I AppsFilter: interaction: PackageSetting{35fa3b com.prodix.proconnect/10410} -> PackageSetting{b6c09c9 com.google.android.gms/10108} force queryable
03-14 12:55:38.219  2286  2386 I AppsFilter: interaction: PackageSetting{35fa3b com.prodix.proconnect/10410} -> PackageSetting{b08ecc7 com.coloros.note/10296} queries component
03-14 12:55:38.219  2286  2386 I AppsFilter: interaction: PackageSetting{35fa3b com.prodix.proconnect/10410} -> PackageSetting{aa958dd com.google.android.packageinstaller/10227} force queryable
03-14 12:55:38.219  2286  2386 I AppsFilter: interaction: PackageSetting{35fa3b com.prodix.proconnect/10410} -> PackageSetting{3ceb87a com.google.android.overlay.modules.healthfitness.forframework/10293} force queryable
03-14 12:55:38.219  2286  2386 I AppsFilter: interaction: PackageSetting{35fa3b com.prodix.proconnect/10410} -> PackageSetting{626be06 com.android.chrome/10145} queries component
03-14 12:55:38.219  2286  2386 I AppsFilter: interaction: PackageSetting{35fa3b com.prodix.proconnect/10410} -> PackageSetting{395e82b android.frameworkres.overlay.Network/10017} force queryable
03-14 12:55:38.219  2286  2386 I AppsFilter: interaction: PackageSetting{35fa3b com.prodix.proconnect/10410} -> PackageSetting{e979e1c com.oplus.pscanvas/10216} force queryable
03-14 12:55:38.219  2286  2386 I AppsFilter: interaction: PackageSetting{35fa3b com.prodix.proconnect/10410} -> PackageSetting{d8ceaee com.android.cellbroadcastreceiver/10067} force queryable
03-14 12:55:38.219  2286  2386 I AppsFilter: interaction: PackageSetting{35fa3b com.prodix.proconnect/10410} -> PackageSetting{fd32488 com.mediatek.wifi.system.mainline.resources.overlay/10117} force queryable
03-14 12:55:38.219  2286  2386 I AppsFilter: interaction: PackageSetting{35fa3b com.prodix.proconnect/10410} -> PackageSetting{1c942f0 com.oplus.keyguard.clock.base/10323} force queryable
03-14 12:55:38.219  2286  2386 I AppsFilter: interaction: PackageSetting{35fa3b com.prodix.proconnect/10410} -> PackageSetting{a4772cf com.google.android.modulemetadata/10133} force queryable
03-14 12:55:38.219  2286  2386 I AppsFilter: interaction: PackageSetting{35fa3b com.prodix.proconnect/10410} -> PackageSetting{be865a9 com.google.android.apps.docs/10290} queries component
03-14 12:55:38.219  2286  2386 I AppsFilter: interaction: PackageSetting{35fa3b com.prodix.proconnect/10410} -> PackageSetting{b382e21 com.mediatek.zramwritebackoverlay/10063} force queryable
03-14 12:55:38.220  2286  2386 I AppsFilter: interaction: PackageSetting{35fa3b com.prodix.proconnect/10410} -> PackageSetting{a07fa6d com.oplus.nwestimate/10371} force queryable
03-14 12:55:38.220  2286  2386 I AppsFilter: interaction: PackageSetting{35fa3b com.prodix.proconnect/10410} -> PackageSetting{3448284 com.daemon.shelper/10126} force queryable
03-14 12:55:38.220  2286  2386 I AppsFilter: interaction: PackageSetting{35fa3b com.prodix.proconnect/10410} -> PackageSetting{3b25097 com.oplus.sense.netprediction/10367} force queryable
03-14 12:55:38.220  2286  2386 I AppsFilter: interaction: PackageSetting{35fa3b com.prodix.proconnect/10410} -> PackageSetting{eb0f16 com.oplus.virtualcomm2/10364} force queryable
03-14 12:55:38.220  2286  2386 I AppsFilter: interaction: PackageSetting{35fa3b com.prodix.proconnect/10410} -> PackageSetting{a0b49b5 com.fido.asm/10205} force queryable
03-14 12:55:38.220  2286  2386 I AppsFilter: interaction: PackageSetting{35fa3b com.prodix.proconnect/10410} -> PackageSetting{ca1cb18 com.google.android.apps.wellbeing/10104} force queryable
03-14 12:55:38.220  2286  2386 I AppsFilter: interaction: PackageSetting{35fa3b com.prodix.proconnect/10410} -> PackageSetting{37fe246 com.google.android.overlay.modules.ext.services/10029} force queryable
03-14 12:55:38.220  2286  2386 I AppsFilter: interaction: PackageSetting{35fa3b com.prodix.proconnect/10410} -> PackageSetting{df37cf2 com.oplus.eyeprotect/10214} force queryable
03-14 12:55:38.220  2286  2386 I AppsFilter: interaction: PackageSetting{35fa3b com.prodix.proconnect/10410} -> PackageSetting{81c17fd com.android.oemextensions/10083} force queryable
03-14 12:55:38.220  2286  2386 I AppsFilter: interaction: PackageSetting{35fa3b com.prodix.proconnect/10410} -> PackageSetting{5675c54 com.oplus.sense.netscore/10369} force queryable
03-14 12:55:38.220  2286  2386 I AppsFilter: interaction: PackageSetting{35fa3b com.prodix.proconnect/10410} -> PackageSetting{b42fa7 com.android.sharedstoragebackup/10073} force queryable
03-14 12:55:38.220  2286  2386 I AppsFilter: interaction: PackageSetting{35fa3b com.prodix.proconnect/10410} -> PackageSetting{cfbc066 com.mediatek.miravision.ui/10211} force queryable
03-14 12:55:38.220  2286  2386 I AppsFilter: interaction: PackageSetting{35fa3b com.prodix.proconnect/10410} -> PackageSetting{31e30c1 com.oplus.cell.map/10374} force queryable
03-14 12:55:38.220  2286  2386 I AppsFilter: interaction: PackageSetting{35fa3b com.prodix.proconnect/10410} -> PackageSetting{79b0da8 com.google.android.setupwizard/10228} queries component
03-14 12:55:38.220  2286  2386 I AppsFilter: interaction: PackageSetting{35fa3b com.prodix.proconnect/10410} -> PackageSetting{c88dc07 com.android.carrierconfig.oplus.overlay/10035} force queryable
03-14 12:55:38.220  2286  2386 I AppsFilter: interaction: PackageSetting{35fa3b com.prodix.proconnect/10410} -> PackageSetting{9541cb com.oplus.tai.borderpresearch/10372} force queryable
03-14 12:55:38.220  2286  2386 I AppsFilter: interaction: PackageSetting{35fa3b com.prodix.proconnect/10410} -> PackageSetting{596f27e com.google.android.permissioncontroller/10281} force queryable
03-14 12:55:38.220  2286  2386 I AppsFilter: interaction: PackageSetting{35fa3b com.prodix.proconnect/10410} -> PackageSetting{72f49a com.android.systemui.accessibility.accessibilitymenu/10188} force queryable
03-14 12:55:38.220  2286  2386 I AppsFilter: interaction: PackageSetting{35fa3b com.prodix.proconnect/10410} -> PackageSetting{dba0134 com.android.systemui.overlay.fingerprint.anim.huanying/10235} force queryable
03-14 12:55:38.220  2286  2386 I AppsFilter: interaction: PackageSetting{35fa3b com.prodix.proconnect/10410} -> PackageSetting{6c88b5d com.google.android.cellbroadcastservice.overlay/10010} force queryable
03-14 12:55:38.220  2286  2386 I AppsFilter: interaction: PackageSetting{35fa3b com.prodix.proconnect/10410} -> PackageSetting{fa58545 com.debug.loggerui/10204} force queryable
03-14 12:55:38.221  2286  2386 I AppsFilter: interaction: PackageSetting{35fa3b com.prodix.proconnect/10410} -> PackageSetting{4c7dcd2 com.mediatek.frameworkresoverlay/10056} force queryable
03-14 12:55:38.221  2286  2386 I AppsFilter: interaction: PackageSetting{35fa3b com.prodix.proconnect/10410} -> PackageSetting{ef891bc com.android.settings.intelligence/10198} force queryable
03-14 12:55:38.221  2286  2386 I AppsFilter: interaction: PackageSetting{35fa3b com.prodix.proconnect/10410} -> PackageSetting{5078d8e com.android.statementservice/10076} force queryable
03-14 12:55:38.221  2286  2386 I AppsFilter: interaction: PackageSetting{35fa3b com.prodix.proconnect/10410} -> PackageSetting{acd31a3 com.google.android.cellbroadcastreceiver.overlay/10009} force queryable
03-14 12:55:38.221  2286  2386 I AppsFilter: interaction: PackageSetting{35fa3b com.prodix.proconnect/10410} -> PackageSetting{4e43c90 com.android.backupconfirm/10065} force queryable
03-14 12:55:38.221  2286  2386 I AppsFilter: interaction: PackageSetting{35fa3b com.prodix.proconnect/10410} -> PackageSetting{7a34a0 com.android.mtp/10066} force queryable
03-14 12:55:38.221  2286  2386 I AppsFilter: interaction: PackageSetting{35fa3b com.prodix.proconnect/10410} -> PackageSetting{24eb18d com.android.egg/10086} force queryable
03-14 12:55:38.221  2286  2386 I AppsFilter: interaction: PackageSetting{35fa3b com.prodix.proconnect/10410} -> PackageSetting{c2497e8 com.google.android.sdksandbox/10272} force queryable
03-14 12:55:38.221  2286  2386 I AppsFilter: interaction: PackageSetting{35fa3b com.prodix.proconnect/10410} -> PackageSetting{7652224 com.oplus.pantanal.ums/10303} force queryable
03-14 12:55:38.221  2286  2386 I AppsFilter: interaction: PackageSetting{35fa3b com.prodix.proconnect/10410} -> PackageSetting{1b92ab7 com.oplus.keyguard.personality.clocks/10366} force queryable
03-14 12:55:38.221  2286  2386 I AppsFilter: interaction: PackageSetting{35fa3b com.prodix.proconnect/10410} -> PackageSetting{4fa7db6 com.oplus.systemui.plugins/10329} force queryable
03-14 12:55:38.221  2286  2386 I AppsFilter: interaction: PackageSetting{35fa3b com.prodix.proconnect/10410} -> PackageSetting{63d8e85 com.google.android.marvin.talkback/10162} force queryable
03-14 12:55:38.221  2286  2386 I AppsFilter: interaction: PackageSetting{35fa3b com.prodix.proconnect/10410} -> PackageSetting{95abdb com.android.carrierconfig/10189} force queryable
03-14 12:55:38.221  2286  2386 I AppsFilter: interaction: PackageSetting{35fa3b com.prodix.proconnect/10410} -> PackageSetting{58ffca0 com.oplus.framework_bluetooth.overlay/10008} force queryable
03-14 12:55:38.221  2286  2386 I AppsFilter: interaction: PackageSetting{35fa3b com.prodix.proconnect/10410} -> PackageSetting{7897cea com.android.certinstaller/10207} force queryable
03-14 12:55:38.221  2286  2386 I AppsFilter: interaction: PackageSetting{35fa3b com.prodix.proconnect/10410} -> PackageSetting{1078059 com.android.networkstack.overlay/10090} force queryable
03-14 12:55:38.221  2286  2386 I AppsFilter: interaction: PackageSetting{35fa3b com.prodix.proconnect/10410} -> PackageSetting{28ad8c com.oplus.cellularqoe/10376} force queryable
03-14 12:55:38.222  2286  2386 I AppsFilter: interaction: PackageSetting{35fa3b com.prodix.proconnect/10410} -> PackageSetting{2bf30de com.microsoftsdk.crossdeviceservicebroker/10082} force queryable
03-14 12:55:38.222  2286  2386 I AppsFilter: interaction: PackageSetting{35fa3b com.prodix.proconnect/10410} -> PackageSetting{66ed0ef com.google.android.adservices.api/10271} force queryable
03-14 12:55:38.222  2286  2386 I AppsFilter: interaction: PackageSetting{35fa3b com.prodix.proconnect/10410} -> PackageSetting{495cd92 com.android.pacprocessor/10084} force queryable
03-14 12:55:38.222  2286  2386 I AppsFilter: interaction: PackageSetting{35fa3b com.prodix.proconnect/10410} -> PackageSetting{eb279ce com.android.vending/10110} force queryable
03-14 12:55:38.222  2286  2386 I AppsFilter: interaction: PackageSetting{35fa3b com.prodix.proconnect/10410} -> PackageSetting{ff0b934 com.android.providers.downloads.ui/10066} force queryable
03-14 12:55:38.222  2286  2386 I AppsFilter: interaction: PackageSetting{35fa3b com.prodix.proconnect/10410} -> PackageSetting{f8241c7 com.android.avatarpicker/10360} force queryable
03-14 12:55:38.222  2286  2386 I AppsFilter: interaction: PackageSetting{35fa3b com.prodix.proconnect/10410} -> PackageSetting{5d82de1 com.oplus.keyguard.clock.gallery/10324} force queryable
03-14 12:55:38.222  2286  2386 I AppsFilter: interaction: PackageSetting{35fa3b com.prodix.proconnect/10410} -> PackageSetting{d0bd2cd com.google.android.providers.media.module/10274} force queryable
03-14 12:55:38.222  2286  2386 I AppsFilter: interaction: PackageSetting{35fa3b com.prodix.proconnect/10410} -> PackageSetting{a5a513a com.oplus.rom/10144} force queryable
03-14 12:55:38.222  2286  2386 I AppsFilter: interaction: PackageSetting{35fa3b com.prodix.proconnect/10410} -> PackageSetting{993f065 com.oplus.ota/10212} force queryable
03-14 12:55:38.222  2286  2386 I AppsFilter: interaction: PackageSetting{35fa3b com.prodix.proconnect/10410} -> PackageSetting{7f355c com.oplus.eid/10203} force queryable
03-14 12:55:38.222  2286  2386 I AppsFilter: interaction: PackageSetting{35fa3b com.prodix.proconnect/10410} -> PackageSetting{722f41e android.frameworkres.overlay.display.product/10051} force queryable
03-14 12:55:38.222  2286  2386 I AppsFilter: interaction: PackageSetting{35fa3b com.prodix.proconnect/10410} -> PackageSetting{d7744ff com.android.networkstack.inprocess.overlay/10091} force queryable
03-14 12:55:38.222  2286  2386 I AppsFilter: interaction: PackageSetting{35fa3b com.prodix.proconnect/10410} -> PackageSetting{f0842cc com.android.bluetooth.oplus.overlay/10007} force queryable
03-14 12:55:38.222  2286  2386 I AppsFilter: interaction: PackageSetting{35fa3b com.prodix.proconnect/10410} -> PackageSetting{4f90b8 com.openai.chatgpt/10356} queries component
03-14 12:55:38.222  2286  2386 I AppsFilter: interaction: PackageSetting{35fa3b com.prodix.proconnect/10410} -> PackageSetting{8fd8773 com.oplus.deepthinker/10193} force queryable
03-14 12:55:38.222  2286  2386 I AppsFilter: interaction: PackageSetting{35fa3b com.prodix.proconnect/10410} -> PackageSetting{a6c915 com.mediatek.cellbroadcastuiresoverlay/10058} force queryable
03-14 12:55:38.222  2286  2386 I AppsFilter: interaction: PackageSetting{35fa3b com.prodix.proconnect/10410} -> PackageSetting{386342a com.android.camerabigballconfig.overlay/10197} force queryable
03-14 12:55:38.222  2286  2386 I AppsFilter: interaction: PackageSetting{35fa3b com.prodix.proconnect/10410} -> PackageSetting{685321b com.google.android.networkstack.tethering.overlay/10093} force queryable
03-14 12:55:38.222  2286  2386 I AppsFilter: interaction: PackageSetting{35fa3b com.prodix.proconnect/10410} -> PackageSetting{7dcbfb8 com.android.systemui.overlay.fingerprint.anim.xklc/10047} force queryable
03-14 12:55:38.222  2286  2386 I AppsFilter: interaction: PackageSetting{35fa3b com.prodix.proconnect/10410} -> PackageSetting{bb7e191 com.android.systemui.overlay.fingerprint.anim.none/10054} force queryable
03-14 12:55:38.222  2286  2386 I AppsFilter: interaction: PackageSetting{35fa3b com.prodix.proconnect/10410} -> PackageSetting{b2b68f6 com.android.systemui.overlay.fingerprint.anim.jslz/10048} force queryable
03-14 12:55:38.222  2286  2386 I AppsFilter: interaction: PackageSetting{35fa3b com.prodix.proconnect/10410} -> PackageSetting{fbad4f7 com.android.systemui.overlay.fingerprint.anim.halo/10299} force queryable
03-14 12:55:38.223  2286  2386 I AppsFilter: interaction: PackageSetting{35fa3b com.prodix.proconnect/10410} -> PackageSetting{d7a1f64 com.android.systemui.overlay.fingerprint.anim.ccyh/10052} force queryable
03-14 12:55:38.223  2286  2386 I AppsFilter: interaction: PackageSetting{35fa3b com.prodix.proconnect/10410} -> PackageSetting{53ab29c com.android.providers.downloads/10066} force queryable
03-14 12:55:38.223  2286  2386 I AppsFilter: interaction: PackageSetting{35fa3b com.prodix.proconnect/10410} -> PackageSetting{37358ad com.android.companiondevicemanager/10085} force queryable
03-14 12:55:38.223  2286  2386 I AppsFilter: interaction: PackageSetting{35fa3b com.prodix.proconnect/10410} -> PackageSetting{de805cd com.android.safetycenter.resources.overlay/10016} force queryable
03-14 12:55:38.223  2286  2386 I AppsFilter: interaction: PackageSetting{35fa3b com.prodix.proconnect/10410} -> PackageSetting{9074d7 com.android.externalstorage/10068} force queryable
03-14 12:55:38.223  2286  2386 I AppsFilter: interaction: PackageSetting{35fa3b com.prodix.proconnect/10410} -> PackageSetting{71d1e82 com.android.rm.gt.overlay/10043} force queryable
03-14 12:55:38.223  2286  2386 I AppsFilter: interaction: PackageSetting{35fa3b com.prodix.proconnect/10410} -> PackageSetting{13dc993 com.android.wifi.resources.overlay/10062} force queryable
03-14 12:55:38.223  2286  2386 I AppsFilter: interaction: PackageSetting{35fa3b com.prodix.proconnect/10410} -> PackageSetting{56bcdd0 com.android.systemui.oplus.res.overlay/10301} force queryable
03-14 12:55:38.223  2286  2386 I AppsFilter: interaction: PackageSetting{35fa3b com.prodix.proconnect/10410} -> PackageSetting{67c31c9 com.android.networkstack.tethering.inprocess.overlay/10092} force queryable
03-14 12:55:38.223  2286  2386 I AppsFilter: interaction: PackageSetting{35fa3b com.prodix.proconnect/10410} -> PackageSetting{936e2e9 com.android.launcher/10200} force queryable
03-14 12:55:38.223  2286  2386 I AppsFilter: interaction: PackageSetting{35fa3b com.prodix.proconnect/10410} -> PackageSetting{482a0ce com.mediatek.SettingsProviderResOverlay/10060} force queryable
03-14 12:55:38.223  2286  2386 I AppsFilter: interaction: PackageSetting{35fa3b com.prodix.proconnect/10410} -> PackageSetting{959c671 com.oplus.mediacontroller/10217} force queryable
03-14 12:55:38.223  2286  2386 I AppsFilter: interaction: PackageSetting{35fa3b com.prodix.proconnect/10410} -> PackageSetting{bb5ac18 com.oplus.location/10218} force queryable
03-14 12:55:38.223  2286  2386 I AppsFilter: interaction: PackageSetting{35fa3b com.prodix.proconnect/10410} -> PackageSetting{92f06a3 com.google.android.federatedcompute/10285} force queryable
03-14 12:55:38.223  2286  2386 I AppsFilter: interaction: PackageSetting{35fa3b com.prodix.proconnect/10410} -> PackageSetting{a815b46 com.phonepe.app/10310} queries package
03-14 12:55:38.223  2286  2386 I AppsFilter: interaction: PackageSetting{35fa3b com.prodix.proconnect/10410} -> PackageSetting{5f16bef com.android.networkstack.tethering.overlay/10094} force queryable
03-14 12:55:38.223  2286  2386 I AppsFilter: interaction: PackageSetting{35fa3b com.prodix.proconnect/10410} -> PackageSetting{266df22 com.android.providers.media/10066} force queryable
03-14 12:55:38.223  2286  2386 I AppsFilter: interaction: PackageSetting{35fa3b com.prodix.proconnect/10410} -> PackageSetting{87f6fc com.android.systemui.overlay.fingerprint.anim.xw/10049} force queryable
03-14 12:55:38.223  2286  2386 I AppsFilter: interaction: PackageSetting{35fa3b com.prodix.proconnect/10410} -> PackageSetting{a0d2185 com.android.systemui.overlay.fingerprint.anim.tt/10246} force queryable
03-14 12:55:38.223  2286  2386 I AppsFilter: interaction: PackageSetting{35fa3b com.prodix.proconnect/10410} -> PackageSetting{9abfbda com.android.systemui.overlay.fingerprint.anim.sw/10046} force queryable
03-14 12:55:38.223  2286  2386 I AppsFilter: interaction: PackageSetting{35fa3b com.prodix.proconnect/10410} -> PackageSetting{992d80b com.android.systemui.overlay.fingerprint.anim.qy/10297} force queryable
03-14 12:55:38.223  2286  2386 I AppsFilter: interaction: PackageSetting{35fa3b com.prodix.proconnect/10410} -> PackageSetting{4db86e8 com.android.systemui.overlay.fingerprint.anim.kl/10298} force queryable
03-14 12:55:38.223  2286  2386 I AppsFilter: interaction: PackageSetting{35fa3b com.prodix.proconnect/10410} -> PackageSetting{4035101 com.android.systemui.overlay.fingerprint.anim.fy/10044} force queryable
03-14 12:55:38.223  2286  2386 I AppsFilter: interaction: PackageSetting{35fa3b com.prodix.proconnect/10410} -> PackageSetting{f9b8704 com.android.providers.calendar/10187} force queryable
03-14 12:55:38.223  2286  2386 I AppsFilter: interaction: PackageSetting{35fa3b com.prodix.proconnect/10410} -> PackageSetting{13e59a5 com.google.android.googlequicksearchbox/10118} queries component
03-14 12:55:38.223  2286  2386 I AppsFilter: interaction: PackageSetting{35fa3b com.prodix.proconnect/10410} -> PackageSetting{4987b9c com.truecaller/10346} queries component
03-14 12:55:38.223  2286  2386 I AppsFilter: interaction: PackageSetting{35fa3b com.prodix.proconnect/10410} -> PackageSetting{7342c6e com.google.android.ext.services/10286} force queryable
03-14 12:55:38.223  2286  2386 I AppsFilter: interaction: PackageSetting{35fa3b com.prodix.proconnect/10410} -> PackageSetting{c5700ca com.mediatek.rsu/10312} force queryable
03-14 12:55:38.256  2286  2387 D ActivityManager: Async freezing 20822 com.android.settings.intelligence
03-14 12:55:38.260  2286  2387 D ActivityManager: Async freezing 11445 com.google.android.permissioncontroller
03-14 12:55:38.261  2286  2387 D ActivityManager: Async freezing 22115 com.google.android.documentsui
03-14 12:55:38.261  2286  2387 D ActivityManager: Async freezing 22021 com.google.android.apps.wellbeing
03-14 12:55:38.263  2286  2387 D ActivityManager: Async freezing 20861 com.google.android.apps.nbu.paisa.user
03-14 12:55:38.263  2286  2387 D ActivityManager: Async freezing 20836 com.google.android.apps.work.clouddpc
03-14 12:55:38.264  2286  2387 D ActivityManager: Async freezing 21189 com.google.android.projection.gearhead:car
03-14 12:55:38.265  2286  2387 D ActivityManager: Async freezing 19958 com.google.android.gms.ui
03-14 12:55:38.266  2286  2387 D ActivityManager: Async freezing 20511 com.coloros.alarmclock:clockWidget
03-14 12:55:38.266  2286  2387 D ActivityManager: Async freezing 20386 com.oplus.sos
03-14 12:55:38.267  2286  2387 D ActivityManager: Async freezing 20315 com.oplus.themestore
03-14 12:55:38.268  2286  2387 D ActivityManager: Async freezing 20142 com.heytap.cloud
03-14 12:55:38.268  2286  2387 D ActivityManager: Async freezing 20258 com.realme.smartdrive
03-14 12:55:38.268  2286  2387 D ActivityManager: Async freezing 20167 com.oplus.rom
03-14 12:55:38.270  2286  2387 D ActivityManager: Async freezing 20153 com.android.phone:satellite
03-14 12:55:38.271  2286  2387 D ActivityManager: Async freezing 20105 com.coloros.operationManual
03-14 12:55:38.272  2286  2387 D ActivityManager: Async freezing 20055 com.oplus.screenrecorder
03-14 12:55:38.272  2286  2387 D ActivityManager: Async freezing 19930 com.google.android.projection.gearhead:shared
03-14 12:55:38.273  2286  2387 D ActivityManager: Async freezing 19801 com.google.android.projection.gearhead:projection
03-14 12:55:38.274  2286  2387 D ActivityManager: Async freezing 17935 com.google.android.googlequicksearchbox:search
03-14 12:55:38.280  2286  2387 W ProcessStats: Tracking association SourceState{c130e99 com.oppo.quicksearchbox/10236 Service #2385915} whose proc state 8 is better than process ProcessState{f7b9ad8 com.android.settings.intelligence/10198 pkg=com.android.settings.intelligence} proc state 15 (44 skipped)
03-14 12:55:38.347  2286  2944 E ThermalManagerService: No threshold found for shell_skin
03-14 12:55:38.348  2286  2944 E ThermalManagerService: No threshold found for shell_skin
03-14 12:55:38.479  2286  2386 D OplusPackageAbiHelper: notifyPackageAddOrChange :com.prodix.proconnect primaryabi = arm64-v8a secondabi = null
03-14 12:55:38.483  2286  2286 W Looper  : Slow dispatch took 246ms main app=system_server main=true group=UNKNOWN h=android.os.Handler c=null m=1
03-14 12:55:38.489  2286  2286 W Looper  : Slow delivery took 247ms main app=system_server main=true group=UNKNOWN h=android.os.Handler c=null m=1
03-14 12:55:38.489  2286  2318 E AppOps  : Trying to set mode for unknown uid 10410.
03-14 12:55:38.489  2286  2318 V StorageManagerService: Package null does not have legacy storage
03-14 12:55:38.552  2286  2386 D BackupManagerService: [UserID:0] restoreAtInstall pkg=com.prodix.proconnect token=bb restoreSet=0
03-14 12:55:38.553  2286  2386 D BackupManagerService: [UserID:0] Finishing install immediately
03-14 12:55:38.553  2286  2386 D PackageManagerServiceUtilsExtImpl: svc is empty, not 64-bit platform
03-14 12:55:38.554  2286  2386 D ActivityManager: Cancel freezing 19958 com.google.android.gms.ui
03-14 12:55:38.555  2286  2386 D ActivityManager: pid 19958 com.google.android.gms.ui received async transactions while frozen
03-14 12:55:38.555  2286  2386 D ActivityManager: sync unfroze 19958 com.google.android.gms.ui for 10
03-14 12:55:38.557  2286  2473 E JobScheduler.Background: Couldn't determine stopped state for unknown package: com.microsoft.appmanager
03-14 12:55:38.560  2286  2345 E OplusDexOptimizeManager: Start app fature is off
03-14 12:55:38.560  2286  2345 E OplusDexOptimizeManager: Start app fature is off
03-14 12:55:38.564 19958 20494 W Looper  : Slow delivery took 31335ms android.bg app=com.google.android.gms.ui main=false group=BACKGROUND h=android.database.sqlite.SQLiteConnectionPool$IdleConnectionHandler c=null m=0
03-14 12:55:38.572  2286  2488 D ActivityManager: Freezer deadlock watchdog
03-14 12:55:38.598  2286  2286 D HealthConnectTrackerManagerImpl: No packages eligible for step tracking. Aborting initialization.
03-14 12:55:38.601  2286  2286 D HealthConnectTrackerManagerImpl: No packages eligible for step tracking. Aborting initialization.
03-14 12:55:38.604  2286  2286 D HealthConnectTrackerManagerImpl: No packages eligible for step tracking. Aborting initialization.
03-14 12:55:38.670  2286  2386 I PackageManager: installation completed for package:com.prodix.proconnect. Final code path: /data/app/~~-gL27UMCICJrhq12k9TpNQ==/com.prodix.proconnect-Yfn7Bwpl7d7i3l3NRIANiQ==
03-14 12:55:38.686  2286  2286 W Looper  : Drained
03-14 12:55:38.719  2286  2386 I AppsFilter: interaction: PackageSetting{a917dab com.android.microdroid.empty_payload/10265} -> PackageSetting{e6c1faf com.prodix.proconnect/10410} BLOCKED
03-14 12:55:38.719  2286  2386 I AppsFilter: interaction: PackageSetting{b577fa1 com.oplus.locationproxy/10169} -> PackageSetting{e6c1faf com.prodix.proconnect/10410} BLOCKED
03-14 12:55:38.719  2286  2386 I AppsFilter: interaction: PackageSetting{4aa95c6 com.android.certinstaller/10207} -> PackageSetting{e6c1faf com.prodix.proconnect/10410} BLOCKED
03-14 12:55:38.720  2286  2386 I AppsFilter: interaction: PackageSetting{3684987 com.oplus.location/10218} -> PackageSetting{e6c1faf com.prodix.proconnect/10410} BLOCKED
03-14 12:55:38.725  2286  2679 D BackgroundInstallControlService: Package event received: 1
03-14 12:55:38.726  2286  2790 D OAppNetControlService: Close socket:[10405] cause:App bg(IMMEDIATELY) success!
03-14 12:55:38.726  2286  2790 D OAppNetControlService: Hans update:[10405=true][0|0] blackList:[10292, 10150, 10389, 10345, 10135, 10186, 10403, 10388, 10353, 10290, 10405]
03-14 12:55:38.745  2286  2386 D OplusOsPackageManager: addPkgToNotLaunchedList com.prodix.proconnect
03-14 12:55:38.779  2286  2456 E OplusDexOptimizeManager: Start app fature is off
03-14 12:55:38.805  2286  2386 D PackageInstallerSessionExtImpl: recordSotaAppResult stagedSession is null
03-14 12:55:38.805  2286  2386 D PackageInstallerSession: Marking session 1128011497 as applied
03-14 12:55:38.805  2286  2386 D InstallerExtImpl: Avoid to hold lock when rmPackageDir
03-14 12:55:38.813  2286  2386 D OplusInstallAccelerateManager: stopAccelerate()
03-14 12:55:38.813  2286  2345 E OplusDexOptimizeManager: Start app fature is off
03-14 12:55:38.816  2286  2386 D OplusInstallAccelerateManager: operateCpuBouncingIfNeeded()
03-14 12:55:38.816  2286  2386 D OplusInstallAccelerateManager: originatingPackageName = unknown
03-14 12:55:38.816  2286  2386 D OplusInstallAccelerateManager: initiatingPackageName = com.android.shell
03-14 12:55:38.816  2286  2386 D OplusInstallAccelerateManager: installerPackageName = unknown
03-14 12:55:38.816  2286  2451 D InstallDependencyHelper: Session complete for 1128011497
03-14 12:55:38.817  2286  2382 D OplusInstallAccelerateManager: handleMessage(1000)
03-14 12:55:38.819  2286  2382 D OplusInstallAccelerateManager: recoveryCpuBouncingIfNeeded(1128011497, false)
03-14 12:55:38.820  2286  2382 D OplusInstallAccelerateManager: remove message 1128011497
03-14 12:55:38.820  2286  2382 D OplusInstallAccelerateManager: recoveryCpuBouncing()
03-14 12:55:38.831  2286  3284 I NativeFreezeManager: Get dex2oat pid more than 3 times
03-14 12:55:38.873  2286  2386 D PackageManager: Not in white list, Remove result's package name: com.oplus.stdsp
03-14 12:55:39.058  2286  2318 D LauncherAppsService: onPackageAdded, packageName: com.prodix.proconnect/UserHandle{0} uid: 10410 notify to: com.android.launcher
03-14 12:55:39.059  2286  2318 D LauncherAppsService: onPackageAdded, packageName: com.prodix.proconnect/UserHandle{0} uid: 10410 notify to: com.oppo.quicksearchbox
03-14 12:55:39.059  2286  2318 D LauncherAppsService: onPackageAdded, packageName: com.prodix.proconnect/UserHandle{0} uid: 10410 notify to: com.android.systemui
03-14 12:55:39.059  2286  2318 W PackageManager: Failed registering loading progress callback. Package is fully loaded.
